Component: ARM Compiler 5.06 update 2 (build 183) Tool: armlink [4d35b7]

==============================================================================

Section Cross References

    main.o(i.Mac_Addr_Set) refers to app_error.o(i.app_error_handler_bare) for app_error_handler_bare
    main.o(i.Send_Notify) refers to app_error.o(i.app_error_handler_bare) for app_error_handler_bare
    main.o(i.Send_Notify) refers to main.o(.bss) for m_nus
    main.o(i.advertising_init) refers to memseta.o(.text) for __aeabi_memclr4
    main.o(i.advertising_init) refers to memcpya.o(.text) for __aeabi_memcpy4
    main.o(i.advertising_init) refers to ble_athandler.o(i.get_mac_addr) for get_mac_addr
    main.o(i.advertising_init) refers to ble_advertising.o(i.ble_advertising_init) for ble_advertising_init
    main.o(i.advertising_init) refers to app_error.o(i.app_error_handler_bare) for app_error_handler_bare
    main.o(i.advertising_init) refers to ble_advertising.o(i.ble_advertising_conn_cfg_tag_set) for ble_advertising_conn_cfg_tag_set
    main.o(i.advertising_init) refers to main.o(.constdata) for .constdata
    main.o(i.advertising_init) refers to main.o(.data) for m_adv_uuids
    main.o(i.advertising_init) refers to ble_athandler.o(.bss) for at_com_data
    main.o(i.advertising_init) refers to main.o(.bss) for m_advertising
    main.o(i.app_uart_handle_ATCommand) refers to memseta.o(.text) for __aeabi_memclr
    main.o(i.app_uart_handle_ATCommand) refers to lrd_at.o(i.La_atCheck) for La_atCheck
    main.o(i.app_uart_handle_ATCommand) refers to main.o(.bss) for uart_data_recv
    main.o(i.app_uart_handle_ATCommand) refers to main.o(.data) for PowerUp_uart_rec
    main.o(i.app_uart_handle_data) refers to app_timer.o(i.app_timer_stop) for app_timer_stop
    main.o(i.app_uart_handle_data) refers to main.o(i.uart_receive_timer_start) for uart_receive_timer_start
    main.o(i.app_uart_handle_data) refers to het_open_platform.o(i.Sender_SetData) for Sender_SetData
    main.o(i.app_uart_handle_data) refers to main.o(.constdata) for m_uart_receive_id
    main.o(i.app_uart_handle_data) refers to main.o(.bss) for OP_uart_data
    main.o(i.app_uart_open) refers to memcpya.o(.text) for __aeabi_memcpy4
    main.o(i.app_uart_open) refers to app_uart_fifo.o(i.app_uart_init) for app_uart_init
    main.o(i.app_uart_open) refers to app_error.o(i.app_error_handler_bare) for app_error_handler_bare
    main.o(i.app_uart_open) refers to main.o(.constdata) for .constdata
    main.o(i.app_uart_open) refers to main.o(.bss) for rx_buf
    main.o(i.app_uart_open) refers to main.o(i.uart_event_handle) for uart_event_handle
    main.o(i.assert_nrf_callback) refers to app_error.o(i.app_error_handler) for app_error_handler
    main.o(i.ble_evt_handler) refers to app_error.o(i.app_error_handler_bare) for app_error_handler_bare
    main.o(i.ble_evt_handler) refers to memcpya.o(.text) for __aeabi_memcpy
    main.o(i.ble_evt_handler) refers to main.o(.data) for m_conn_handle
    main.o(i.ble_stack_init) refers to nrf_sdh.o(i.nrf_sdh_enable_request) for nrf_sdh_enable_request
    main.o(i.ble_stack_init) refers to app_error.o(i.app_error_handler_bare) for app_error_handler_bare
    main.o(i.ble_stack_init) refers to nrf_sdh_ble.o(i.nrf_sdh_ble_default_cfg_set) for nrf_sdh_ble_default_cfg_set
    main.o(i.ble_stack_init) refers to nrf_sdh_ble.o(i.nrf_sdh_ble_enable) for nrf_sdh_ble_enable
    main.o(i.bsp_event_handler) refers to main.o(i.nrf_gpio_pin_set) for nrf_gpio_pin_set
    main.o(i.bsp_event_handler) refers to main.o(i.wake_up_reply_timer_start) for wake_up_reply_timer_start
    main.o(i.bsp_event_handler) refers to ble_advertising.o(i.ble_advertising_start) for ble_advertising_start
    main.o(i.bsp_event_handler) refers to app_error.o(i.app_error_handler_bare) for app_error_handler_bare
    main.o(i.bsp_event_handler) refers to main.o(.data) for uart_status
    main.o(i.bsp_event_handler) refers to main.o(.bss) for m_advertising
    main.o(i.button_init) refers to bsp.o(i.bsp_init) for bsp_init
    main.o(i.button_init) refers to app_error.o(i.app_error_handler_bare) for app_error_handler_bare
    main.o(i.button_init) refers to main.o(i.uart_buttons_configure) for uart_buttons_configure
    main.o(i.button_init) refers to main.o(i.bsp_event_handler) for bsp_event_handler
    main.o(i.conn_params_error_handler) refers to app_error.o(i.app_error_handler_bare) for app_error_handler_bare
    main.o(i.conn_params_init) refers to memseta.o(.text) for __aeabi_memclr4
    main.o(i.conn_params_init) refers to ble_conn_params.o(i.ble_conn_params_init) for ble_conn_params_init
    main.o(i.conn_params_init) refers to app_error.o(i.app_error_handler_bare) for app_error_handler_bare
    main.o(i.conn_params_init) refers to main.o(i.on_conn_params_evt) for on_conn_params_evt
    main.o(i.conn_params_init) refers to main.o(i.conn_params_error_handler) for conn_params_error_handler
[...]
    nrf_ble_gatt_on_ble_evt                  0x0001ec55   Thumb Code   202  nrf_ble_gatt.o(i.nrf_ble_gatt_on_ble_evt)
    nrf_drv_clock_init                       0x0001ef5d   Thumb Code    94  nrf_drv_clock.o(i.nrf_drv_clock_init)
    nrf_drv_clock_lfclk_release              0x0001efc5   Thumb Code    42  nrf_drv_clock.o(i.nrf_drv_clock_lfclk_release)
    nrf_drv_common_irq_enable                0x0001eff5   Thumb Code    84  nrf_drv_common.o(i.nrf_drv_common_irq_enable)
    nrf_drv_gpiote_in_event_enable           0x0001f061   Thumb Code   164  nrf_drv_gpiote.o(i.nrf_drv_gpiote_in_event_enable)
    nrf_drv_gpiote_in_init                   0x0001f10d   Thumb Code   206  nrf_drv_gpiote.o(i.nrf_drv_gpiote_in_init)
    nrf_drv_gpiote_in_is_set                 0x0001f1e9   Thumb Code    20  nrf_drv_gpiote.o(i.nrf_drv_gpiote_in_is_set)
    nrf_drv_gpiote_init                      0x0001f1fd   Thumb Code    90  nrf_drv_gpiote.o(i.nrf_drv_gpiote_init)
    nrf_drv_gpiote_is_init                   0x0001f25d   Thumb Code    16  nrf_drv_gpiote.o(i.nrf_drv_gpiote_is_init)
    nrf_drv_uart_init                        0x0001f285   Thumb Code   162  nrf_drv_uart.o(i.nrf_drv_uart_init)
    nrf_drv_uart_rx                          0x0001f331   Thumb Code   128  nrf_drv_uart.o(i.nrf_drv_uart_rx)
    nrf_drv_uart_rx_enable                   0x0001f3b5   Thumb Code     2  nrf_drv_uart.o(i.nrf_drv_uart_rx_enable)
    nrf_drv_uart_tx                          0x0001f489   Thumb Code    70  nrf_drv_uart.o(i.nrf_drv_uart_tx)
    nrf_drv_uart_tx_in_progress              0x0001f555   Thumb Code    26  nrf_drv_uart.o(i.nrf_drv_uart_tx_in_progress)
    nrf_fprintf                              0x0001f575   Thumb Code    42  nrf_fprintf.o(i.nrf_fprintf)
    nrf_fprintf_buffer_flush                 0x0001f59f   Thumb Code    28  nrf_fprintf.o(i.nrf_fprintf_buffer_flush)
    nrf_fprintf_fmt                          0x0001f5bb   Thumb Code   496  nrf_fprintf_format.o(i.nrf_fprintf_fmt)
    nrf_fstorage_erase                       0x0001f7ab   Thumb Code    84  nrf_fstorage.o(i.nrf_fstorage_erase)
    nrf_fstorage_init                        0x0001f7ff   Thumb Code    30  nrf_fstorage.o(i.nrf_fstorage_init)
    nrf_fstorage_is_busy                     0x0001f81d   Thumb Code    74  nrf_fstorage.o(i.nrf_fstorage_is_busy)
    nrf_fstorage_read                        0x0001f871   Thumb Code    78  nrf_fstorage.o(i.nrf_fstorage_read)
    nrf_fstorage_sdh_req_handler             0x0001f8c1   Thumb Code    22  nrf_fstorage_sd.o(i.nrf_fstorage_sdh_req_handler)
    nrf_fstorage_sdh_state_handler           0x0001f8dd   Thumb Code    40  nrf_fstorage_sd.o(i.nrf_fstorage_sdh_state_handler)
    nrf_fstorage_sys_evt_handler             0x0001f909   Thumb Code   116  nrf_fstorage_sd.o(i.nrf_fstorage_sys_evt_handler)
    nrf_fstorage_write                       0x0001f985   Thumb Code   108  nrf_fstorage.o(i.nrf_fstorage_write)
    nrf_log_backend_add                      0x0001fce1   Thumb Code    68  nrf_log_frontend.o(i.nrf_log_backend_add)
    nrf_log_backend_rtt_init                 0x0001fd2b   Thumb Code     8  nrf_log_backend_rtt.o(i.nrf_log_backend_rtt_init)
    nrf_log_backend_serial_put               0x0001fd55   Thumb Code   254  nrf_log_backend_serial.o(i.nrf_log_backend_serial_put)
    nrf_log_color_id_get                     0x0001fe55   Thumb Code    52  nrf_log_frontend.o(i.nrf_log_color_id_get)
    nrf_log_default_backends_init            0x0001fe8d   Thumb Code    32  nrf_log_default_backends.o(i.nrf_log_default_backends_init)
    nrf_log_frontend_dequeue                 0x0001feb1   Thumb Code   696  nrf_log_frontend.o(i.nrf_log_frontend_dequeue)
    nrf_log_frontend_std_0                   0x00020171   Thumb Code    20  nrf_log_frontend.o(i.nrf_log_frontend_std_0)
    nrf_log_frontend_std_1                   0x00020185   Thumb Code    24  nrf_log_frontend.o(i.nrf_log_frontend_std_1)
    nrf_log_frontend_std_2                   0x0002019d   Thumb Code    32  nrf_log_frontend.o(i.nrf_log_frontend_std_2)
    nrf_log_frontend_std_3                   0x000201bd   Thumb Code    40  nrf_log_frontend.o(i.nrf_log_frontend_std_3)
    nrf_log_hexdump_entry_process            0x000201e5   Thumb Code   158  nrf_log_str_formatter.o(i.nrf_log_hexdump_entry_process)
    nrf_log_init                             0x0002029d   Thumb Code    82  nrf_log_frontend.o(i.nrf_log_init)
    nrf_log_module_cnt_get                   0x00020305   Thumb Code    10  nrf_log_frontend.o(i.nrf_log_module_cnt_get)
    nrf_log_module_name_get                  0x00020319   Thumb Code    30  nrf_log_frontend.o(i.nrf_log_module_name_get)
    nrf_log_panic                            0x0002033d   Thumb Code    46  nrf_log_frontend.o(i.nrf_log_panic)
    nrf_log_std_entry_process                0x00020371   Thumb Code   200  nrf_log_str_formatter.o(i.nrf_log_std_entry_process)
    nrf_memobj_alloc                         0x00020439   Thumb Code   122  nrf_memobj.o(i.nrf_memobj_alloc)
    nrf_memobj_free                          0x000204b3   Thumb Code    64  nrf_memobj.o(i.nrf_memobj_free)
    nrf_memobj_get                           0x000204f3   Thumb Code    30  nrf_memobj.o(i.nrf_memobj_get)
    nrf_memobj_pool_init                     0x00020511   Thumb Code    12  nrf_memobj.o(i.nrf_memobj_pool_init)
    nrf_memobj_put                           0x0002051d   Thumb Code    48  nrf_memobj.o(i.nrf_memobj_put)
    nrf_memobj_read                          0x0002054d   Thumb Code    28  nrf_memobj.o(i.nrf_memobj_read)
    nrf_memobj_write                         0x00020569   Thumb Code    28  nrf_memobj.o(i.nrf_memobj_write)
    nrf_pwr_mgmt_shutdown                    0x0002059d   Thumb Code   100  nrf_pwr_mgmt.o(i.nrf_pwr_mgmt_shutdown)
    nrf_sdh_ble_app_ram_start_get            0x0002060d   Thumb Code    18  nrf_sdh_ble.o(i.nrf_sdh_ble_app_ram_start_get)
    nrf_sdh_ble_default_cfg_set              0x00020625   Thumb Code   346  nrf_sdh_ble.o(i.nrf_sdh_ble_default_cfg_set)
    nrf_sdh_ble_enable                       0x0002079d   Thumb Code   100  nrf_sdh_ble.o(i.nrf_sdh_ble_enable)
    nrf_sdh_disable_request                  0x000208dd   Thumb Code    70  nrf_sdh.o(i.nrf_sdh_disable_request)
    nrf_sdh_enable_request                   0x0002092d   Thumb Code    92  nrf_sdh.o(i.nrf_sdh_enable_request)
    nrf_sdh_evts_poll                        0x0002099d   Thumb Code    44  nrf_sdh.o(i.nrf_sdh_evts_poll)
    nrf_sdh_is_enabled                       0x000209cd   Thumb Code     6  nrf_sdh.o(i.nrf_sdh_is_enabled)
    nrf_sdh_request_continue                 0x000209d9   Thumb Code    30  nrf_sdh.o(i.nrf_sdh_request_continue)
    nrf_section_iter_init                    0x00020a5b   Thumb Code    20  nrf_section_iter.o(i.nrf_section_iter_init)
    nrf_section_iter_next                    0x00020a9d   Thumb Code    46  nrf_section_iter.o(i.nrf_section_iter_next)
    nrf_strerror_find                        0x00020acd   Thumb Code    60  nrf_strerror.o(i.nrf_strerror_find)
    nrf_strerror_get                         0x00020b0d   Thumb Code    22  nrf_strerror.o(i.nrf_strerror_get)
    power_manage                             0x00021409   Thumb Code    26  main.o(i.power_manage)
    read_clear_data                          0x00021785   Thumb Code    16  at_comhandler.o(i.read_clear_data)
    saveAdvInterval                          0x00021a39   Thumb Code    32  at_comhandler.o(i.saveAdvInterval)
    saveConnInterval                         0x00021a65   Thumb Code    40  at_comhandler.o(i.saveConnInterval)
    saveDeviceName                           0x00021a99   Thumb Code    68  at_comhandler.o(i.saveDeviceName)
    saveTxPower                              0x00021ae9   Thumb Code    32  at_comhandler.o(i.saveTxPower)
    saveUartConfig                           0x00021b15   Thumb Code    50  at_comhandler.o(i.saveUartConfig)
    saveUartDelayTime                        0x00021b55   Thumb Code    32  at_comhandler.o(i.saveUartDelayTime)
    sdk_mapped_flags_bulk_update_by_key      0x00021d9d   Thumb Code   124  sdk_mapped_flags.o(i.sdk_mapped_flags_bulk_update_by_key)
    sdk_mapped_flags_first_key_index_get     0x00021e19   Thumb Code    36  sdk_mapped_flags.o(i.sdk_mapped_flags_first_key_index_get)
    sdk_mapped_flags_key_list_get            0x00021e4f   Thumb Code    66  sdk_mapped_flags.o(i.sdk_mapped_flags_key_list_get)
    sdk_mapped_flags_update_by_key           0x00021e91   Thumb Code    26  sdk_mapped_flags.o(i.sdk_mapped_flags_update_by_key)
    send_data_to_mcu_timer_init              0x00021ead   Thumb Code    14  main.o(i.send_data_to_mcu_timer_init)
    send_data_to_mcu_timer_start             0x00021ec5   Thumb Code    18  main.o(i.send_data_to_mcu_timer_start)
    set_tx_power                             0x00022159   Thumb Code   106  main.o(i.set_tx_power)
    uart_error_handle                        0x00022a83   Thumb Code    38  dtm_app.o(i.uart_error_handle)
    uart_event_handle                        0x00022aa9   Thumb Code    92  main.o(i.uart_event_handle)
    uart_init                                0x00022be9   Thumb Code   244  main.o(i.uart_init)
    uart_put_string                          0x00022cfd   Thumb Code    24  ble_athandler.o(i.uart_put_string)
    uart_receive_timer_init                  0x00022d41   Thumb Code    14  main.o(i.uart_receive_timer_init)
    uart_receive_timer_start                 0x00022d59   Thumb Code    18  main.o(i.uart_receive_timer_start)
    wait_for_flash_ready                     0x0002317b   Thumb Code    22  at_comhandler.o(i.wait_for_flash_ready)
    wake_up_reply_timer_init                 0x0002319d   Thumb Code    14  main.o(i.wake_up_reply_timer_init)
    wake_up_reply_timer_start                0x000231b5   Thumb Code    18  main.o(i.wake_up_reply_timer_start)
    ui_atcmd                                 0x00023304   Data         656  ble_athandler.o(.constdata)
    nrf_fstorage_sd                          0x00023664   Data          32  nrf_fstorage_sd.o(.constdata)
    nrf_log_backend_rtt_api                  0x00023788   Data          12  nrf_log_backend_rtt.o(.constdata)
    m_ram_start                              0x0002382c   Data           4  nrf_sdh_ble.o(.constdata)
    __ctype_table                            0x00023996   Data         129  ctype_o.o(.constdata)
    Region$$Table$$Base                      0x000241d4   Number         0  anon$$obj.o(Region$$Table)
    Region$$Table$$Limit                     0x000241f4   Number         0  anon$$obj.o(Region$$Table)
    log_const_data$$Base                     0x000241f4   Number         0  nrf_ble_gatt.o(log_const_data)
    m_nrf_log_ble_gatt_logs_data_const       0x000241f4   Data           8  nrf_ble_gatt.o(log_const_data)
    m_nrf_log_clock_logs_data_const          0x000241fc   Data           8  nrf_drv_clock.o(log_const_data)
    m_nrf_log_gpiote_logs_data_const         0x00024204   Data           8  nrf_drv_gpiote.o(log_const_data)
    m_nrf_log_uart_logs_data_const           0x0002420c   Data           8  nrf_drv_uart.o(log_const_data)
    m_nrf_log_balloc_logs_data_const         0x00024214   Data           8  nrf_balloc.o(log_const_data)
    m_nrf_log_pwr_mgmt_logs_data_const       0x0002421c   Data           8  nrf_pwr_mgmt.o(log_const_data)
    m_nrf_log_app_logs_data_const            0x00024224   Data           8  nrf_log_frontend.o(log_const_data)
    m_nrf_log_nrf_sdh_logs_data_const        0x0002422c   Data           8  nrf_sdh.o(log_const_data)
    m_nrf_log_nrf_sdh_ble_logs_data_const    0x00024234   Data           8  nrf_sdh_ble.o(log_const_data)
    m_nrf_log_nrf_sdh_soc_logs_data_const    0x0002423c   Data           8  nrf_sdh_soc.o(log_const_data)
    log_const_data$$Limit                    0x00024244   Number         0  nrf_sdh_soc.o(log_const_data)
    sdh_ble_observers0$$Base                 0x00024244   Number         0  ble_conn_state.o(sdh_ble_observers0)
    sdh_ble_observers0$$Limit                0x0002424c   Number         0  ble_conn_state.o(sdh_ble_observers0)
    sdh_ble_observers1$$Base                 0x0002424c   Number         0  main.o(sdh_ble_observers1)
    sdh_ble_observers1$$Limit                0x0002426c   Number         0  bsp_btn_ble.o(sdh_ble_observers1)
    sdh_ble_observers2$$Base                 0x0002426c   Number         0  main.o(sdh_ble_observers2)
    sdh_ble_observers2$$Limit                0x0002427c   Number         0  ble_dfu.o(sdh_ble_observers2)
    sdh_ble_observers3$$Base                 0x0002427c   Number         0  main.o(sdh_ble_observers3)
    m_req_obs                                0x00024284   Data           8  nrf_fstorage_sd.o(sdh_req_observers0)
    sdh_ble_observers3$$Limit                0x00024284   Number         0  main.o(sdh_ble_observers3)
    sdh_req_observers0$$Base                 0x00024284   Number         0  nrf_fstorage_sd.o(sdh_req_observers0)
    sdh_req_observers0$$Limit                0x0002428c   Number         0  nrf_fstorage_sd.o(sdh_req_observers0)
    sdh_soc_observers0$$Base                 0x0002428c   Number         0  nrf_drv_clock.o(sdh_soc_observers0)
    sdh_soc_observers0$$Limit                0x0002429c   Number         0  nrf_fstorage_sd.o(sdh_soc_observers0)
    sdh_soc_observers1$$Base                 0x0002429c   Number         0  main.o(sdh_soc_observers1)
    sdh_soc_observers1$$Limit                0x000242ac   Number         0  ble_dfu_unbonded.o(sdh_soc_observers1)
    sdh_stack_observers0$$Base               0x000242ac   Number         0  nrf_sdh_ble.o(sdh_stack_observers0)
    sdh_stack_observers0$$Limit              0x000242bc   Number         0  nrf_sdh_soc.o(sdh_stack_observers0)
    sdh_state_observers0$$Base               0x000242bc   Number         0  nrf_drv_clock.o(sdh_state_observers0)
    sdh_state_observers0$$Limit              0x000242cc   Number         0  nrf_fstorage_sd.o(sdh_state_observers0)
    Image$$RW_IRAM1$$Base                    0x20002190   Number         0  anon$$obj.o ABSOLUTE
    m_conn_handle                            0x20002190   Data           2  main.o(.data)
    PowerUp_uart_rec                         0x20002198   Data           1  main.o(.data)
    uart_status                              0x20002199   Data           1  main.o(.data)
    fs_event_num                             0x200021a4   Data           1  at_comhandler.o(.data)
    ble_passkey                              0x200021a8   Data           4  ble_athandler.o(.data)
    App_state                                0x200021ad   Data           1  ble_athandler.o(.data)
    mp_dfu                                   0x20002284   Data           4  ble_dfu_unbonded.o(.data)
    __stdout                                 0x200022d4   Data           4  retarget.o(.data)
    __stdin                                  0x200022d8   Data           4  retarget.o(.data)
    cmd_reset                                0x20002337   Data           1  dtm_app.o(.data)
    mac_addr                                 0x20002338   Data           6  dtm_app.o(.data)
    SystemCoreClock                          0x200023ac   Data           4  system_nrf52810.o(.data)
    __microlib_freelist                      0x200023b0   Data           4  mvars.o(.data)
    __microlib_freelist_initialised          0x200023b4   Data           4  mvars.o(.data)
    fs_data$$Base                            0x200023b8   Number         0  at_comhandler.o(fs_data)
    fstorage                                 0x200023b8   Data          20  at_comhandler.o(fs_data)
    fs_data$$Limit                           0x200023cc   Number         0  at_comhandler.o(fs_data)
    log_dynamic_data$$Base                   0x200023cc   Number         0  nrf_ble_gatt.o(log_dynamic_data)
    m_nrf_log_ble_gatt_logs_data_dynamic     0x200023cc   Data          12  nrf_ble_gatt.o(log_dynamic_data)
    m_nrf_log_clock_logs_data_dynamic        0x200023d8   Data          12  nrf_drv_clock.o(log_dynamic_data)
    m_nrf_log_gpiote_logs_data_dynamic       0x200023e4   Data          12  nrf_drv_gpiote.o(log_dynamic_data)
    m_nrf_log_uart_logs_data_dynamic         0x200023f0   Data          12  nrf_drv_uart.o(log_dynamic_data)
    m_nrf_log_balloc_logs_data_dynamic       0x200023fc   Data          12  nrf_balloc.o(log_dynamic_data)
    m_nrf_log_pwr_mgmt_logs_data_dynamic     0x20002408   Data          12  nrf_pwr_mgmt.o(log_dynamic_data)
    m_nrf_log_app_logs_data_dynamic          0x20002414   Data          12  nrf_log_frontend.o(log_dynamic_data)
    m_nrf_log_nrf_sdh_logs_data_dynamic      0x20002420   Data          12  nrf_sdh.o(log_dynamic_data)
    m_nrf_log_nrf_sdh_ble_logs_data_dynamic  0x2000242c   Data          12  nrf_sdh_ble.o(log_dynamic_data)
    m_nrf_log_nrf_sdh_soc_logs_data_dynamic  0x20002438   Data          12  nrf_sdh_soc.o(log_dynamic_data)
    OP_uart_data                             0x20002550   Data         522  main.o(.bss)
    uart_data_recv                           0x2000275a   Data          66  main.o(.bss)
    ble_data_recv                            0x2000279c   Data         260  main.o(.bss)
    at_com_data                              0x20002e28   Data          48  ble_athandler.o(.bss)
    nrf_nvic_state                           0x200032e8   Data          12  app_util_platform.o(.bss)
    _SEGGER_RTT                              0x200038d0   Data         120  segger_rtt.o(.bss)
    __heap_base                              0x20003ec0   Data           0  arm_startup_nrf52810.o(HEAP)
    __heap_limit                             0x200046c0   Data           0  arm_startup_nrf52810.o(HEAP)
    __initial_sp                             0x20004ec0   Data           0  arm_startup_nrf52810.o(STACK)



==============================================================================

Memory Map of the image

  Image Entry point : 0x00018201

  Load Region LR_IROM1 (Base: 0x00018000, Size: 0x0000c580, Max: 0x00018000, ABSOLUTE, COMPRESSED[0x0000c39c])

    Execution Region ER_IROM1 (Base: 0x00018000, Size: 0x0000c2cc, Max: 0x00018000, ABSOLUTE)

    Base Addr    Size         Type   Attr      Idx    E Section Name        Object

    0x00018000   0x00000200   Data   RO         6061    RESET               arm_startup_nrf52810.o
    0x00018200   0x00000000   Code   RO         6157  * .ARM.Collect$$$$00000000  mc_w.l(entry.o)
    0x00018200   0x00000004   Code   RO         6491    .ARM.Collect$$$$00000001  mc_w.l(entry2.o)
    0x00018204   0x00000004   Code   RO         6494    .ARM.Collect$$$$00000004  mc_w.l(entry5.o)
    0x00018208   0x00000000   Code   RO         6496    .ARM.Collect$$$$00000008  mc_w.l(entry7b.o)
    0x00018208   0x00000000   Code   RO         6498    .ARM.Collect$$$$0000000A  mc_w.l(entry8b.o)
    0x00018208   0x00000008   Code   RO         6499    .ARM.Collect$$$$0000000B  mc_w.l(entry9a.o)
    0x00018210   0x00000000   Code   RO         6501    .ARM.Collect$$$$0000000D  mc_w.l(entry10a.o)
    0x00018210   0x00000000   Code   RO         6503    .ARM.Collect$$$$0000000F  mc_w.l(entry11a.o)
    0x00018210   0x00000004   Code   RO         6492    .ARM.Collect$$$$00002712  mc_w.l(entry2.o)
    0x00018214   0x000000c8   Code   RO         3846    .emb_text           nrf_atfifo.o
    0x000182dc   0x0000009a   Code   RO         4126    .emb_text           nrf_fstorage_sd.o
    0x00018376   0x00000002   PAD
    0x00018378   0x0000009a   Code   RO         4271    .emb_text           nrf_memobj.o
    0x00018412   0x00000002   PAD
    0x00018414   0x0000009a   Code   RO         4356    .emb_text           nrf_pwr_mgmt.o
    0x000184ae   0x00000002   PAD
    0x000184b0   0x0000009a   Code   RO         4765    .emb_text           nrf_log_frontend.o
    0x0001854a   0x00000002   PAD
    0x0001854c   0x00000024   Code   RO         6062    .text               arm_startup_nrf52810.o
    0x00018570   0x00000062   Code   RO         6160    .text               mc_w.l(uldiv.o)
    0x000185d2   0x00000002   PAD
    0x000185d4   0x00000008   Code   RO         6162    .text               mc_w.l(ctype_o.o)
    0x000185dc   0x00000024   Code   RO         6190    .text               mc_w.l(memcpya.o)
    0x00018600   0x00000024   Code   RO         6192    .text               mc_w.l(memseta.o)
    0x00018624   0x0000000e   Code   RO         6194    .text               mc_w.l(strlen.o)
    0x00018632   0x0000001a   Code   RO         6196    .text               mc_w.l(memcmp.o)
    0x0001864c   0x00000012   Code   RO         6198    .text               mc_w.l(strcpy.o)
    0x0001865e   0x0000001e   Code   RO         6507    .text               mc_w.l(llshl.o)
    0x0001867c   0x00000020   Code   RO         6509    .text               mc_w.l(llushr.o)
    0x0001869c   0x00000024   Code   RO         6524    .text               mc_w.l(init.o)
    0x000186c0   0x00000056   Code   RO         6538    .text               mc_w.l(__dczerorl2.o)
    0x00018716   0x00000008   Code   RO         1344    i.Appcfg_RecoveryHandler  at_comhandler.o
    0x0001871e   0x00000002   PAD
    0x00018720   0x00000044   Code   RO         1514    i.BLE_DisconConHandler  ble_athandler.o
    0x00018764   0x00000040   Code   RO         1515    i.BLE_GetMacAddressHandler  ble_athandler.o
    0x000187a4   0x00000018   Code   RO         1516    i.BLE_GetPeripheralRoleHandler  ble_athandler.o
    0x000187bc   0x00000006   Code   RO         1517    i.BLE_GetUartDelayTime  ble_athandler.o
    0x000187c2   0x00000006   Code   RO         1518    i.BLE_PeriPheralRecoveryHandler  ble_athandler.o
    0x000187c8   0x00000148   Code   RO         1519    i.BLE_PeriRssiHandler  ble_athandler.o
    0x00018910   0x000000a0   Code   RO         1520    i.BLE_QueryAdvIntervalHandler  ble_athandler.o
    0x000189b0   0x00000006   Code   RO         1521    i.BLE_QueryBondModeHandler  ble_athandler.o
    0x000189b6   0x00000006   Code   RO         1522    i.BLE_QueryConnIntervalHandler  ble_athandler.o
    0x000189bc   0x000000b4   Code   RO         1523    i.BLE_QueryDeviceNameHandler  ble_athandler.o
    0x00018a70   0x00000006   Code   RO         1524    i.BLE_QueryDeviceTypeHandler  ble_athandler.o
    0x00018a76   0x00000006   Code   RO         1525    i.BLE_QueryEncryTypeHandler  ble_athandler.o
    0x00018a7c   0x00000006   Code   RO         1526    i.BLE_QueryHardwarRevHandler  ble_athandler.o
    0x00018a82   0x00000006   Code   RO         1527    i.BLE_QueryIEEE11073Handler  ble_athandler.o
    0x00018a88   0x00000006   Code   RO         1528    i.BLE_QueryManufactureNameHandler  ble_athandler.o
    0x00018a8e   0x00000006   Code   RO         1529    i.BLE_QueryPassKeyHandler  ble_athandler.o
    0x00018a94   0x0000005c   Code   RO         1530    i.BLE_QueryPeriPheralStateHandler  ble_athandler.o
    0x00018af0   0x00000006   Code   RO         1531    i.BLE_QueryPnpIdHandler  ble_athandler.o
    0x00018af6   0x00000006   Code   RO         1532    i.BLE_QuerySerialNumberHandler  ble_athandler.o
    0x00018afc   0x00000006   Code   RO         1533    i.BLE_QuerySoftwareRevHandler  ble_athandler.o
    0x00018b02   0x00000006   Code   RO         1534    i.BLE_QueryTxPowerHandler  ble_athandler.o
    0x00018b08   0x00000138   Code   RO         1535    i.BLE_QueryUartConfigHandler  ble_athandler.o
    0x00018c40   0x00000006   Code   RO         1536    i.BLE_SetAdvEnableHandler  ble_athandler.o
    0x00018c46   0x00000002   PAD
    0x00018c48   0x00000058   Code   RO         1537    i.BLE_SetAdvIntervalHandler  ble_athandler.o
    0x00018ca0   0x00000006   Code   RO         1538    i.BLE_SetBondModeHandler  ble_athandler.o
    0x00018ca6   0x00000006   Code   RO         1539    i.BLE_SetConnIntervalHandler  ble_athandler.o
    0x00018cac   0x0000008c   Code   RO         1540    i.BLE_SetDeviceNameHandler  ble_athandler.o
    0x00018d38   0x00000006   Code   RO         1541    i.BLE_SetDeviceTypeHandler  ble_athandler.o
    0x00018d3e   0x00000006   Code   RO         1542    i.BLE_SetEncryTypeHandler  ble_athandler.o
    0x00018d44   0x00000006   Code   RO         1543    i.BLE_SetHardwarRevHandler  ble_athandler.o
    0x00018d4a   0x00000002   PAD
    0x00018d4c   0x00000018   Code   RO         1544    i.BLE_SetIEEE11073Handler  ble_athandler.o
    0x00018d64   0x00000018   Code   RO         1545    i.BLE_SetManufactureNameHandler  ble_athandler.o
    0x00018d7c   0x00000006   Code   RO         1546    i.BLE_SetPassKeyHandler  ble_athandler.o
    0x00018d82   0x00000006   Code   RO         1547    i.BLE_SetPnpIdHandler  ble_athandler.o
    0x00018d88   0x00000018   Code   RO         1548    i.BLE_SetSerialNumberHandler  ble_athandler.o
    0x00018da0   0x00000018   Code   RO         1549    i.BLE_SetSoftwareRevHandler  ble_athandler.o
    0x00018db8   0x00000064   Code   RO         1550    i.BLE_SetTxPowerHandler  ble_athandler.o
    0x00018e1c   0x000000b8   Code   RO         1551    i.BLE_SetUartConfigHandler  ble_athandler.o
    0x00018ed4   0x00000006   Code   RO         1552    i.BLE_SetUartDelayTime  ble_athandler.o
    0x00018eda   0x00000006   Code   RO         1554    i.BLE_SystemResetHandler  ble_athandler.o
    0x00018ee0   0x00000018   Code   RO         1555    i.BLE_UartResponseHandler  ble_athandler.o
    0x00018ef8   0x000000d4   Code   RO         1955    i.C_Send            het_open_platform.o
    0x00018fcc   0x00000090   Code   RO         1556    i.ConvertBr         ble_athandler.o
    0x0001905c   0x000000cc   Code   RO         1557    i.ConvertTxPow      ble_athandler.o
    0x00019128   0x00000238   Code   RO         2641    i.GPIOTE_IRQHandler  nrf_drv_gpiote.o
    0x00019360   0x00000052   Code   RO         1558    i.IntToStr          ble_athandler.o
    0x000193b2   0x00000016   Code   RO         2001    i.La_Factory        lrd_at.o
    0x000193c8   0x00000040   Code   RO         2002    i.La_GetAdvInterval  lrd_at.o
    0x00019408   0x000000b0   Code   RO         2003    i.La_GetBr          lrd_at.o
    0x000194b8   0x00000048   Code   RO         2004    i.La_GetConnInterval  lrd_at.o
    0x00019500   0x00000098   Code   RO         2005    i.La_GetDeviceName  lrd_at.o
    0x00019598   0x00000084   Code   RO         2007    i.La_GetFwVersion   lrd_at.o
    0x0001961c   0x00000064   Code   RO         2008    i.La_GetMacAddr     lrd_at.o
    0x00019680   0x00000038   Code   RO         2010    i.La_GetTxPower     lrd_at.o
    0x000196b8   0x00000038   Code   RO         2011    i.La_GetUartDelay   lrd_at.o
    0x000196f0   0x00000054   Code   RO         2012    i.La_Reset          lrd_at.o
    0x00019744   0x00000034   Code   RO         2013    i.La_SetAdvInterval  lrd_at.o
    0x00019778   0x0000008c   Code   RO         2014    i.La_SetBr          lrd_at.o
    0x00019804   0x0000003c   Code   RO         2015    i.La_SetConnInterval  lrd_at.o
    0x00019840   0x0000003c   Code   RO         2016    i.La_SetDeviceName  lrd_at.o
    0x0001987c   0x0000002c   Code   RO         2019    i.La_SetTxPower     lrd_at.o
    0x000198a8   0x0000002c   Code   RO         2020    i.La_SetUartDelay   lrd_at.o
    0x000198d4   0x0000005c   Code   RO         2021    i.La_atCheck        lrd_at.o
    0x00019930   0x000000ac   Code   RO            4    i.Mac_Addr_Set      main.o
    0x000199dc   0x00000018   Code   RO         3431    i.NVIC_ClearPendingIRQ  app_timer.o
    0x000199f4   0x00000018   Code   RO         5647    i.NVIC_ClearPendingIRQ  ble_dtm.o
    0x00019a0c   0x00000016   Code   RO         3432    i.NVIC_EnableIRQ    app_timer.o
    0x00019a22   0x00000002   PAD
    0x00019a24   0x00000018   Code   RO         3433    i.NVIC_SetPendingIRQ  app_timer.o
    0x00019a3c   0x00000028   Code   RO         3434    i.NVIC_SetPriority  app_timer.o
    0x00019a64   0x00000040   Code   RO         1559    i.NVIC_SystemReset  ble_athandler.o
    0x00019aa4   0x00000158   Code   RO         5503    i.PCBA_keyio_test   dtm_app.o
    0x00019bfc   0x00000050   Code   RO         2403    i.POWER_CLOCK_IRQHandler  nrf_drv_clock.o
    0x00019c4c   0x00000020   Code   RO         1345    i.PowerUp_write_timeout_handler  at_comhandler.o
    0x00019c6c   0x00000030   Code   RO         1346    i.PowerUp_write_timer_init  at_comhandler.o
    0x00019c9c   0x00000034   Code   RO         3435    i.RTC1_IRQHandler   app_timer.o
    0x00019cd0   0x00000008   Code   RO         5024    i.SEGGER_RTT_Init   segger_rtt.o
    0x00019cd8   0x00000084   Code   RO         5038    i.SEGGER_RTT_WriteNoLock  segger_rtt.o
    0x00019d5c   0x00000008   Code   RO         3436    i.SWI0_EGU0_IRQHandler  app_timer.o
    0x00019d64   0x00000008   Code   RO         5276    i.SWI2_IRQHandler   nrf_sdh.o
    0x00019d6c   0x0000004c   Code   RO            5    i.Send_Notify       main.o
    0x00019db8   0x0000008c   Code   RO         1956    i.Sender_SetData    het_open_platform.o
    0x00019e44   0x0000001a   Code   RO         2022    i.SerialPrintHex    lrd_at.o
    0x00019e5e   0x00000002   PAD
    0x00019e60   0x00000010   Code   RO         6069    i.SystemCoreClockUpdate  system_nrf52810.o
    0x00019e70   0x00000264   Code   RO         6070    i.SystemInit        system_nrf52810.o
    0x0001a0d4   0x00000014   Code   RO         2935    i.UARTE0_IRQHandler  nrf_drv_uart.o
    0x0001a0e8   0x00000070   Code   RO         5042    i._DoInit           segger_rtt.o
    0x0001a158   0x0000001c   Code   RO         5043    i._GetAvailWriteSpace  segger_rtt.o
    0x0001a174   0x00000072   Code   RO         5045    i._WriteBlocking    segger_rtt.o
    0x0001a1e6   0x0000004c   Code   RO         5046    i._WriteNoCheck     segger_rtt.o
    0x0001a232   0x00000002   PAD
    0x0001a234   0x00000020   Code   RO         6335    i.__0printf$5       mc_w.l(printf5.o)
    0x0001a254   0x0000000e   Code   RO         6532    i.__scatterload_copy  mc_w.l(handlers.o)
    0x0001a262   0x00000002   Code   RO         6533    i.__scatterload_null  mc_w.l(handlers.o)
    0x0001a264   0x0000000e   Code   RO         6534    i.__scatterload_zeroinit  mc_w.l(handlers.o)
    0x0001a272   0x00000002   PAD
    0x0001a274   0x00000038   Code   RO         5277    i.__sd_nvic_app_accessible_irq  nrf_sdh.o
    0x0001a2ac   0x0000000c   Code   RO         3723    i.__sd_nvic_irq_disable  app_util_platform.o
    0x0001a2b8   0x0000001c   Code   RO         5278    i.__sd_nvic_is_app_accessible_priority  nrf_sdh.o
    0x0001a2d4   0x00000022   Code   RO         1562    i._atoi             ble_athandler.o
    0x0001a2f6   0x00000002   PAD
    0x0001a2f8   0x000002c0   Code   RO         6342    i._printf_core      mc_w.l(printf5.o)
    0x0001a5b8   0x00000010   Code   RO         4058    i.addr_is_aligned32  nrf_fstorage.o
    0x0001a5c8   0x00000018   Code   RO          695    i.addr_is_valid     ble_advertising.o
    0x0001a5e0   0x0000001c   Code   RO         4059    i.addr_within_bounds  nrf_fstorage.o
    0x0001a5fc   0x00000052   Code   RO          696    i.adv_mode_next_avail_get  ble_advertising.o
    0x0001a64e   0x00000012   Code   RO          697    i.adv_mode_next_get  ble_advertising.o
    0x0001a660   0x00000012   Code   RO          588    i.advdata_check     ble_advdata.o
    0x0001a672   0x00000002   PAD
    0x0001a674   0x000000b8   Code   RO            6    i.advertising_init  main.o
    0x0001a72c   0x0000000c   Code   RO         5754    i.alert_timer_handler  bsp.o
    0x0001a738   0x0000002c   Code   RO         3154    i.app_button_enable  app_button.o
    0x0001a764   0x000000a8   Code   RO         3155    i.app_button_init   app_button.o
    0x0001a80c   0x000000b0   Code   RO         3259    i.app_error_fault_handler  app_error_weak.o
    0x0001a8bc   0x0000001c   Code   RO         3216    i.app_error_handler_bare  app_error.o
    0x0001a8d8   0x0000001e   Code   RO         3293    i.app_fifo_get      app_fifo.o
    0x0001a8f6   0x00000024   Code   RO         3294    i.app_fifo_init     app_fifo.o
    0x0001a91a   0x00000022   Code   RO         3296    i.app_fifo_put      app_fifo.o
    0x0001a93c   0x0000003c   Code   RO         3439    i.app_timer_create  app_timer.o
    0x0001a978   0x0000005c   Code   RO         3440    i.app_timer_init    app_timer.o
    0x0001a9d4   0x00000054   Code   RO         3443    i.app_timer_start   app_timer.o
    0x0001aa28   0x00000030   Code   RO         3444    i.app_timer_stop    app_timer.o
    0x0001aa58   0x00000054   Code   RO         3657    i.app_uart_get      app_uart_fifo.o
    0x0001aaac   0x000000f4   Code   RO            7    i.app_uart_handle_ATCommand  main.o
    0x0001aba0   0x00000044   Code   RO            8    i.app_uart_handle_data  main.o
    0x0001abe4   0x000000e8   Code   RO         3658    i.app_uart_init     app_uart_fifo.o
    0x0001accc   0x00000040   Code   RO         3659    i.app_uart_put      app_uart_fifo.o
    0x0001ad0c   0x0000000c   Code   RO         3724    i.app_util_critical_region_enter  app_util_platform.o
    0x0001ad18   0x00000048   Code   RO         3725    i.app_util_critical_region_exit  app_util_platform.o
    0x0001ad60   0x00000052   Code   RO          589    i.appearance_encode  ble_advdata.o
    0x0001adb2   0x0000007c   Code   RO         2936    i.apply_config      nrf_drv_uart.o
    0x0001ae2e   0x00000002   PAD
    0x0001ae30   0x00000074   Code   RO         1563    i.arrayToStr        ble_athandler.o
    0x0001aea4   0x00000038   Code   RO         4766    i.backend_id_assign  nrf_log_frontend.o
    0x0001aedc   0x0000006c   Code   RO         1565    i.bdAddr2Str        ble_athandler.o
    0x0001af48   0x0000016c   Code   RO          590    i.ble_advdata_encode  ble_advdata.o
    0x0001b0b4   0x00000094   Code   RO          591    i.ble_advdata_set   ble_advdata.o
    0x0001b148   0x00000006   Code   RO          698    i.ble_advertising_conn_cfg_tag_set  ble_advertising.o
    0x0001b14e   0x00000142   Code   RO          699    i.ble_advertising_init  ble_advertising.o
    0x0001b290   0x0000003c   Code   RO          701    i.ble_advertising_on_ble_evt  ble_advertising.o
    0x0001b2cc   0x00000044   Code   RO          702    i.ble_advertising_on_sys_evt  ble_advertising.o
    0x0001b310   0x00000128   Code   RO          705    i.ble_advertising_start  ble_advertising.o
    0x0001b438   0x0000009c   Code   RO          831    i.ble_conn_params_init  ble_conn_params.o
    0x0001b4d4   0x00000076   Code   RO          592    i.ble_device_addr_encode  ble_advdata.o
    0x0001b54a   0x00000002   PAD
    0x0001b54c   0x00000018   Code   RO         2335    i.ble_dfu_buttonless_backend_init  ble_dfu_unbonded.o
    0x0001b564   0x00000040   Code   RO         2210    i.ble_dfu_buttonless_bootloader_start_finalize  ble_dfu.o
    0x0001b5a4   0x0000001c   Code   RO         2336    i.ble_dfu_buttonless_bootloader_start_prepare  ble_dfu_unbonded.o
    0x0001b5c0   0x00000144   Code   RO         2337    i.ble_dfu_buttonless_char_add  ble_dfu_unbonded.o
    0x0001b704   0x00000098   Code   RO         2211    i.ble_dfu_buttonless_init  ble_dfu.o
    0x0001b79c   0x0000005a   Code   RO         2212    i.ble_dfu_buttonless_on_ble_evt  ble_dfu.o
    0x0001b7f6   0x00000002   PAD
    0x0001b7f8   0x00000078   Code   RO         2338    i.ble_dfu_buttonless_on_ctrl_pt_write  ble_dfu_unbonded.o
    0x0001b870   0x00000080   Code   RO         2339    i.ble_dfu_buttonless_on_sys_evt  ble_dfu_unbonded.o
    0x0001b8f0   0x00000064   Code   RO         2213    i.ble_dfu_buttonless_resp_send  ble_dfu.o
    0x0001b954   0x00000024   Code   RO           11    i.ble_dfu_evt_handler  main.o
    0x0001b978   0x00000198   Code   RO         2164    i.ble_dis_init      ble_dis.o
    0x0001bb10   0x00000170   Code   RO           12    i.ble_evt_handler   main.o
    0x0001bc80   0x00000040   Code   RO          833    i.ble_evt_handler   ble_conn_params.o
    0x0001bcc0   0x00000080   Code   RO          949    i.ble_evt_handler   ble_conn_state.o
    0x0001bd40   0x00000030   Code   RO         5871    i.ble_evt_handler   bsp_btn_ble.o
    0x0001bd70   0x00000090   Code   RO         1262    i.ble_nus_init      ble_nus.o
    0x0001be00   0x00000078   Code   RO         1263    i.ble_nus_on_ble_evt  ble_nus.o
    0x0001be78   0x00000012   Code   RO         1108    i.ble_srv_ascii_to_utf8  ble_srv_common.o
    0x0001be8a   0x00000012   Code   RO         1109    i.ble_srv_is_indication_enabled  ble_srv_common.o
    0x0001be9c   0x00000012   Code   RO         1110    i.ble_srv_is_notification_enabled  ble_srv_common.o
    0x0001beae   0x00000056   Code   RO           13    i.ble_stack_init    main.o
    0x0001bf04   0x00000030   Code   RO         5955    i.bsp_board_led_invert  boards.o
    0x0001bf34   0x00000014   Code   RO         5956    i.bsp_board_led_off  boards.o
    0x0001bf48   0x00000014   Code   RO         5957    i.bsp_board_led_on  boards.o
    0x0001bf5c   0x00000030   Code   RO         5958    i.bsp_board_led_state_get  boards.o
    0x0001bf8c   0x00000030   Code   RO         5959    i.bsp_board_leds_init  boards.o
    0x0001bfbc   0x00000014   Code   RO         5960    i.bsp_board_leds_off  boards.o
    0x0001bfd0   0x00000014   Code   RO         5961    i.bsp_board_leds_on  boards.o
    0x0001bfe4   0x00000024   Code   RO         5962    i.bsp_board_pin_to_button_idx  boards.o
    0x0001c008   0x000000c4   Code   RO         5755    i.bsp_button_event_handler  bsp.o
    0x0001c0cc   0x00000058   Code   RO           14    i.bsp_event_handler  main.o
    0x0001c124   0x0000005c   Code   RO         5759    i.bsp_event_to_button_action_assign  bsp.o
    0x0001c180   0x000000ac   Code   RO         5761    i.bsp_init          bsp.o
    0x0001c22c   0x0000037c   Code   RO         5762    i.bsp_led_indication  bsp.o
    0x0001c5a8   0x00000090   Code   RO         4767    i.buf_prealloc      nrf_log_frontend.o
    0x0001c638   0x00000020   Code   RO         4016    i.buffer_add        nrf_fprintf_format.o
    0x0001c658   0x00000018   Code   RO         4768    i.buffer_is_empty   nrf_log_frontend.o
    0x0001c670   0x00000028   Code   RO           15    i.button_init       main.o
    0x0001c698   0x0000000e   Code   RO         5765    i.button_timer_handler  bsp.o
    0x0001c6a6   0x00000002   PAD
    0x0001c6a8   0x00000020   Code   RO         2642    i.channel_free      nrf_drv_gpiote.o
    0x0001c6c8   0x00000010   Code   RO         2643    i.channel_handler_get  nrf_drv_gpiote.o
    0x0001c6d8   0x00000080   Code   RO         2644    i.channel_port_alloc  nrf_drv_gpiote.o
    0x0001c758   0x0000000c   Code   RO         2645    i.channel_port_get  nrf_drv_gpiote.o
    0x0001c764   0x000000f8   Code   RO         2165    i.char_add          ble_dis.o
    0x0001c85c   0x00000094   Code   RO         5648    i.check_pdu         ble_dtm.o
    0x0001c8f0   0x00000030   Code   RO         2404    i.clock_clk_started_notify  nrf_drv_clock.o
    0x0001c920   0x00000090   Code   RO         3446    i.compare_reg_update  app_timer.o
    0x0001c9b0   0x0000005a   Code   RO          593    i.conn_int_check    ble_advdata.o
    0x0001ca0a   0x00000068   Code   RO          594    i.conn_int_encode   ble_advdata.o
    0x0001ca72   0x00000010   Code   RO           16    i.conn_params_error_handler  main.o
    0x0001ca82   0x00000002   PAD
    0x0001ca84   0x0000005c   Code   RO           17    i.conn_params_init  main.o
    0x0001cae0   0x00000054   Code   RO          834    i.conn_params_negotiation  ble_conn_params.o
    0x0001cb34   0x0000008c   Code   RO         3157    i.detection_delay_timeout_handler  app_button.o
    0x0001cbc0   0x00000028   Code   RO           18    i.dfu_service_init  main.o
    0x0001cbe8   0x00000154   Code   RO           19    i.dis_service_init  main.o
    0x0001cd3c   0x00000310   Code   RO         5649    i.dtm_cmd           ble_dtm.o
    0x0001d04c   0x0000002a   Code   RO         5504    i.dtm_cmd_put       dtm_app.o
    0x0001d076   0x00000002   PAD
    0x0001d078   0x00000010   Code   RO         5602    i.dtm_constant_carrier  ble_dtm_hw_nrf52.o
    0x0001d088   0x0000001c   Code   RO         5650    i.dtm_event_get     ble_dtm.o
    0x0001d0a4   0x00000040   Code   RO         5603    i.dtm_hw_set_timer  ble_dtm_hw_nrf52.o
    0x0001d0e4   0x00000044   Code   RO         5651    i.dtm_init          ble_dtm.o
    0x0001d128   0x000000cc   Code   RO         5505    i.dtm_mode          dtm_app.o
    0x0001d1f4   0x0000005e   Code   RO         5506    i.dtm_mode_check    dtm_app.o
    0x0001d252   0x00000044   Code   RO         5652    i.dtm_packet_interval_calculate  ble_dtm.o
    0x0001d296   0x00000038   Code   RO         5604    i.dtm_radio_validate  ble_dtm_hw_nrf52.o
    0x0001d2ce   0x00000002   PAD
    0x0001d2d0   0x00000028   Code   RO         5653    i.dtm_set_timer     ble_dtm.o
    0x0001d2f8   0x00000030   Code   RO         5654    i.dtm_set_txpower   ble_dtm.o
    0x0001d328   0x00000030   Code   RO         5655    i.dtm_test_done     ble_dtm.o
    0x0001d358   0x00000002   Code   RO         5605    i.dtm_turn_off_test  ble_dtm_hw_nrf52.o
    0x0001d35a   0x00000002   PAD
    0x0001d35c   0x0000005c   Code   RO         5507    i.dtm_uart_init     dtm_app.o
    0x0001d3b8   0x00000074   Code   RO         5656    i.dtm_vendor_specific_pkt  ble_dtm.o
    0x0001d42c   0x000000bc   Code   RO         5657    i.dtm_wait          ble_dtm.o
    0x0001d4e8   0x00000064   Code   RO         3447    i.elapsed_ticks_acquire  app_timer.o
    0x0001d54c   0x00000048   Code   RO         2340    i.enter_bootloader  ble_dfu_unbonded.o
    0x0001d594   0x00000058   Code   RO         4127    i.erase             nrf_fstorage_sd.o
    0x0001d5ec   0x0000000e   Code   RO         4128    i.erase_execute     nrf_fstorage_sd.o
    0x0001d5fa   0x00000002   PAD
    0x0001d5fc   0x0000001c   Code   RO         6071    i.errata_103        system_nrf52810.o
    0x0001d618   0x00000054   Code   RO         6072    i.errata_108        system_nrf52810.o
    0x0001d66c   0x00000054   Code   RO         6073    i.errata_12         system_nrf52810.o
    0x0001d6c0   0x0000006c   Code   RO         6074    i.errata_136        system_nrf52810.o
    0x0001d72c   0x00000030   Code   RO         6075    i.errata_16         system_nrf52810.o
    0x0001d75c   0x0000006c   Code   RO         6076    i.errata_31         system_nrf52810.o
    0x0001d7c8   0x00000030   Code   RO         6077    i.errata_32         system_nrf52810.o
    0x0001d7f8   0x0000006c   Code   RO         6078    i.errata_36         system_nrf52810.o
    0x0001d864   0x00000030   Code   RO         6079    i.errata_37         system_nrf52810.o
    0x0001d894   0x00000030   Code   RO         6080    i.errata_57         system_nrf52810.o
    0x0001d8c4   0x00000048   Code   RO         6081    i.errata_66         system_nrf52810.o
    0x0001d90c   0x00000064   Code   RO         4129    i.event_send        nrf_fstorage_sd.o
    0x0001d970   0x00000058   Code   RO         3448    i.expired_timers_handler  app_timer.o
    0x0001d9c8   0x00000018   Code   RO         3299    i.fifo_get          app_fifo.o
    0x0001d9e0   0x0000000a   Code   RO         3300    i.fifo_length       app_fifo.o
    0x0001d9ea   0x0000000a   Code   RO         3660    i.fifo_length       app_uart_fifo.o
    0x0001d9f4   0x00000012   Code   RO         3301    i.fifo_peek         app_fifo.o
    0x0001da06   0x00000012   Code   RO         3302    i.fifo_put          app_fifo.o
    0x0001da18   0x00000036   Code   RO          595    i.flags_encode      ble_advdata.o
    0x0001da4e   0x0000000a   Code   RO          707    i.flash_access_in_progress  ble_advertising.o
    0x0001da58   0x00000018   Code   RO         1347    i.flash_clear       at_comhandler.o
    0x0001da70   0x0000002c   Code   RO         1348    i.flash_init        at_comhandler.o
    0x0001da9c   0x00000040   Code   RO         1349    i.flash_operate     at_comhandler.o
    0x0001dadc   0x0000001c   Code   RO         1350    i.flash_read        at_comhandler.o
    0x0001daf8   0x00000020   Code   RO         1351    i.flash_write       at_comhandler.o
    0x0001db18   0x00000010   Code   RO         4502    i.fputc             retarget.o
    0x0001db28   0x00000050   Code   RO         6463    i.free              mc_w.l(malloc.o)
    0x0001db78   0x0000001e   Code   RO         1352    i.fs_evt_handler    at_comhandler.o
    0x0001db96   0x00000002   PAD
    0x0001db98   0x00000138   Code   RO           20    i.gap_params_init   main.o
    0x0001dcd0   0x00000064   Code   RO           21    i.gatt_evt_handler  main.o
    0x0001dd34   0x00000044   Code   RO           22    i.gatt_init         main.o
    0x0001dd78   0x00000028   Code   RO         1353    i.getAdvInterval    at_comhandler.o
    0x0001dda0   0x0000004c   Code   RO         1354    i.getConnInterval   at_comhandler.o
    0x0001ddec   0x00000044   Code   RO         1355    i.getDeviceName     at_comhandler.o
    0x0001de30   0x00000028   Code   RO         1356    i.getTxPower        at_comhandler.o
    0x0001de58   0x00000050   Code   RO         1357    i.getUartConfig     at_comhandler.o
    0x0001dea8   0x00000024   Code   RO         1358    i.getUartDelayTime  at_comhandler.o
    0x0001decc   0x0000008a   Code   RO         1568    i.getUartParamValue  ble_athandler.o
    0x0001df56   0x0000004c   Code   RO         1569    i.get_mac_addr      ble_athandler.o
    0x0001dfa2   0x00000002   PAD
    0x0001dfa4   0x00000080   Code   RO         3158    i.gpiote_event_handler  app_button.o
    0x0001e024   0x0000006c   Code   RO           23    i.handle_uart_sta   main.o
    0x0001e090   0x00000028   Code   RO         1570    i.hexAssiVarilfy    ble_athandler.o
    0x0001e0b8   0x0000013c   Code   RO         1265    i.indication_char_add  ble_nus.o
    0x0001e1f4   0x00000050   Code   RO         4130    i.init              nrf_fstorage_sd.o
    0x0001e244   0x0000002c   Code   RO          835    i.instance_get      ble_conn_params.o
    0x0001e270   0x000000be   Code   RO         4017    i.int_print         nrf_fprintf_format.o
    0x0001e32e   0x00000002   PAD
    0x0001e330   0x00000070   Code   RO         1571    i.isBrCorrect       ble_athandler.o
    0x0001e3a0   0x0000002e   Code   RO         1573    i.isContain         ble_athandler.o
    0x0001e3ce   0x00000002   PAD
    0x0001e3d0   0x00000014   Code   RO         4131    i.is_busy           nrf_fstorage_sd.o
    0x0001e3e4   0x00000072   Code   RO          836    i.is_conn_params_ok  ble_conn_params.o
    0x0001e456   0x0000000c   Code   RO         2407    i.item_dequeue      nrf_drv_clock.o
    0x0001e462   0x00000002   PAD
    0x0001e464   0x0000002c   Code   RO         2023    i.la_chekCmd        lrd_at.o
    0x0001e490   0x00000028   Code   RO         5766    i.leds_off          bsp.o
    0x0001e4b8   0x00000020   Code   RO         5767    i.leds_timer_handler  bsp.o
    0x0001e4d8   0x0000001c   Code   RO         2410    i.lfclk_stop        nrf_drv_clock.o
    0x0001e4f4   0x00000010   Code   RO         1176    i.link_init         nrf_ble_gatt.o
    0x0001e504   0x0000013c   Code   RO         3449    i.list_insertions_handler  app_timer.o
    0x0001e640   0x00000022   Code   RO           26    i.log_init          main.o
    0x0001e662   0x00000002   PAD
    0x0001e664   0x000000cc   Code   RO         4771    i.log_skip          nrf_log_frontend.o
    0x0001e730   0x0000008c   Code   RO           27    i.main              main.o
    0x0001e7bc   0x0000006c   Code   RO         6464    i.malloc            mc_w.l(malloc.o)
    0x0001e828   0x00000076   Code   RO          596    i.manuf_specific_data_encode  ble_advdata.o
    0x0001e89e   0x000000ae   Code   RO         4272    i.memobj_op         nrf_memobj.o
    0x0001e94c   0x0000003c   Code   RO         4772    i.module_idx_get    nrf_log_frontend.o
    0x0001e988   0x000000c2   Code   RO          597    i.name_encode       ble_advdata.o
    0x0001ea4a   0x00000016   Code   RO         3848    i.nrf_atfifo_clear  nrf_atfifo.o
    0x0001ea60   0x00000028   Code   RO         3850    i.nrf_atfifo_init   nrf_atfifo.o
    0x0001ea88   0x0000001c   Code   RO         3851    i.nrf_atfifo_item_alloc  nrf_atfifo.o
    0x0001eaa4   0x0000001c   Code   RO         3852    i.nrf_atfifo_item_free  nrf_atfifo.o
    0x0001eac0   0x0000001c   Code   RO         3853    i.nrf_atfifo_item_get  nrf_atfifo.o
    0x0001eadc   0x0000001c   Code   RO         3854    i.nrf_atfifo_item_put  nrf_atfifo.o
    0x0001eaf8   0x00000016   Code   RO         4773    i.nrf_atomic_flag_set  nrf_log_frontend.o
    0x0001eb0e   0x00000052   Code   RO         3922    i.nrf_balloc_alloc  nrf_balloc.o
    0x0001eb60   0x00000010   Code   RO         3923    i.nrf_balloc_block2idx  nrf_balloc.o
    0x0001eb70   0x00000030   Code   RO         3924    i.nrf_balloc_free   nrf_balloc.o
    0x0001eba0   0x0000000c   Code   RO         3925    i.nrf_balloc_idx2block  nrf_balloc.o
    0x0001ebac   0x0000003c   Code   RO         3926    i.nrf_balloc_init   nrf_balloc.o
    0x0001ebe8   0x00000016   Code   RO         2646    i.nrf_bitmask_bit_is_set  nrf_drv_gpiote.o
    0x0001ebfe   0x0000001e   Code   RO         1178    i.nrf_ble_gatt_att_mtu_periph_set  nrf_ble_gatt.o
    0x0001ec1c   0x00000038   Code   RO         1180    i.nrf_ble_gatt_init  nrf_ble_gatt.o
    0x0001ec54   0x000000d8   Code   RO         1181    i.nrf_ble_gatt_on_ble_evt  nrf_ble_gatt.o
    0x0001ed2c   0x00000012   Code   RO         2411    i.nrf_clock_event_check  nrf_drv_clock.o
    0x0001ed3e   0x00000012   Code   RO         2412    i.nrf_clock_event_clear  nrf_drv_clock.o
    0x0001ed50   0x0000000c   Code   RO         2414    i.nrf_clock_int_disable  nrf_drv_clock.o
    0x0001ed5c   0x00000010   Code   RO         2416    i.nrf_clock_lf_is_running  nrf_drv_clock.o
    0x0001ed6c   0x00000008   Code   RO         2417    i.nrf_clock_task_trigger  nrf_drv_clock.o
    0x0001ed74   0x00000012   Code   RO         5508    i.nrf_delay_ms      dtm_app.o
    0x0001ed86   0x00000002   PAD
    0x0001ed88   0x0000009c   Code   RO         1575    i.nrf_delay_us      ble_athandler.o
    0x0001ee24   0x0000009c   Code   RO         3450    i.nrf_delay_us      app_timer.o
    0x0001eec0   0x0000009c   Code   RO         5509    i.nrf_delay_us      dtm_app.o
    0x0001ef5c   0x00000068   Code   RO         2423    i.nrf_drv_clock_init  nrf_drv_clock.o
    0x0001efc4   0x00000030   Code   RO         2427    i.nrf_drv_clock_lfclk_release  nrf_drv_clock.o
    0x0001eff4   0x00000060   Code   RO         2605    i.nrf_drv_common_irq_enable  nrf_drv_common.o
    0x0001f054   0x0000000a   Code   RO         2937    i.nrf_drv_get_IRQn  nrf_drv_uart.o
    0x0001f05e   0x00000002   PAD
    0x0001f060   0x000000ac   Code   RO         2651    i.nrf_drv_gpiote_in_event_enable  nrf_drv_gpiote.o
    0x0001f10c   0x000000dc   Code   RO         2652    i.nrf_drv_gpiote_in_init  nrf_drv_gpiote.o
    0x0001f1e8   0x00000014   Code   RO         2653    i.nrf_drv_gpiote_in_is_set  nrf_drv_gpiote.o
    0x0001f1fc   0x00000060   Code   RO         2655    i.nrf_drv_gpiote_init  nrf_drv_gpiote.o
    0x0001f25c   0x00000014   Code   RO         2656    i.nrf_drv_gpiote_is_init  nrf_drv_gpiote.o
    0x0001f270   0x00000014   Code   RO         2938    i.nrf_drv_is_in_RAM  nrf_drv_uart.o
    0x0001f284   0x000000ac   Code   RO         2940    i.nrf_drv_uart_init  nrf_drv_uart.o
    0x0001f330   0x00000084   Code   RO         2941    i.nrf_drv_uart_rx   nrf_drv_uart.o
    0x0001f3b4   0x00000002   Code   RO         2944    i.nrf_drv_uart_rx_enable  nrf_drv_uart.o
    0x0001f3b6   0x00000002   PAD
    0x0001f3b8   0x000000d0   Code   RO         2945    i.nrf_drv_uart_rx_for_uarte  nrf_drv_uart.o
    0x0001f488   0x0000004c   Code   RO         2947    i.nrf_drv_uart_tx   nrf_drv_uart.o
    0x0001f4d4   0x00000080   Code   RO         2949    i.nrf_drv_uart_tx_for_uarte  nrf_drv_uart.o
    0x0001f554   0x00000020   Code   RO         2950    i.nrf_drv_uart_tx_in_progress  nrf_drv_uart.o
    0x0001f574   0x0000002a   Code   RO         3973    i.nrf_fprintf       nrf_fprintf.o
    0x0001f59e   0x0000001c   Code   RO         3974    i.nrf_fprintf_buffer_flush  nrf_fprintf.o
    0x0001f5ba   0x000001f0   Code   RO         4018    i.nrf_fprintf_fmt   nrf_fprintf_format.o
    0x0001f7aa   0x00000054   Code   RO         4060    i.nrf_fstorage_erase  nrf_fstorage.o
    0x0001f7fe   0x0000001e   Code   RO         4061    i.nrf_fstorage_init  nrf_fstorage.o
    0x0001f81c   0x00000054   Code   RO         4062    i.nrf_fstorage_is_busy  nrf_fstorage.o
    0x0001f870   0x0000004e   Code   RO         4063    i.nrf_fstorage_read  nrf_fstorage.o
    0x0001f8be   0x00000002   PAD
    0x0001f8c0   0x0000001c   Code   RO         4132    i.nrf_fstorage_sdh_req_handler  nrf_fstorage_sd.o
    0x0001f8dc   0x0000002c   Code   RO         4133    i.nrf_fstorage_sdh_state_handler  nrf_fstorage_sd.o
    0x0001f908   0x0000007c   Code   RO         4134    i.nrf_fstorage_sys_evt_handler  nrf_fstorage_sd.o
    0x0001f984   0x0000006c   Code   RO         4067    i.nrf_fstorage_write  nrf_fstorage.o
    0x0001f9f0   0x00000028   Code   RO           30    i.nrf_gpio_cfg      main.o
    0x0001fa18   0x00000028   Code   RO         2670    i.nrf_gpio_cfg      nrf_drv_gpiote.o
    0x0001fa40   0x00000028   Code   RO         2952    i.nrf_gpio_cfg      nrf_drv_uart.o
    0x0001fa68   0x00000028   Code   RO         5510    i.nrf_gpio_cfg      dtm_app.o
    0x0001fa90   0x00000028   Code   RO         5964    i.nrf_gpio_cfg      boards.o
    0x0001fab8   0x0000001a   Code   RO         2954    i.nrf_gpio_cfg_input  nrf_drv_uart.o
    0x0001fad2   0x0000001a   Code   RO         5511    i.nrf_gpio_cfg_input  dtm_app.o
    0x0001faec   0x00000018   Code   RO           31    i.nrf_gpio_cfg_output  main.o
    0x0001fb04   0x00000018   Code   RO         2955    i.nrf_gpio_cfg_output  nrf_drv_uart.o
    0x0001fb1c   0x00000018   Code   RO         5512    i.nrf_gpio_cfg_output  dtm_app.o
    0x0001fb34   0x00000032   Code   RO         2672    i.nrf_gpio_cfg_sense_set  nrf_drv_gpiote.o
    0x0001fb66   0x00000016   Code   RO           32    i.nrf_gpio_pin_clear  main.o
    0x0001fb7c   0x00000016   Code   RO         5513    i.nrf_gpio_pin_clear  dtm_app.o
    0x0001fb92   0x00000018   Code   RO           33    i.nrf_gpio_pin_read  main.o
    0x0001fbaa   0x00000018   Code   RO         2674    i.nrf_gpio_pin_read  nrf_drv_gpiote.o
    0x0001fbc2   0x00000018   Code   RO         5514    i.nrf_gpio_pin_read  dtm_app.o
    0x0001fbda   0x00000016   Code   RO           34    i.nrf_gpio_pin_set  main.o
    0x0001fbf0   0x00000016   Code   RO         1266    i.nrf_gpio_pin_set  ble_nus.o
    0x0001fc06   0x00000016   Code   RO         2956    i.nrf_gpio_pin_set  nrf_drv_uart.o
    0x0001fc1c   0x00000016   Code   RO         5515    i.nrf_gpio_pin_set  dtm_app.o
    0x0001fc32   0x0000003a   Code   RO         5965    i.nrf_gpio_pin_write  boards.o
    0x0001fc6c   0x00000028   Code   RO         2676    i.nrf_gpio_ports_read  nrf_drv_gpiote.o
    0x0001fc94   0x0000000c   Code   RO         2677    i.nrf_gpiote_event_addr_get  nrf_drv_gpiote.o
    0x0001fca0   0x0000001c   Code   RO         2678    i.nrf_gpiote_event_clear  nrf_drv_gpiote.o
    0x0001fcbc   0x00000016   Code   RO         2679    i.nrf_gpiote_event_is_set  nrf_drv_gpiote.o
    0x0001fcd2   0x00000002   PAD
    0x0001fcd4   0x0000000c   Code   RO         2680    i.nrf_gpiote_int_enable  nrf_drv_gpiote.o
    0x0001fce0   0x00000048   Code   RO         4774    i.nrf_log_backend_add  nrf_log_frontend.o
    0x0001fd28   0x00000002   Code   RO         4634    i.nrf_log_backend_rtt_flush  nrf_log_backend_rtt.o
    0x0001fd2a   0x00000008   Code   RO         4635    i.nrf_log_backend_rtt_init  nrf_log_backend_rtt.o
    0x0001fd32   0x00000002   Code   RO         4636    i.nrf_log_backend_rtt_panic_set  nrf_log_backend_rtt.o
    0x0001fd34   0x00000020   Code   RO         4637    i.nrf_log_backend_rtt_put  nrf_log_backend_rtt.o
    0x0001fd54   0x000000fe   Code   RO         4698    i.nrf_log_backend_serial_put  nrf_log_backend_serial.o
    0x0001fe52   0x00000002   PAD
    0x0001fe54   0x00000038   Code   RO         4776    i.nrf_log_color_id_get  nrf_log_frontend.o
    0x0001fe8c   0x00000024   Code   RO         4732    i.nrf_log_default_backends_init  nrf_log_default_backends.o
    0x0001feb0   0x000002c0   Code   RO         4777    i.nrf_log_frontend_dequeue  nrf_log_frontend.o
    0x00020170   0x00000014   Code   RO         4779    i.nrf_log_frontend_std_0  nrf_log_frontend.o
    0x00020184   0x00000018   Code   RO         4780    i.nrf_log_frontend_std_1  nrf_log_frontend.o
    0x0002019c   0x00000020   Code   RO         4781    i.nrf_log_frontend_std_2  nrf_log_frontend.o
    0x000201bc   0x00000028   Code   RO         4782    i.nrf_log_frontend_std_3  nrf_log_frontend.o
    0x000201e4   0x000000b8   Code   RO         4971    i.nrf_log_hexdump_entry_process  nrf_log_str_formatter.o
    0x0002029c   0x00000068   Code   RO         4786    i.nrf_log_init      nrf_log_frontend.o
    0x00020304   0x00000014   Code   RO         4787    i.nrf_log_module_cnt_get  nrf_log_frontend.o
    0x00020318   0x00000024   Code   RO         4790    i.nrf_log_module_name_get  nrf_log_frontend.o
    0x0002033c   0x00000034   Code   RO         4791    i.nrf_log_panic     nrf_log_frontend.o
    0x00020370   0x000000c8   Code   RO         4972    i.nrf_log_std_entry_process  nrf_log_str_formatter.o
    0x00020438   0x0000007a   Code   RO         4273    i.nrf_memobj_alloc  nrf_memobj.o
    0x000204b2   0x00000040   Code   RO         4274    i.nrf_memobj_free   nrf_memobj.o
    0x000204f2   0x0000001e   Code   RO         4275    i.nrf_memobj_get    nrf_memobj.o
    0x00020510   0x0000000c   Code   RO         4276    i.nrf_memobj_pool_init  nrf_memobj.o
    0x0002051c   0x00000030   Code   RO         4277    i.nrf_memobj_put    nrf_memobj.o
    0x0002054c   0x0000001c   Code   RO         4278    i.nrf_memobj_read   nrf_memobj.o
    0x00020568   0x0000001c   Code   RO         4279    i.nrf_memobj_write  nrf_memobj.o
    0x00020584   0x00000016   Code   RO         4357    i.nrf_mtx_unlock    nrf_pwr_mgmt.o
    0x0002059a   0x00000002   PAD
    0x0002059c   0x00000070   Code   RO         4361    i.nrf_pwr_mgmt_shutdown  nrf_pwr_mgmt.o
    0x0002060c   0x00000018   Code   RO         5417    i.nrf_sdh_ble_app_ram_start_get  nrf_sdh_ble.o
    0x00020624   0x00000178   Code   RO         5418    i.nrf_sdh_ble_default_cfg_set  nrf_sdh_ble.o
    0x0002079c   0x000000dc   Code   RO         5419    i.nrf_sdh_ble_enable  nrf_sdh_ble.o
    0x00020878   0x00000064   Code   RO         5420    i.nrf_sdh_ble_evts_poll  nrf_sdh_ble.o
    0x000208dc   0x00000050   Code   RO         5279    i.nrf_sdh_disable_request  nrf_sdh.o
    0x0002092c   0x00000070   Code   RO         5280    i.nrf_sdh_enable_request  nrf_sdh.o
    0x0002099c   0x00000030   Code   RO         5281    i.nrf_sdh_evts_poll  nrf_sdh.o
    0x000209cc   0x0000000c   Code   RO         5282    i.nrf_sdh_is_enabled  nrf_sdh.o
    0x000209d8   0x00000028   Code   RO         5284    i.nrf_sdh_request_continue  nrf_sdh.o
    0x00020a00   0x00000054   Code   RO         5472    i.nrf_sdh_soc_evts_poll  nrf_sdh_soc.o
    0x00020a54   0x00000006   Code   RO         5287    i.nrf_section_iter_get  nrf_sdh.o
    0x00020a5a   0x00000014   Code   RO         4433    i.nrf_section_iter_init  nrf_section_iter.o
    0x00020a6e   0x0000002e   Code   RO         4434    i.nrf_section_iter_item_set  nrf_section_iter.o
    0x00020a9c   0x0000002e   Code   RO         4435    i.nrf_section_iter_next  nrf_section_iter.o
    0x00020aca   0x00000002   PAD
    0x00020acc   0x00000040   Code   RO         4468    i.nrf_strerror_find  nrf_strerror.o
    0x00020b0c   0x0000001c   Code   RO         4469    i.nrf_strerror_get  nrf_strerror.o
    0x00020b28   0x0000000c   Code   RO         2957    i.nrf_uarte_errorsrc_get_and_clear  nrf_drv_uart.o
    0x00020b34   0x0000000e   Code   RO         2958    i.nrf_uarte_event_check  nrf_drv_uart.o
    0x00020b42   0x0000000e   Code   RO         2959    i.nrf_uarte_event_clear  nrf_drv_uart.o
    0x00020b50   0x0000000c   Code   RO         2960    i.nrf_uarte_hwfc_pins_set  nrf_drv_uart.o
    0x00020b5c   0x00000006   Code   RO         2961    i.nrf_uarte_int_disable  nrf_drv_uart.o
    0x00020b62   0x00000006   Code   RO         2962    i.nrf_uarte_int_enable  nrf_drv_uart.o
    0x00020b68   0x0000000a   Code   RO         2963    i.nrf_uarte_rx_amount_get  nrf_drv_uart.o
    0x00020b72   0x00000006   Code   RO         2964    i.nrf_uarte_task_trigger  nrf_drv_uart.o
    0x00020b78   0x0000000e   Code   RO         2965    i.nrf_uarte_txrx_pins_set  nrf_drv_uart.o
    0x00020b86   0x00000002   Code   RO           35    i.nus_data_handler  main.o
    0x00020b88   0x0000002c   Code   RO           36    i.on_conn_params_evt  main.o
    0x00020bb4   0x00000030   Code   RO          837    i.on_conn_params_update  ble_conn_params.o
    0x00020be4   0x00000070   Code   RO          838    i.on_connect        ble_conn_params.o
    0x00020c54   0x00000006   Code   RO         1267    i.on_connect        ble_nus.o
    0x00020c5a   0x00000002   PAD
    0x00020c5c   0x0000000c   Code   RO         2214    i.on_connect        ble_dfu.o
    0x00020c68   0x0000000e   Code   RO          708    i.on_connected      ble_advertising.o
    0x00020c76   0x00000002   PAD
    0x00020c78   0x000000e0   Code   RO         1182    i.on_connected_evt  nrf_ble_gatt.o
    0x00020d58   0x00000058   Code   RO         2215    i.on_ctrlpt_write   ble_dfu.o
    0x00020db0   0x00000032   Code   RO          839    i.on_disconnect     ble_conn_params.o
    0x00020de2   0x00000008   Code   RO         1268    i.on_disconnect     ble_nus.o
    0x00020dea   0x00000002   PAD
    0x00020dec   0x0000001c   Code   RO         2216    i.on_disconnect     ble_dfu.o
    0x00020e08   0x00000036   Code   RO          709    i.on_disconnected   ble_advertising.o
    0x00020e3e   0x00000018   Code   RO         1183    i.on_disconnected_evt  nrf_ble_gatt.o
    0x00020e56   0x00000002   PAD
    0x00020e58   0x000000fc   Code   RO         1184    i.on_exchange_mtu_request_evt  nrf_ble_gatt.o
    0x00020f54   0x000000c0   Code   RO         1185    i.on_exchange_mtu_rsp_evt  nrf_ble_gatt.o
    0x00021014   0x0000002c   Code   RO         2217    i.on_hvc            ble_dfu.o
    0x00021040   0x00000024   Code   RO         4135    i.on_operation_failure  nrf_fstorage_sd.o
    0x00021064   0x00000060   Code   RO         4136    i.on_operation_success  nrf_fstorage_sd.o
    0x000210c4   0x00000044   Code   RO         2218    i.on_rw_authorize_req  ble_dfu.o
    0x00021108   0x00000036   Code   RO          710    i.on_timeout        ble_advertising.o
    0x0002113e   0x00000002   PAD
    0x00021140   0x00000058   Code   RO          840    i.on_write          ble_conn_params.o
    0x00021198   0x000000dc   Code   RO         1269    i.on_write          ble_nus.o
    0x00021274   0x00000064   Code   RO         2219    i.on_write          ble_dfu.o
    0x000212d8   0x0000001c   Code   RO         2683    i.pin_in_use_by_gpiote  nrf_drv_gpiote.o
    0x000212f4   0x00000018   Code   RO         2684    i.pin_in_use_by_port  nrf_drv_gpiote.o
    0x0002130c   0x00000020   Code   RO         2685    i.pin_in_use_by_te  nrf_drv_gpiote.o
    0x0002132c   0x0000000c   Code   RO         2686    i.pin_in_use_clear  nrf_drv_gpiote.o
    0x00021338   0x0000008c   Code   RO         2166    i.pnp_id_encode     ble_dis.o
    0x000213c4   0x00000044   Code   RO         4973    i.postfix_process   nrf_log_str_formatter.o
    0x00021408   0x0000001a   Code   RO           37    i.power_manage      main.o
    0x00021422   0x00000002   PAD
    0x00021424   0x0000005c   Code   RO         4974    i.prefix_process    nrf_log_str_formatter.o
    0x00021480   0x00000018   Code   RO         4137    i.queue_free        nrf_fstorage_sd.o
    0x00021498   0x0000002c   Code   RO         4138    i.queue_load_next   nrf_fstorage_sd.o
    0x000214c4   0x0000008c   Code   RO         4139    i.queue_process     nrf_fstorage_sd.o
    0x00021550   0x0000002c   Code   RO         4140    i.queue_start       nrf_fstorage_sd.o
    0x0002157c   0x00000118   Code   RO         5658    i.radio_init        ble_dtm.o
    0x00021694   0x0000007c   Code   RO         5659    i.radio_prepare     ble_dtm.o
    0x00021710   0x00000048   Code   RO         5660    i.radio_reset       ble_dtm.o
    0x00021758   0x00000010   Code   RO         5421    i.ram_end_address_get  nrf_sdh_ble.o
    0x00021768   0x0000001c   Code   RO         4141    i.read              nrf_fstorage_sd.o
    0x00021784   0x00000014   Code   RO         1359    i.read_clear_data   at_comhandler.o
    0x00021798   0x00000048   Code   RO          950    i.record_activate   ble_conn_state.o
    0x000217e0   0x0000001c   Code   RO          951    i.record_invalidate  ble_conn_state.o
    0x000217fc   0x00000044   Code   RO          952    i.record_purge_disconnected  ble_conn_state.o
    0x00021840   0x00000018   Code   RO          953    i.record_set_disconnected  ble_conn_state.o
    0x00021858   0x00000006   Code   RO         4142    i.rmap              nrf_fstorage_sd.o
    0x0002185e   0x00000002   PAD
    0x00021860   0x0000000c   Code   RO         3451    i.rtc1_compare0_set  app_timer.o
    0x0002186c   0x0000000c   Code   RO         3452    i.rtc1_counter_get  app_timer.o
    0x00021878   0x00000018   Code   RO         3453    i.rtc1_init         app_timer.o
    0x00021890   0x0000003c   Code   RO         3454    i.rtc1_start        app_timer.o
    0x000218cc   0x00000058   Code   RO         3455    i.rtc1_stop         app_timer.o
    0x00021924   0x000000f4   Code   RO         1270    i.rx_char_add       ble_nus.o
    0x00021a18   0x0000001e   Code   RO         2967    i.rx_done_event     nrf_drv_uart.o
    0x00021a36   0x00000002   PAD
    0x00021a38   0x0000002c   Code   RO         1360    i.saveAdvInterval   at_comhandler.o
    0x00021a64   0x00000034   Code   RO         1361    i.saveConnInterval  at_comhandler.o
    0x00021a98   0x00000050   Code   RO         1362    i.saveDeviceName    at_comhandler.o
    0x00021ae8   0x0000002c   Code   RO         1363    i.saveTxPower       at_comhandler.o
    0x00021b14   0x00000040   Code   RO         1364    i.saveUartConfig    at_comhandler.o
    0x00021b54   0x0000002c   Code   RO         1365    i.saveUartDelayTime  at_comhandler.o
    0x00021b80   0x00000088   Code   RO         5288    i.sd_nvic_EnableIRQ  nrf_sdh.o
    0x00021c08   0x00000050   Code   RO         5289    i.sd_nvic_SetPriority  nrf_sdh.o
    0x00021c58   0x00000068   Code   RO         3730    i.sd_nvic_critical_region_enter  app_util_platform.o
    0x00021cc0   0x0000006c   Code   RO         2430    i.sd_state_evt_handler  nrf_drv_clock.o
    0x00021d2c   0x0000003c   Code   RO         5290    i.sdh_request_observer_notify  nrf_sdh.o
    0x00021d68   0x00000034   Code   RO         5291    i.sdh_state_observer_notify  nrf_sdh.o
    0x00021d9c   0x0000007c   Code   RO         4538    i.sdk_mapped_flags_bulk_update_by_key  sdk_mapped_flags.o
    0x00021e18   0x00000024   Code   RO         4539    i.sdk_mapped_flags_first_key_index_get  sdk_mapped_flags.o
    0x00021e3c   0x00000012   Code   RO         4540    i.sdk_mapped_flags_get_by_index  sdk_mapped_flags.o
    0x00021e4e   0x00000042   Code   RO         4543    i.sdk_mapped_flags_key_list_get  sdk_mapped_flags.o
    0x00021e90   0x0000001a   Code   RO         4545    i.sdk_mapped_flags_update_by_key  sdk_mapped_flags.o
    0x00021eaa   0x00000002   PAD
    0x00021eac   0x00000018   Code   RO           38    i.send_data_to_mcu_timer_init  main.o
    0x00021ec4   0x00000018   Code   RO           39    i.send_data_to_mcu_timer_start  main.o
    0x00021edc   0x00000018   Code   RO          841    i.send_error_evt    ble_conn_params.o
    0x00021ef4   0x00000034   Code   RO           40    i.send_mcu_timeout_handler  main.o
    0x00021f28   0x00000024   Code   RO          842    i.send_update_request  ble_conn_params.o
    0x00021f4c   0x0000003e   Code   RO         4638    i.serial_tx         nrf_log_backend_rtt.o
    0x00021f8a   0x00000096   Code   RO          598    i.service_data_encode  ble_advdata.o
    0x00022020   0x00000038   Code   RO           41    i.services_init     main.o
    0x00022058   0x00000018   Code   RO          711    i.set_adv_mode_directed  ble_advertising.o
    0x00022070   0x0000001c   Code   RO          712    i.set_adv_mode_directed_slow  ble_advertising.o
    0x0002208c   0x0000004a   Code   RO          713    i.set_adv_mode_fast  ble_advertising.o
    0x000220d6   0x0000004a   Code   RO          714    i.set_adv_mode_slow  ble_advertising.o
    0x00022120   0x00000038   Code   RO         2341    i.set_adv_name      ble_dfu_unbonded.o
    0x00022158   0x00000070   Code   RO           42    i.set_tx_power      main.o
    0x000221c8   0x000000cc   Code   RO         4362    i.shutdown_process  nrf_pwr_mgmt.o
    0x00022294   0x00000010   Code   RO         2431    i.soc_evt_handler   nrf_drv_clock.o
    0x000222a4   0x0000006c   Code   RO         5292    i.softdevice_evt_irq_disable  nrf_sdh.o
    0x00022310   0x0000001e   Code   RO         5293    i.softdevices_evt_irq_enable  nrf_sdh.o
    0x0002232e   0x0000000e   Code   RO          599    i.srdata_check      ble_advdata.o
    0x0002233c   0x00000050   Code   RO         4793    i.std_header_set    nrf_log_frontend.o
    0x0002238c   0x0000006c   Code   RO         4794    i.std_n             nrf_log_frontend.o
    0x000223f8   0x00000074   Code   RO         4019    i.string_print      nrf_fprintf_format.o
    0x0002246c   0x0000003c   Code   RO         5294    i.swi_interrupt_priority_workaround  nrf_sdh.o
    0x000224a8   0x0000008c   Code   RO         2167    i.sys_id_encode     ble_dis.o
    0x00022534   0x0000000a   Code   RO         3456    i.ticks_diff_get    app_timer.o
    0x0002253e   0x0000000c   Code   RO         3457    i.timeout_handler_exec  app_timer.o
    0x0002254a   0x00000002   PAD
    0x0002254c   0x000000a8   Code   RO         5661    i.timer_init        ble_dtm.o
    0x000225f4   0x00000050   Code   RO         3458    i.timer_list_handler  app_timer.o
    0x00022644   0x0000000a   Code   RO         3459    i.timer_list_handler_sched  app_timer.o
    0x0002264e   0x00000002   PAD
    0x00022650   0x00000068   Code   RO         3460    i.timer_list_insert  app_timer.o
    0x000226b8   0x00000088   Code   RO         3461    i.timer_list_remove  app_timer.o
    0x00022740   0x0000005e   Code   RO         3462    i.timer_start_op_schedule  app_timer.o
    0x0002279e   0x00000042   Code   RO         3463    i.timer_stop_op_schedule  app_timer.o
    0x000227e0   0x00000098   Code   RO         3464    i.timer_timeouts_check  app_timer.o
    0x00022878   0x0000000a   Code   RO         3465    i.timer_timeouts_check_sched  app_timer.o
    0x00022882   0x00000030   Code   RO           43    i.timers_init       main.o
    0x000228b2   0x0000013a   Code   RO         1271    i.tx_char_add       ble_nus.o
    0x000229ec   0x00000036   Code   RO          600    i.tx_power_level_encode  ble_advdata.o
    0x00022a22   0x00000060   Code   RO           44    i.uart_buttons_configure  main.o
    0x00022a82   0x00000026   Code   RO         5516    i.uart_error_handle  dtm_app.o
    0x00022aa8   0x0000006c   Code   RO           45    i.uart_event_handle  main.o
    0x00022b14   0x000000d4   Code   RO         3661    i.uart_event_handler  app_uart_fifo.o
    0x00022be8   0x00000114   Code   RO           46    i.uart_init         main.o
    0x00022cfc   0x00000018   Code   RO         1578    i.uart_put_string   ble_athandler.o
    0x00022d14   0x0000002c   Code   RO           47    i.uart_receive_timeout_handler  main.o
    0x00022d40   0x00000018   Code   RO           48    i.uart_receive_timer_init  main.o
    0x00022d58   0x00000018   Code   RO           49    i.uart_receive_timer_start  main.o
    0x00022d70   0x00000122   Code   RO         2968    i.uarte_irq_handler  nrf_drv_uart.o
    0x00022e92   0x0000000c   Code   RO         1115    i.uint16_decode     ble_srv_common.o
    0x00022e9e   0x0000000c   Code   RO          601    i.uint16_encode     ble_advdata.o
    0x00022eaa   0x0000000c   Code   RO         2168    i.uint16_encode     ble_dis.o
    0x00022eb6   0x00000002   PAD
    0x00022eb8   0x00000024   Code   RO         4143    i.uninit            nrf_fstorage_sd.o
    0x00022edc   0x000000b8   Code   RO         4020    i.unsigned_print    nrf_fprintf_format.o
    0x00022f94   0x00000074   Code   RO          843    i.update_timeout_handler  ble_conn_params.o
    0x00023008   0x0000003c   Code   RO         3466    i.user_op_alloc     app_timer.o
    0x00023044   0x0000000c   Code   RO         3467    i.user_op_enque     app_timer.o
    0x00023050   0x0000004e   Code   RO          602    i.uuid_list_encode  ble_advdata.o
    0x0002309e   0x000000dc   Code   RO          603    i.uuid_list_sized_encode  ble_advdata.o
    0x0002317a   0x00000016   Code   RO         1366    i.wait_for_flash_ready  at_comhandler.o
    0x00023190   0x0000000c   Code   RO           50    i.wake_up_reply_timeout_handler  main.o
    0x0002319c   0x00000018   Code   RO           51    i.wake_up_reply_timer_init  main.o
    0x000231b4   0x00000018   Code   RO           52    i.wake_up_reply_timer_start  main.o
    0x000231cc   0x00000008   Code   RO          715    i.whitelist_has_entries  ble_advertising.o
    0x000231d4   0x00000006   Code   RO         4144    i.wmap              nrf_fstorage_sd.o
    0x000231da   0x00000002   PAD
    0x000231dc   0x00000054   Code   RO         4145    i.write             nrf_fstorage_sd.o
    0x00023230   0x00000058   Code   RO         4146    i.write_execute     nrf_fstorage_sd.o
    0x00023288   0x00000068   Data   RO           54    .constdata          main.o
    0x000232f0   0x0000000e   Data   RO         1186    .constdata          nrf_ble_gatt.o
    0x000232fe   0x00000002   PAD
    0x00023300   0x00000004   Data   RO         1368    .constdata          at_comhandler.o
    0x00023304   0x000002b2   Data   RO         1582    .constdata          ble_athandler.o
    0x000235b6   0x00000002   PAD
    0x000235b8   0x0000000c   Data   RO         2025    .constdata          lrd_at.o
    0x000235c4   0x00000010   Data   RO         2221    .constdata          ble_dfu.o
    0x000235d4   0x00000047   Data   RO         2688    .constdata          nrf_drv_gpiote.o
    0x0002361b   0x00000001   PAD
    0x0002361c   0x00000008   Data   RO         3160    .constdata          app_button.o
    0x00023624   0x00000020   Data   RO         3663    .constdata          app_uart_fifo.o
    0x00023644   0x00000010   Data   RO         4021    .constdata          nrf_fprintf_format.o
    0x00023654   0x00000030   Data   RO         4148    .constdata          nrf_fstorage_sd.o
    0x00023684   0x00000104   Data   RO         4470    .constdata          nrf_strerror.o
    0x00023788   0x0000000c   Data   RO         4640    .constdata          nrf_log_backend_rtt.o
    0x00023794   0x00000014   Data   RO         4796    .constdata          nrf_log_frontend.o
    0x000237a8   0x00000058   Data   RO         5295    .constdata          nrf_sdh.o
    0x00023800   0x00000030   Data   RO         5422    .constdata          nrf_sdh_ble.o
    0x00023830   0x0000001c   Data   RO         5473    .constdata          nrf_sdh_soc.o
    0x0002384c   0x00000018   Data   RO         5518    .constdata          dtm_app.o
    0x00023864   0x000000ff   Data   RO         5663    .constdata          ble_dtm.o
    0x00023963   0x00000001   PAD
    0x00023964   0x0000002c   Data   RO         5770    .constdata          bsp.o
    0x00023990   0x00000006   Data   RO         5966    .constdata          boards.o
    0x00023996   0x00000081   Data   RO         6163    .constdata          mc_w.l(ctype_o.o)
    0x00023a17   0x00000001   PAD
    0x00023a18   0x00000004   Data   RO         6164    .constdata          mc_w.l(ctype_o.o)
    0x00023a1c   0x00000210   Data   RO         1187    .conststring        nrf_ble_gatt.o
    0x00023c2c   0x00000307   Data   RO         4471    .conststring        nrf_strerror.o
    0x00023f33   0x00000001   PAD
    0x00023f34   0x00000009   Data   RO         4797    .conststring        nrf_log_frontend.o
    0x00023f3d   0x00000003   PAD
    0x00023f40   0x00000066   Data   RO         4975    .conststring        nrf_log_str_formatter.o
    0x00023fa6   0x00000002   PAD
    0x00023fa8   0x000001cf   Data   RO         5423    .conststring        nrf_sdh_ble.o
    0x00024177   0x00000001   PAD
    0x00024178   0x00000009   Data   RO         1188    .conststrlit        nrf_ble_gatt.o
    0x00024181   0x00000003   PAD
    0x00024184   0x00000006   Data   RO         2434    .conststrlit        nrf_drv_clock.o
    0x0002418a   0x00000002   PAD
    0x0002418c   0x00000007   Data   RO         2689    .conststrlit        nrf_drv_gpiote.o
    0x00024193   0x00000001   PAD
    0x00024194   0x00000005   Data   RO         2970    .conststrlit        nrf_drv_uart.o
    0x00024199   0x00000003   PAD
    0x0002419c   0x00000007   Data   RO         3927    .conststrlit        nrf_balloc.o
    0x000241a3   0x00000001   PAD
    0x000241a4   0x00000009   Data   RO         4365    .conststrlit        nrf_pwr_mgmt.o
    0x000241ad   0x00000003   PAD
    0x000241b0   0x00000004   Data   RO         4798    .conststrlit        nrf_log_frontend.o
    0x000241b4   0x00000008   Data   RO         5296    .conststrlit        nrf_sdh.o
    0x000241bc   0x0000000c   Data   RO         5424    .conststrlit        nrf_sdh_ble.o
    0x000241c8   0x0000000c   Data   RO         5474    .conststrlit        nrf_sdh_soc.o
    0x000241d4   0x00000020   Data   RO         6530    Region$$Table       anon$$obj.o
    0x000241f4   0x00000008   Data   RO         1189    log_const_data      nrf_ble_gatt.o
    0x000241fc   0x00000008   Data   RO         2435    log_const_data      nrf_drv_clock.o
    0x00024204   0x00000008   Data   RO         2690    log_const_data      nrf_drv_gpiote.o
    0x0002420c   0x00000008   Data   RO         2971    log_const_data      nrf_drv_uart.o
    0x00024214   0x00000008   Data   RO         3928    log_const_data      nrf_balloc.o
    0x0002421c   0x00000008   Data   RO         4367    log_const_data      nrf_pwr_mgmt.o
    0x00024224   0x00000008   Data   RO         4800    log_const_data      nrf_log_frontend.o
    0x0002422c   0x00000008   Data   RO         5298    log_const_data      nrf_sdh.o
    0x00024234   0x00000008   Data   RO         5425    log_const_data      nrf_sdh_ble.o
    0x0002423c   0x00000008   Data   RO         5475    log_const_data      nrf_sdh_soc.o
    0x00024244   0x00000008   Data   RO          957    sdh_ble_observers0  ble_conn_state.o
    0x0002424c   0x00000010   Data   RO           56    sdh_ble_observers1  main.o
    0x0002425c   0x00000008   Data   RO          846    sdh_ble_observers1  ble_conn_params.o
    0x00024264   0x00000008   Data   RO         5875    sdh_ble_observers1  bsp_btn_ble.o
    0x0002426c   0x00000008   Data   RO           57    sdh_ble_observers2  main.o
    0x00024274   0x00000008   Data   RO         2222    sdh_ble_observers2  ble_dfu.o
    0x0002427c   0x00000008   Data   RO           58    sdh_ble_observers3  main.o
    0x00024284   0x00000008   Data   RO         4150    sdh_req_observers0  nrf_fstorage_sd.o
    0x0002428c   0x00000008   Data   RO         2437    sdh_soc_observers0  nrf_drv_clock.o
    0x00024294   0x00000008   Data   RO         4151    sdh_soc_observers0  nrf_fstorage_sd.o
    0x0002429c   0x00000008   Data   RO           59    sdh_soc_observers1  main.o
    0x000242a4   0x00000008   Data   RO         2344    sdh_soc_observers1  ble_dfu_unbonded.o
    0x000242ac   0x00000008   Data   RO         5427    sdh_stack_observers0  nrf_sdh_ble.o
    0x000242b4   0x00000008   Data   RO         5477    sdh_stack_observers0  nrf_sdh_soc.o
    0x000242bc   0x00000008   Data   RO         2438    sdh_state_observers0  nrf_drv_clock.o
    0x000242c4   0x00000008   Data   RO         4152    sdh_state_observers0  nrf_fstorage_sd.o


    Execution Region RW_IRAM1 (Base: 0x20002190, Size: 0x00002d30, Max: 0x00003e70, ABSOLUTE, COMPRESSED[0x000000d0])

    Base Addr    Size         Type   Attr      Idx    E Section Name        Object

    0x20002190   0x0000000b   Data   RW           55    .data               main.o
    0x2000219b   0x00000001   PAD
    0x2000219c   0x00000008   Data   RW          845    .data               ble_conn_params.o
    0x200021a4   0x00000002   Data   RW         1369    .data               at_comhandler.o
    0x200021a6   0x00000002   PAD
    0x200021a8   0x00000006   Data   RW         1583    .data               ble_athandler.o
    0x200021ae   0x00000002   PAD
    0x200021b0   0x00000088   Data   RW         2026    .data               lrd_at.o
    0x20002238   0x0000004a   Data   RW         2169    .data               ble_dis.o
    0x20002282   0x00000002   PAD
    0x20002284   0x00000004   Data   RW         2343    .data               ble_dfu_unbonded.o
    0x20002288   0x00000014   Data   RW         3161    .data               app_button.o
    0x2000229c   0x00000014   Data   RW         3469    .data               app_timer.o
    0x200022b0   0x0000000f   Data   RW         3664    .data               app_uart_fifo.o
    0x200022bf   0x00000001   PAD
    0x200022c0   0x00000008   Data   RW         4149    .data               nrf_fstorage_sd.o
    0x200022c8   0x00000009   Data   RW         4366    .data               nrf_pwr_mgmt.o
    0x200022d1   0x00000003   PAD
    0x200022d4   0x00000008   Data   RW         4503    .data               retarget.o
    0x200022dc   0x0000000c   Data   RW         4733    .data               nrf_log_default_backends.o
    0x200022e8   0x00000014   Data   RW         4799    .data               nrf_log_frontend.o
    0x200022fc   0x00000038   Data   RW         4976    .data               nrf_log_str_formatter.o
    0x20002334   0x00000003   Data   RW         5297    .data               nrf_sdh.o
    0x20002337   0x00000007   Data   RW         5519    .data               dtm_app.o
    0x2000233e   0x00000002   PAD
    0x20002340   0x0000004c   Data   RW         5664    .data               ble_dtm.o
    0x2000238c   0x00000019   Data   RW         5771    .data               bsp.o
    0x200023a5   0x00000003   PAD
    0x200023a8   0x00000004   Data   RW         5874    .data               bsp_btn_ble.o
    0x200023ac   0x00000004   Data   RW         6082    .data               system_nrf52810.o
    0x200023b0   0x00000004   Data   RW         6511    .data               mc_w.l(mvars.o)
    0x200023b4   0x00000004   Data   RW         6512    .data               mc_w.l(mvars.o)
    0x200023b8   0x00000014   Data   RW         1370    fs_data             at_comhandler.o
    0x200023cc   0x0000000c   Data   RW         1190    log_dynamic_data    nrf_ble_gatt.o
    0x200023d8   0x0000000c   Data   RW         2436    log_dynamic_data    nrf_drv_clock.o
    0x200023e4   0x0000000c   Data   RW         2691    log_dynamic_data    nrf_drv_gpiote.o
    0x200023f0   0x0000000c   Data   RW         2972    log_dynamic_data    nrf_drv_uart.o
    0x200023fc   0x0000000c   Data   RW         3929    log_dynamic_data    nrf_balloc.o
    0x20002408   0x0000000c   Data   RW         4368    log_dynamic_data    nrf_pwr_mgmt.o
    0x20002414   0x0000000c   Data   RW         4801    log_dynamic_data    nrf_log_frontend.o
    0x20002420   0x0000000c   Data   RW         5299    log_dynamic_data    nrf_sdh.o
    0x2000242c   0x0000000c   Data   RW         5426    log_dynamic_data    nrf_sdh_ble.o
    0x20002438   0x0000000c   Data   RW         5476    log_dynamic_data    nrf_sdh_soc.o
    0x20002444   0x000008bc   Zero   RW           53    .bss                main.o
    0x20002d00   0x00000050   Zero   RW          844    .bss                ble_conn_params.o
    0x20002d50   0x000000b8   Zero   RW          956    .bss                ble_conn_state.o
    0x20002e08   0x00000020   Zero   RW         1367    .bss                at_comhandler.o
    0x20002e28   0x0000007b   Zero   RW         1581    .bss                ble_athandler.o
    0x20002ea3   0x00000001   PAD
    0x20002ea4   0x0000020c   Zero   RW         1958    .bss                het_open_platform.o
    0x200030b0   0x00000020   Zero   RW         2024    .bss                lrd_at.o
    0x200030d0   0x0000001c   Zero   RW         2220    .bss                ble_dfu.o
    0x200030ec   0x00000028   Zero   RW         2342    .bss                ble_dfu_unbonded.o
    0x20003114   0x00000014   Zero   RW         2432    .bss                nrf_drv_clock.o
    0x20003128   0x00000058   Zero   RW         2687    .bss                nrf_drv_gpiote.o
    0x20003180   0x0000001c   Zero   RW         2969    .bss                nrf_drv_uart.o
    0x2000319c   0x00000020   Zero   RW         3159    .bss                app_button.o
    0x200031bc   0x0000010c   Zero   RW         3468    .bss                app_timer.o
    0x200032c8   0x00000020   Zero   RW         3662    .bss                app_uart_fifo.o
    0x200032e8   0x0000000c   Zero   RW         3731    .bss                app_util_platform.o
    0x200032f4   0x000000b0   Zero   RW         4147    .bss                nrf_fstorage_sd.o
    0x200033a4   0x0000000c   Zero   RW         4363    .bss                nrf_pwr_mgmt.o
    0x200033b0   0x00000040   Zero   RW         4639    .bss                nrf_log_backend_rtt.o
    0x200033f0   0x000004e0   Zero   RW         4795    .bss                nrf_log_frontend.o
    0x200038d0   0x00000288   Zero   RW         5047    .bss                segger_rtt.o
    0x20003b58   0x00000200   Zero   RW         5517    .bss                dtm_app.o
    0x20003d58   0x00000101   Zero   RW         5662    .bss                ble_dtm.o
    0x20003e59   0x00000003   PAD
    0x20003e5c   0x00000060   Zero   RW         5769    .bss                bsp.o
    0x20003ebc   0x00000004   PAD
    0x20003ec0   0x00000800   Zero   RW         6060    HEAP                arm_startup_nrf52810.o
    0x200046c0   0x00000800   Zero   RW         6059    STACK               arm_startup_nrf52810.o


==============================================================================

Image component sizes


      Code (inc. data)   RO Data    RW Data    ZI Data      Debug   Object Name

       480         80          8         20         32       7670   app_button.o
        28          0          0          0          0       2117   app_error.o
       176         42          0          0          0        842   app_error_weak.o
       170          0          0          0          0       5942   app_fifo.o
      2200        248          0         20        268      49627   app_timer.o
       602         92         32         15         32      12674   app_uart_fifo.o
       200         24          0          0         12      10294   app_util_platform.o
        36          8        512          0       4096        900   arm_startup_nrf52810.o
      1020        194          4         22         32      17252   at_comhandler.o
      1818          0          0          0          0      39631   ble_advdata.o
      1216          6          0          0          0      14232   ble_advertising.o
      3348        560        690          6        123      52772   ble_athandler.o
       936         56          8          8         80      12591   ble_conn_params.o
       320         24          8          0        184       4960   ble_conn_state.o
       746         86         24          0         28      13656   ble_dfu.o
       752         38          8          4         40       7725   ble_dfu_unbonded.o
       948         46          0         74          0       6059   ble_dis.o
      2204        316        255         76        257      38745   ble_dtm.o
       138         20          0          0          0       3347   ble_dtm_hw_nrf52.o
      1394          8          0          0          0      13960   ble_nus.o
        66          0          0          0          0      24530   ble_srv_common.o
       358         26          6          0          0      11749   boards.o
      1450        120         44         25         96      12423   bsp.o
        48          6          8          4          0       2256   bsp_btn_ble.o
      1146         54         24          7        512      13788   dtm_app.o
       352         10          0          0        524       9522   het_open_platform.o
      1476        146         12        136         32      41873   lrd_at.o
      3764        410        144         11       2236     173993   main.o
       374          0          0          0          0       7888   nrf_atfifo.o
       218          0         15         12          0       4977   nrf_balloc.o
      1010        234        559         12          0      16418   nrf_ble_gatt.o
       516         52         30         12         20      40287   nrf_drv_clock.o
        96         12          0          0          0      25195   nrf_drv_common.o
      1630        104         86         12         88      34592   nrf_drv_gpiote.o
      1450         44         13         12         28      34449   nrf_drv_uart.o
        70          0          0          0          0       3561   nrf_fprintf.o
      1018          6         16          0          0       6006   nrf_fprintf_format.o
       428         10          0          0          0       6656   nrf_fstorage.o
      1284        120         72          8        176      22339   nrf_fstorage_sd.o
       106          8         12          0         64       5565   nrf_log_backend_rtt.o
       254          0          0          0          0      10511   nrf_log_backend_serial.o
        36          4          0         12          0       3214   nrf_log_default_backends.o
      2012         92         41         32       1248      33396   nrf_log_frontend.o
       544         70        102         56          0       5284   nrf_log_str_formatter.o
       660          0          0          0          0      13115   nrf_memobj.o
       492         34         17         21         12      17265   nrf_pwr_mgmt.o
       916         92        104         15          0      47529   nrf_sdh.o
       736        166        539         12          0       6443   nrf_sdh_ble.o
        84          4         56         12          0       2820   nrf_sdh_soc.o
       112          0          0          0          0       2756   nrf_section_iter.o
        92         10       1035          0          0       2731   nrf_strerror.o
        16          0          0          8          0       2902   retarget.o
       270          0          0          0          0       5398   sdk_mapped_flags.o
       470         44          0          0        648       8377   segger_rtt.o
      1412        158          0          4          0       8283   system_nrf52810.o

    ----------------------------------------------------------------------
     43794       3884       4542        684      10876     983087   Object Totals
         0          0         32          0          0          0   (incl. Generated)
        96          0         26         16          8          0   (incl. Padding)

    ----------------------------------------------------------------------

      Code (inc. data)   RO Data    RW Data    ZI Data      Debug   Library Member Name

        86          0          0          0          0          0   __dczerorl2.o
         8          4        133          0          0         68   ctype_o.o
         0          0          0          0          0          0   entry.o
         0          0          0          0          0          0   entry10a.o
         0          0          0          0          0          0   entry11a.o
         8          4          0          0          0          0   entry2.o
         4          0          0          0          0          0   entry5.o
         0          0          0          0          0          0   entry7b.o
         0          0          0          0          0          0   entry8b.o
         8          4          0          0          0          0   entry9a.o
        30          0          0          0          0          0   handlers.o
        36          8          0          0          0         68   init.o
        30          0          0          0          0         68   llshl.o
        32          0          0          0          0         68   llushr.o
       188         20          0          0          0        160   malloc.o
        26          0          0          0          0         80   memcmp.o
        36          0          0          0          0         68   memcpya.o
        36          0          0          0          0        108   memseta.o
         0          0          0          8          0          0   mvars.o
       736         56          0          0          0        184   printf5.o
        18          0          0          0          0         68   strcpy.o
        14          0          0          0          0         68   strlen.o
        98          0          0          0          0         92   uldiv.o

    ----------------------------------------------------------------------
      1398         96        134          8          0       1100   Library Totals
         4          0          1          0          0          0   (incl. Padding)

    ----------------------------------------------------------------------

      Code (inc. data)   RO Data    RW Data    ZI Data      Debug   Library Name

      1394         96        133          8          0       1100   mc_w.l

    ----------------------------------------------------------------------
      1398         96        134          8          0       1100   Library Totals

    ----------------------------------------------------------------------

==============================================================================


      Code (inc. data)   RO Data    RW Data    ZI Data      Debug   

     45192       3980       4676        692      10876     955715   Grand Totals
     45192       3980       4676        208      10876     955715   ELF Image Totals (compressed)
     45192       3980       4676        208          0          0   ROM Totals

==============================================================================

    Total RO  Size (Code + RO Data)                49868 (  48.70kB)
    Total RW  Size (RW Data + ZI Data)             11568 (  11.30kB)
    Total ROM Size (Code + RO Data + RW Data)      50076 (  48.90kB)

==============================================================================

