<!doctype html public "-//w3c//dtd html 4.0 transitional//en">
<html><head>
<title>Static Call Graph - [.\_build\nrf52810_xxaa.axf]</title></head>
<body><HR>
<H1>Static Call Graph for image .\_build\nrf52810_xxaa.axf</H1><HR>
<BR><P>#&#060CALLGRAPH&#062# ARM Linker, 5060183: Last Updated: Sat Jan 20 12:38:33 2018
<BR><P>
<H3>Maximum Stack Usage =        752 bytes + Unknown(Cycles, Untraceable Function Pointers)</H3><H3>
Call chain for Maximum Stack Depth:</H3>
nrf_sdh_ble_evts_poll &rArr; app_error_handler_bare &rArr; app_error_fault_handler &rArr; nrf_log_frontend_std_0 &rArr; std_n &rArr; nrf_log_frontend_dequeue &rArr; nrf_memobj_put &rArr; nrf_memobj_free &rArr; nrf_balloc_free &rArr; app_util_critical_region_enter &rArr; sd_nvic_critical_region_enter
<P>
<H3>
Mutually Recursive functions
</H3> <LI><a href="#[12]">NMI_Handler</a>&nbsp;&nbsp;&nbsp;&rArr;&nbsp;&nbsp;&nbsp;<a href="#[12]">NMI_Handler</a><BR>
 <LI><a href="#[13]">HardFault_Handler</a>&nbsp;&nbsp;&nbsp;&rArr;&nbsp;&nbsp;&nbsp;<a href="#[13]">HardFault_Handler</a><BR>
 <LI><a href="#[14]">MemoryManagement_Handler</a>&nbsp;&nbsp;&nbsp;&rArr;&nbsp;&nbsp;&nbsp;<a href="#[14]">MemoryManagement_Handler</a><BR>
 <LI><a href="#[15]">BusFault_Handler</a>&nbsp;&nbsp;&nbsp;&rArr;&nbsp;&nbsp;&nbsp;<a href="#[15]">BusFault_Handler</a><BR>
 <LI><a href="#[16]">UsageFault_Handler</a>&nbsp;&nbsp;&nbsp;&rArr;&nbsp;&nbsp;&nbsp;<a href="#[16]">UsageFault_Handler</a><BR>
 <LI><a href="#[17]">SVC_Handler</a>&nbsp;&nbsp;&nbsp;&rArr;&nbsp;&nbsp;&nbsp;<a href="#[17]">SVC_Handler</a><BR>
 <LI><a href="#[18]">DebugMon_Handler</a>&nbsp;&nbsp;&nbsp;&rArr;&nbsp;&nbsp;&nbsp;<a href="#[18]">DebugMon_Handler</a><BR>
 <LI><a href="#[19]">PendSV_Handler</a>&nbsp;&nbsp;&nbsp;&rArr;&nbsp;&nbsp;&nbsp;<a href="#[19]">PendSV_Handler</a><BR>
 <LI><a href="#[1a]">SysTick_Handler</a>&nbsp;&nbsp;&nbsp;&rArr;&nbsp;&nbsp;&nbsp;<a href="#[1a]">SysTick_Handler</a><BR>
 <LI><a href="#[29]">CCM_AAR_IRQHandler</a>&nbsp;&nbsp;&nbsp;&rArr;&nbsp;&nbsp;&nbsp;<a href="#[29]">CCM_AAR_IRQHandler</a><BR>
 <LI><a href="#[8e]">nrf_fstorage_sys_evt_handler</a>&nbsp;&nbsp;&nbsp;&rArr;&nbsp;&nbsp;&nbsp;<a href="#[203]">queue_process</a><BR>
 <LI><a href="#[98]">__asm___12_nrf_atfifo_c_51f461e1__nrf_atfifo_rspace_close</a>&nbsp;&nbsp;&nbsp;&rArr;&nbsp;&nbsp;&nbsp;<a href="#[98]">__asm___12_nrf_atfifo_c_51f461e1__nrf_atfifo_rspace_close</a><BR>
 <LI><a href="#[97]">__asm___12_nrf_atfifo_c_51f461e1__nrf_atfifo_wspace_close</a>&nbsp;&nbsp;&nbsp;&rArr;&nbsp;&nbsp;&nbsp;<a href="#[97]">__asm___12_nrf_atfifo_c_51f461e1__nrf_atfifo_wspace_close</a><BR>
</UL>
<P>
<H3>
Function Pointers
</H3><UL>
 <LI><a href="#[73]">BLE_DisconConHandler</a> from ble_athandler.o(i.BLE_DisconConHandler) referenced from ble_athandler.o(.constdata)
 <LI><a href="#[69]">BLE_GetMacAddressHandler</a> from ble_athandler.o(i.BLE_GetMacAddressHandler) referenced from ble_athandler.o(.constdata)
 <LI><a href="#[6a]">BLE_GetPeripheralRoleHandler</a> from ble_athandler.o(i.BLE_GetPeripheralRoleHandler) referenced from ble_athandler.o(.constdata)
 <LI><a href="#[68]">BLE_GetUartDelayTime</a> from ble_athandler.o(i.BLE_GetUartDelayTime) referenced from ble_athandler.o(.constdata)
 <LI><a href="#[74]">BLE_PeriPheralRecoveryHandler</a> from ble_athandler.o(i.BLE_PeriPheralRecoveryHandler) referenced from ble_athandler.o(.constdata)
 <LI><a href="#[57]">BLE_PeriRssiHandler</a> from ble_athandler.o(i.BLE_PeriRssiHandler) referenced from ble_athandler.o(.constdata)
 <LI><a href="#[6d]">BLE_QueryAdvIntervalHandler</a> from ble_athandler.o(i.BLE_QueryAdvIntervalHandler) referenced from ble_athandler.o(.constdata)
 <LI><a href="#[70]">BLE_QueryBondModeHandler</a> from ble_athandler.o(i.BLE_QueryBondModeHandler) referenced from ble_athandler.o(.constdata)
 <LI><a href="#[6e]">BLE_QueryConnIntervalHandler</a> from ble_athandler.o(i.BLE_QueryConnIntervalHandler) referenced from ble_athandler.o(.constdata)
 <LI><a href="#[6c]">BLE_QueryDeviceNameHandler</a> from ble_athandler.o(i.BLE_QueryDeviceNameHandler) referenced from ble_athandler.o(.constdata)
 <LI><a href="#[76]">BLE_QueryDeviceTypeHandler</a> from ble_athandler.o(i.BLE_QueryDeviceTypeHandler) referenced from ble_athandler.o(.constdata)
 <LI><a href="#[67]">BLE_QueryEncryTypeHandler</a> from ble_athandler.o(i.BLE_QueryEncryTypeHandler) referenced from ble_athandler.o(.constdata)
 <LI><a href="#[63]">BLE_QueryHardwarRevHandler</a> from ble_athandler.o(i.BLE_QueryHardwarRevHandler) referenced from ble_athandler.o(.constdata)
 <LI><a href="#[66]">BLE_QueryIEEE11073Handler</a> from ble_athandler.o(i.BLE_QueryIEEE11073Handler) referenced from ble_athandler.o(.constdata)
 <LI><a href="#[61]">BLE_QueryManufactureNameHandler</a> from ble_athandler.o(i.BLE_QueryManufactureNameHandler) referenced from ble_athandler.o(.constdata)
 <LI><a href="#[71]">BLE_QueryPassKeyHandler</a> from ble_athandler.o(i.BLE_QueryPassKeyHandler) referenced from ble_athandler.o(.constdata)
 <LI><a href="#[75]">BLE_QueryPeriPheralStateHandler</a> from ble_athandler.o(i.BLE_QueryPeriPheralStateHandler) referenced from ble_athandler.o(.constdata)
 <LI><a href="#[65]">BLE_QueryPnpIdHandler</a> from ble_athandler.o(i.BLE_QueryPnpIdHandler) referenced from ble_athandler.o(.constdata)
 <LI><a href="#[62]">BLE_QuerySerialNumberHandler</a> from ble_athandler.o(i.BLE_QuerySerialNumberHandler) referenced from ble_athandler.o(.constdata)
 <LI><a href="#[64]">BLE_QuerySoftwareRevHandler</a> from ble_athandler.o(i.BLE_QuerySoftwareRevHandler) referenced from ble_athandler.o(.constdata)
 <LI><a href="#[6f]">BLE_QueryTxPowerHandler</a> from ble_athandler.o(i.BLE_QueryTxPowerHandler) referenced from ble_athandler.o(.constdata)
 <LI><a href="#[6b]">BLE_QueryUartConfigHandler</a> from ble_athandler.o(i.BLE_QueryUartConfigHandler) referenced from ble_athandler.o(.constdata)
 <LI><a href="#[56]">BLE_SetAdvEnableHandler</a> from ble_athandler.o(i.BLE_SetAdvEnableHandler) referenced from ble_athandler.o(.constdata)
 <LI><a href="#[51]">BLE_SetAdvIntervalHandler</a> from ble_athandler.o(i.BLE_SetAdvIntervalHandler) referenced from ble_athandler.o(.constdata)
 <LI><a href="#[54]">BLE_SetBondModeHandler</a> from ble_athandler.o(i.BLE_SetBondModeHandler) referenced from ble_athandler.o(.constdata)
 <LI><a href="#[52]">BLE_SetConnIntervalHandler</a> from ble_athandler.o(i.BLE_SetConnIntervalHandler) referenced from ble_athandler.o(.constdata)
 <LI><a href="#[50]">BLE_SetDeviceNameHandler</a> from ble_athandler.o(i.BLE_SetDeviceNameHandler) referenced from ble_athandler.o(.constdata)
 <LI><a href="#[58]">BLE_SetDeviceTypeHandler</a> from ble_athandler.o(i.BLE_SetDeviceTypeHandler) referenced from ble_athandler.o(.constdata)
 <LI><a href="#[5f]">BLE_SetEncryTypeHandler</a> from ble_athandler.o(i.BLE_SetEncryTypeHandler) referenced from ble_athandler.o(.constdata)
 <LI><a href="#[5b]">BLE_SetHardwarRevHandler</a> from ble_athandler.o(i.BLE_SetHardwarRevHandler) referenced from ble_athandler.o(.constdata)
 <LI><a href="#[5d]">BLE_SetIEEE11073Handler</a> from ble_athandler.o(i.BLE_SetIEEE11073Handler) referenced from ble_athandler.o(.constdata)
 <LI><a href="#[59]">BLE_SetManufactureNameHandler</a> from ble_athandler.o(i.BLE_SetManufactureNameHandler) referenced from ble_athandler.o(.constdata)
 <LI><a href="#[55]">BLE_SetPassKeyHandler</a> from ble_athandler.o(i.BLE_SetPassKeyHandler) referenced from ble_athandler.o(.constdata)
 <LI><a href="#[5e]">BLE_SetPnpIdHandler</a> from ble_athandler.o(i.BLE_SetPnpIdHandler) referenced from ble_athandler.o(.constdata)
 <LI><a href="#[5a]">BLE_SetSerialNumberHandler</a> from ble_athandler.o(i.BLE_SetSerialNumberHandler) referenced from ble_athandler.o(.constdata)
 <LI><a href="#[5c]">BLE_SetSoftwareRevHandler</a> from ble_athandler.o(i.BLE_SetSoftwareRevHandler) referenced from ble_athandler.o(.constdata)
 <LI><a href="#[53]">BLE_SetTxPowerHandler</a> from ble_athandler.o(i.BLE_SetTxPowerHandler) referenced from ble_athandler.o(.constdata)
 <LI><a href="#[4f]">BLE_SetUartConfigHandler</a> from ble_athandler.o(i.BLE_SetUartConfigHandler) referenced from ble_athandler.o(.constdata)
 <LI><a href="#[60]">BLE_SetUartDelayTime</a> from ble_athandler.o(i.BLE_SetUartDelayTime) referenced from ble_athandler.o(.constdata)
 <LI><a href="#[72]">BLE_SystemResetHandler</a> from ble_athandler.o(i.BLE_SystemResetHandler) referenced from ble_athandler.o(.constdata)
 <LI><a href="#[77]">BLE_UartResponseHandler</a> from ble_athandler.o(i.BLE_UartResponseHandler) referenced from ble_athandler.o(.constdata)
 <LI><a href="#[15]">BusFault_Handler</a> from arm_startup_nrf52810.o(.text) referenced from arm_startup_nrf52810.o(RESET)
 <LI><a href="#[29]">CCM_AAR_IRQHandler</a> from arm_startup_nrf52810.o(.text) referenced from arm_startup_nrf52810.o(RESET)
 <LI><a href="#[2d]">COMP_IRQHandler</a> from arm_startup_nrf52810.o(.text) referenced from arm_startup_nrf52810.o(RESET)
 <LI><a href="#[18]">DebugMon_Handler</a> from arm_startup_nrf52810.o(.text) referenced from arm_startup_nrf52810.o(RESET)
 <LI><a href="#[28]">ECB_IRQHandler</a> from arm_startup_nrf52810.o(.text) referenced from arm_startup_nrf52810.o(RESET)
 <LI><a href="#[20]">GPIOTE_IRQHandler</a> from nrf_drv_gpiote.o(i.GPIOTE_IRQHandler) referenced from arm_startup_nrf52810.o(RESET)
 <LI><a href="#[13]">HardFault_Handler</a> from arm_startup_nrf52810.o(.text) referenced from arm_startup_nrf52810.o(RESET)
 <LI><a href="#[d]">La_Factory</a> from lrd_at.o(i.La_Factory) referenced 2 times from lrd_at.o(.data)
 <LI><a href="#[8]">La_GetAdvInterval</a> from lrd_at.o(i.La_GetAdvInterval) referenced 2 times from lrd_at.o(.data)
 <LI><a href="#[1]">La_GetBr</a> from lrd_at.o(i.La_GetBr) referenced 2 times from lrd_at.o(.data)
 <LI><a href="#[3]">La_GetConnInterval</a> from lrd_at.o(i.La_GetConnInterval) referenced 2 times from lrd_at.o(.data)
 <LI><a href="#[6]">La_GetDeviceName</a> from lrd_at.o(i.La_GetDeviceName) referenced 2 times from lrd_at.o(.data)
 <LI><a href="#[f]">La_GetFwVersion</a> from lrd_at.o(i.La_GetFwVersion) referenced 2 times from lrd_at.o(.data)
 <LI><a href="#[4]">La_GetMacAddr</a> from lrd_at.o(i.La_GetMacAddr) referenced 2 times from lrd_at.o(.data)
 <LI><a href="#[a]">La_GetTxPower</a> from lrd_at.o(i.La_GetTxPower) referenced 2 times from lrd_at.o(.data)
 <LI><a href="#[c]">La_GetUartDelay</a> from lrd_at.o(i.La_GetUartDelay) referenced 2 times from lrd_at.o(.data)
 <LI><a href="#[e]">La_Reset</a> from lrd_at.o(i.La_Reset) referenced 2 times from lrd_at.o(.data)
 <LI><a href="#[7]">La_SetAdvInterval</a> from lrd_at.o(i.La_SetAdvInterval) referenced 2 times from lrd_at.o(.data)
 <LI><a href="#[0]">La_SetBr</a> from lrd_at.o(i.La_SetBr) referenced 2 times from lrd_at.o(.data)
 <LI><a href="#[2]">La_SetConnInterval</a> from lrd_at.o(i.La_SetConnInterval) referenced 2 times from lrd_at.o(.data)
 <LI><a href="#[5]">La_SetDeviceName</a> from lrd_at.o(i.La_SetDeviceName) referenced 2 times from lrd_at.o(.data)
 <LI><a href="#[9]">La_SetTxPower</a> from lrd_at.o(i.La_SetTxPower) referenced 2 times from lrd_at.o(.data)
 <LI><a href="#[b]">La_SetUartDelay</a> from lrd_at.o(i.La_SetUartDelay) referenced 2 times from lrd_at.o(.data)
 <LI><a href="#[14]">MemoryManagement_Handler</a> from arm_startup_nrf52810.o(.text) referenced from arm_startup_nrf52810.o(RESET)
 <LI><a href="#[12]">NMI_Handler</a> from arm_startup_nrf52810.o(.text) referenced from arm_startup_nrf52810.o(RESET)
 <LI><a href="#[35]">PDM_IRQHandler</a> from arm_startup_nrf52810.o(.text) referenced from arm_startup_nrf52810.o(RESET)
 <LI><a href="#[1b]">POWER_CLOCK_IRQHandler</a> from nrf_drv_clock.o(i.POWER_CLOCK_IRQHandler) referenced from arm_startup_nrf52810.o(RESET)
 <LI><a href="#[34]">PWM0_IRQHandler</a> from arm_startup_nrf52810.o(.text) referenced from arm_startup_nrf52810.o(RESET)
 <LI><a href="#[19]">PendSV_Handler</a> from arm_startup_nrf52810.o(.text) referenced from arm_startup_nrf52810.o(RESET)
 <LI><a href="#[39]">PowerUp_write_timeout_handler</a> from at_comhandler.o(i.PowerUp_write_timeout_handler) referenced from at_comhandler.o(i.PowerUp_write_timer_init)
 <LI><a href="#[2c]">QDEC_IRQHandler</a> from arm_startup_nrf52810.o(.text) referenced from arm_startup_nrf52810.o(RESET)
 <LI><a href="#[1c]">RADIO_IRQHandler</a> from arm_startup_nrf52810.o(.text) referenced from arm_startup_nrf52810.o(RESET)
 <LI><a href="#[27]">RNG_IRQHandler</a> from arm_startup_nrf52810.o(.text) referenced from arm_startup_nrf52810.o(RESET)
 <LI><a href="#[25]">RTC0_IRQHandler</a> from arm_startup_nrf52810.o(.text) referenced from arm_startup_nrf52810.o(RESET)
 <LI><a href="#[2b]">RTC1_IRQHandler</a> from app_timer.o(i.RTC1_IRQHandler) referenced from arm_startup_nrf52810.o(RESET)
 <LI><a href="#[11]">Reset_Handler</a> from arm_startup_nrf52810.o(.text) referenced from arm_startup_nrf52810.o(RESET)
 <LI><a href="#[21]">SAADC_IRQHandler</a> from arm_startup_nrf52810.o(.text) referenced from arm_startup_nrf52810.o(RESET)
 <LI><a href="#[1f]">SPIM0_SPIS0_IRQHandler</a> from arm_startup_nrf52810.o(.text) referenced from arm_startup_nrf52810.o(RESET)
 <LI><a href="#[17]">SVC_Handler</a> from arm_startup_nrf52810.o(.text) referenced from arm_startup_nrf52810.o(RESET)
 <LI><a href="#[2e]">SWI0_EGU0_IRQHandler</a> from app_timer.o(i.SWI0_EGU0_IRQHandler) referenced from arm_startup_nrf52810.o(RESET)
 <LI><a href="#[2f]">SWI1_EGU1_IRQHandler</a> from arm_startup_nrf52810.o(.text) referenced from arm_startup_nrf52810.o(RESET)
 <LI><a href="#[30]">SWI2_IRQHandler</a> from nrf_sdh.o(i.SWI2_IRQHandler) referenced from arm_startup_nrf52810.o(RESET)
 <LI><a href="#[31]">SWI3_IRQHandler</a> from arm_startup_nrf52810.o(.text) referenced from arm_startup_nrf52810.o(RESET)
 <LI><a href="#[32]">SWI4_IRQHandler</a> from arm_startup_nrf52810.o(.text) referenced from arm_startup_nrf52810.o(RESET)
 <LI><a href="#[33]">SWI5_IRQHandler</a> from arm_startup_nrf52810.o(.text) referenced from arm_startup_nrf52810.o(RESET)
 <LI><a href="#[1a]">SysTick_Handler</a> from arm_startup_nrf52810.o(.text) referenced from arm_startup_nrf52810.o(RESET)
 <LI><a href="#[37]">SystemInit</a> from system_nrf52810.o(i.SystemInit) referenced from arm_startup_nrf52810.o(.text)
 <LI><a href="#[26]">TEMP_IRQHandler</a> from arm_startup_nrf52810.o(.text) referenced from arm_startup_nrf52810.o(RESET)
 <LI><a href="#[22]">TIMER0_IRQHandler</a> from arm_startup_nrf52810.o(.text) referenced from arm_startup_nrf52810.o(RESET)
 <LI><a href="#[23]">TIMER1_IRQHandler</a> from arm_startup_nrf52810.o(.text) referenced from arm_startup_nrf52810.o(RESET)
 <LI><a href="#[24]">TIMER2_IRQHandler</a> from arm_startup_nrf52810.o(.text) referenced from arm_startup_nrf52810.o(RESET)
 <LI><a href="#[1e]">TWIM0_TWIS0_IRQHandler</a> from arm_startup_nrf52810.o(.text) referenced from arm_startup_nrf52810.o(RESET)
 <LI><a href="#[1d]">UARTE0_IRQHandler</a> from nrf_drv_uart.o(i.UARTE0_IRQHandler) referenced from arm_startup_nrf52810.o(RESET)
 <LI><a href="#[16]">UsageFault_Handler</a> from arm_startup_nrf52810.o(.text) referenced from arm_startup_nrf52810.o(RESET)
 <LI><a href="#[2a]">WDT_IRQHandler</a> from arm_startup_nrf52810.o(.text) referenced from arm_startup_nrf52810.o(RESET)
 <LI><a href="#[38]">__main</a> from entry.o(.ARM.Collect$$$$00000000) referenced from arm_startup_nrf52810.o(.text)
 <LI><a href="#[41]">alert_timer_handler</a> from bsp.o(i.alert_timer_handler) referenced from bsp.o(i.bsp_init)
 <LI><a href="#[48]">app_error_fault_handler</a> from app_error_weak.o(i.app_error_fault_handler) referenced from nrf_sdh.o(i.nrf_sdh_enable_request)
 <LI><a href="#[86]">ble_advertising_on_ble_evt</a> from ble_advertising.o(i.ble_advertising_on_ble_evt) referenced from main.o(sdh_ble_observers1)
 <LI><a href="#[8f]">ble_advertising_on_sys_evt</a> from ble_advertising.o(i.ble_advertising_on_sys_evt) referenced from main.o(sdh_soc_observers1)
 <LI><a href="#[8a]">ble_dfu_buttonless_on_ble_evt</a> from ble_dfu.o(i.ble_dfu_buttonless_on_ble_evt) referenced from ble_dfu.o(sdh_ble_observers2)
 <LI><a href="#[90]">ble_dfu_buttonless_on_sys_evt</a> from ble_dfu_unbonded.o(i.ble_dfu_buttonless_on_sys_evt) referenced from ble_dfu_unbonded.o(sdh_soc_observers1)
 <LI><a href="#[4e]">ble_dfu_evt_handler</a> from main.o(i.ble_dfu_evt_handler) referenced from main.o(.constdata)
 <LI><a href="#[84]">ble_evt_handler</a> from ble_conn_state.o(i.ble_evt_handler) referenced from ble_conn_state.o(sdh_ble_observers0)
 <LI><a href="#[87]">ble_evt_handler</a> from ble_conn_params.o(i.ble_evt_handler) referenced 2 times from ble_conn_params.o(sdh_ble_observers1)
 <LI><a href="#[8b]">ble_evt_handler</a> from main.o(i.ble_evt_handler) referenced from main.o(sdh_ble_observers3)
 <LI><a href="#[89]">ble_nus_on_ble_evt</a> from ble_nus.o(i.ble_nus_on_ble_evt) referenced from main.o(sdh_ble_observers2)
 <LI><a href="#[83]">bsp_button_event_handler</a> from bsp.o(i.bsp_button_event_handler) referenced 4 times from bsp.o(.constdata)
 <LI><a href="#[42]">bsp_event_handler</a> from main.o(i.bsp_event_handler) referenced from main.o(i.button_init)
 <LI><a href="#[3f]">button_timer_handler</a> from bsp.o(i.button_timer_handler) referenced from bsp.o(i.bsp_init)
 <LI><a href="#[44]">conn_params_error_handler</a> from main.o(i.conn_params_error_handler) referenced from main.o(i.conn_params_init)
 <LI><a href="#[3c]">detection_delay_timeout_handler</a> from app_button.o(i.detection_delay_timeout_handler) referenced from app_button.o(i.app_button_init)
 <LI><a href="#[7c]">erase</a> from nrf_fstorage_sd.o(i.erase) referenced from nrf_fstorage_sd.o(.constdata)
 <LI><a href="#[3a]">fputc</a> from retarget.o(i.fputc) referenced from printf5.o(i.__0printf$5)
 <LI><a href="#[10]">fs_evt_handler</a> from at_comhandler.o(i.fs_evt_handler) referenced 2 times from at_comhandler.o(fs_data)
 <LI><a href="#[46]">gatt_evt_handler</a> from main.o(i.gatt_evt_handler) referenced from main.o(i.gatt_init)
 <LI><a href="#[3b]">gpiote_event_handler</a> from app_button.o(i.gpiote_event_handler) referenced from app_button.o(i.app_button_init)
 <LI><a href="#[78]">init</a> from nrf_fstorage_sd.o(i.init) referenced from nrf_fstorage_sd.o(.constdata)
 <LI><a href="#[7f]">is_busy</a> from nrf_fstorage_sd.o(i.is_busy) referenced from nrf_fstorage_sd.o(.constdata)
 <LI><a href="#[40]">leds_timer_handler</a> from bsp.o(i.leds_timer_handler) referenced from bsp.o(i.bsp_init)
 <LI><a href="#[36]">main</a> from main.o(i.main) referenced from entry9a.o(.ARM.Collect$$$$0000000B)
 <LI><a href="#[85]">nrf_ble_gatt_on_ble_evt</a> from nrf_ble_gatt.o(i.nrf_ble_gatt_on_ble_evt) referenced from main.o(sdh_ble_observers1)
 <LI><a href="#[8c]">nrf_fstorage_sdh_req_handler</a> from nrf_fstorage_sd.o(i.nrf_fstorage_sdh_req_handler) referenced from nrf_fstorage_sd.o(sdh_req_observers0)
 <LI><a href="#[94]">nrf_fstorage_sdh_state_handler</a> from nrf_fstorage_sd.o(i.nrf_fstorage_sdh_state_handler) referenced from nrf_fstorage_sd.o(sdh_state_observers0)
 <LI><a href="#[8e]">nrf_fstorage_sys_evt_handler</a> from nrf_fstorage_sd.o(i.nrf_fstorage_sys_evt_handler) referenced from nrf_fstorage_sd.o(sdh_soc_observers0)
 <LI><a href="#[82]">nrf_log_backend_rtt_flush</a> from nrf_log_backend_rtt.o(i.nrf_log_backend_rtt_flush) referenced from nrf_log_backend_rtt.o(.constdata)
 <LI><a href="#[81]">nrf_log_backend_rtt_panic_set</a> from nrf_log_backend_rtt.o(i.nrf_log_backend_rtt_panic_set) referenced from nrf_log_backend_rtt.o(.constdata)
 <LI><a href="#[80]">nrf_log_backend_rtt_put</a> from nrf_log_backend_rtt.o(i.nrf_log_backend_rtt_put) referenced from nrf_log_backend_rtt.o(.constdata)
 <LI><a href="#[91]">nrf_sdh_ble_evts_poll</a> from nrf_sdh_ble.o(i.nrf_sdh_ble_evts_poll) referenced from nrf_sdh_ble.o(sdh_stack_observers0)
 <LI><a href="#[92]">nrf_sdh_soc_evts_poll</a> from nrf_sdh_soc.o(i.nrf_sdh_soc_evts_poll) referenced from nrf_sdh_soc.o(sdh_stack_observers0)
 <LI><a href="#[4a]">nus_data_handler</a> from main.o(i.nus_data_handler) referenced from main.o(i.services_init)
 <LI><a href="#[43]">on_conn_params_evt</a> from main.o(i.on_conn_params_evt) referenced from main.o(i.conn_params_init)
 <LI><a href="#[7a]">read</a> from nrf_fstorage_sd.o(i.read) referenced from nrf_fstorage_sd.o(.constdata)
 <LI><a href="#[7d]">rmap</a> from nrf_fstorage_sd.o(i.rmap) referenced from nrf_fstorage_sd.o(.constdata)
 <LI><a href="#[93]">sd_state_evt_handler</a> from nrf_drv_clock.o(i.sd_state_evt_handler) referenced from nrf_drv_clock.o(sdh_state_observers0)
 <LI><a href="#[49]">send_mcu_timeout_handler</a> from main.o(i.send_mcu_timeout_handler) referenced from main.o(i.send_data_to_mcu_timer_init)
 <LI><a href="#[47]">serial_tx</a> from nrf_log_backend_rtt.o(i.serial_tx) referenced from nrf_log_backend_rtt.o(i.nrf_log_backend_rtt_put)
 <LI><a href="#[8d]">soc_evt_handler</a> from nrf_drv_clock.o(i.soc_evt_handler) referenced from nrf_drv_clock.o(sdh_soc_observers0)
 <LI><a href="#[45]">uart_error_handle</a> from dtm_app.o(i.uart_error_handle) referenced from dtm_app.o(i.dtm_uart_init)
 <LI><a href="#[4b]">uart_event_handle</a> from main.o(i.uart_event_handle) referenced from main.o(i.uart_init)
 <LI><a href="#[3d]">uart_event_handler</a> from app_uart_fifo.o(i.uart_event_handler) referenced from app_uart_fifo.o(i.app_uart_init)
 <LI><a href="#[4c]">uart_receive_timeout_handler</a> from main.o(i.uart_receive_timeout_handler) referenced from main.o(i.uart_receive_timer_init)
 <LI><a href="#[79]">uninit</a> from nrf_fstorage_sd.o(i.uninit) referenced from nrf_fstorage_sd.o(.constdata)
 <LI><a href="#[3e]">update_timeout_handler</a> from ble_conn_params.o(i.update_timeout_handler) referenced from ble_conn_params.o(i.ble_conn_params_init)
 <LI><a href="#[4d]">wake_up_reply_timeout_handler</a> from main.o(i.wake_up_reply_timeout_handler) referenced from main.o(i.wake_up_reply_timer_init)
 <LI><a href="#[7e]">wmap</a> from nrf_fstorage_sd.o(i.wmap) referenced from nrf_fstorage_sd.o(.constdata)
 <LI><a href="#[7b]">write</a> from nrf_fstorage_sd.o(i.write) referenced from nrf_fstorage_sd.o(.constdata)
</UL>
<P>
<H3>
Global Symbols
</H3>
<P><STRONG><a name="[38]"></a>__main</STRONG> (Thumb, 0 bytes, Stack size unknown bytes, entry.o(.ARM.Collect$$$$00000000))
<BR>[Address Reference Count : 1]<UL><LI> arm_startup_nrf52810.o(.text)
</UL>
<P><STRONG><a name="[25f]"></a>_main_stk</STRONG> (Thumb, 0 bytes, Stack size unknown bytes, entry2.o(.ARM.Collect$$$$00000001))

<P><STRONG><a name="[95]"></a>_main_scatterload</STRONG> (Thumb, 0 bytes, Stack size unknown bytes, entry5.o(.ARM.Collect$$$$00000004))
<BR><BR>[Calls]<UL><LI><a href="#[96]">&gt;&gt;</a>&nbsp;&nbsp;&nbsp;__scatterload
</UL>

<P><STRONG><a name="[9f]"></a>__main_after_scatterload</STRONG> (Thumb, 0 bytes, Stack size unknown bytes, entry5.o(.ARM.Collect$$$$00000004))
<BR><BR>[Called By]<UL><LI><a href="#[96]">&gt;&gt;</a>&nbsp;&nbsp;&nbsp;__scatterload
</UL>

<P><STRONG><a name="[260]"></a>_main_clock</STRONG> (Thumb, 0 bytes, Stack size unknown bytes, entry7b.o(.ARM.Collect$$$$00000008))

<P><STRONG><a name="[261]"></a>_main_cpp_init</STRONG> (Thumb, 0 bytes, Stack size unknown bytes, entry8b.o(.ARM.Collect$$$$0000000A))

<P><STRONG><a name="[262]"></a>_main_init</STRONG> (Thumb, 0 bytes, Stack size unknown bytes, entry9a.o(.ARM.Collect$$$$0000000B))

<P><STRONG><a name="[263]"></a>__rt_final_cpp</STRONG> (Thumb, 0 bytes, Stack size unknown bytes, entry10a.o(.ARM.Collect$$$$0000000D))

<P><STRONG><a name="[264]"></a>__rt_final_exit</STRONG> (Thumb, 0 bytes, Stack size unknown bytes, entry11a.o(.ARM.Collect$$$$0000000F))

<P><STRONG><a name="[1d9]"></a>__asm___12_nrf_atfifo_c_51f461e1__nrf_atfifo_wspace_req</STRONG> (Thumb, 56 bytes, Stack size 0 bytes, nrf_atfifo.o(.emb_text))
<BR><BR>[Called By]<UL><LI><a href="#[1a5]">&gt;&gt;</a>&nbsp;&nbsp;&nbsp;nrf_atfifo_item_alloc
</UL>

<P><STRONG><a name="[97]"></a>__asm___12_nrf_atfifo_c_51f461e1__nrf_atfifo_wspace_close</STRONG> (Thumb, 18 bytes, Stack size 0 bytes, nrf_atfifo.o(.emb_text))
<BR><BR>[Calls]<UL><LI><a href="#[97]">&gt;&gt;</a>&nbsp;&nbsp;&nbsp;__asm___12_nrf_atfifo_c_51f461e1__nrf_atfifo_wspace_close
</UL>
<BR>[Called By]<UL><LI><a href="#[1a6]">&gt;&gt;</a>&nbsp;&nbsp;&nbsp;nrf_atfifo_item_put
<LI><a href="#[97]">&gt;&gt;</a>&nbsp;&nbsp;&nbsp;__asm___12_nrf_atfifo_c_51f461e1__nrf_atfifo_wspace_close
</UL>

<P><STRONG><a name="[1dc]"></a>__asm___12_nrf_atfifo_c_51f461e1__nrf_atfifo_rspace_req</STRONG> (Thumb, 58 bytes, Stack size 0 bytes, nrf_atfifo.o(.emb_text))
<BR><BR>[Called By]<UL><LI><a href="#[1db]">&gt;&gt;</a>&nbsp;&nbsp;&nbsp;nrf_atfifo_item_get
</UL>

<P><STRONG><a name="[98]"></a>__asm___12_nrf_atfifo_c_51f461e1__nrf_atfifo_rspace_close</STRONG> (Thumb, 18 bytes, Stack size 0 bytes, nrf_atfifo.o(.emb_text))
<BR><BR>[Calls]<UL><LI><a href="#[98]">&gt;&gt;</a>&nbsp;&nbsp;&nbsp;__asm___12_nrf_atfifo_c_51f461e1__nrf_atfifo_rspace_close
</UL>
<BR>[Called By]<UL><LI><a href="#[1da]">&gt;&gt;</a>&nbsp;&nbsp;&nbsp;nrf_atfifo_item_free
<LI><a href="#[98]">&gt;&gt;</a>&nbsp;&nbsp;&nbsp;__asm___12_nrf_atfifo_c_51f461e1__nrf_atfifo_rspace_close
</UL>

<P><STRONG><a name="[1d8]"></a>__asm___12_nrf_atfifo_c_51f461e1__nrf_atfifo_space_clear</STRONG> (Thumb, 50 bytes, Stack size 0 bytes, nrf_atfifo.o(.emb_text))
<BR><BR>[Called By]<UL><LI><a href="#[1d7]">&gt;&gt;</a>&nbsp;&nbsp;&nbsp;nrf_atfifo_clear
</UL>

<P><STRONG><a name="[240]"></a>__asm___17_nrf_fstorage_sd_c_6e7dbfe9__nrf_atomic_internal_mov</STRONG> (Thumb, 24 bytes, Stack size 0 bytes, nrf_fstorage_sd.o(.emb_text))
<BR><BR>[Called By]<UL><LI><a href="#[1a7]">&gt;&gt;</a>&nbsp;&nbsp;&nbsp;queue_start
</UL>

<P><STRONG><a name="[1bf]"></a>__asm___17_nrf_fstorage_sd_c_6e7dbfe9__nrf_atomic_internal_orr</STRONG> (Thumb, 26 bytes, Stack size 0 bytes, nrf_fstorage_sd.o(.emb_text))
<BR><BR>[Called By]<UL><LI><a href="#[78]">&gt;&gt;</a>&nbsp;&nbsp;&nbsp;init
</UL>

<P><STRONG><a name="[265]"></a>__asm___17_nrf_fstorage_sd_c_6e7dbfe9__nrf_atomic_internal_and</STRONG> (Thumb, 26 bytes, Stack size 0 bytes, nrf_fstorage_sd.o(.emb_text), UNUSED)

<P><STRONG><a name="[266]"></a>__asm___17_nrf_fstorage_sd_c_6e7dbfe9__nrf_atomic_internal_eor</STRONG> (Thumb, 26 bytes, Stack size 0 bytes, nrf_fstorage_sd.o(.emb_text), UNUSED)

<P><STRONG><a name="[267]"></a>__asm___17_nrf_fstorage_sd_c_6e7dbfe9__nrf_atomic_internal_add</STRONG> (Thumb, 26 bytes, Stack size 0 bytes, nrf_fstorage_sd.o(.emb_text), UNUSED)

<P><STRONG><a name="[268]"></a>__asm___17_nrf_fstorage_sd_c_6e7dbfe9__nrf_atomic_internal_sub</STRONG> (Thumb, 26 bytes, Stack size 0 bytes, nrf_fstorage_sd.o(.emb_text), UNUSED)

<P><STRONG><a name="[269]"></a>__asm___12_nrf_memobj_c_9bb9f865__nrf_atomic_internal_mov</STRONG> (Thumb, 24 bytes, Stack size 0 bytes, nrf_memobj.o(.emb_text), UNUSED)

<P><STRONG><a name="[26a]"></a>__asm___12_nrf_memobj_c_9bb9f865__nrf_atomic_internal_orr</STRONG> (Thumb, 26 bytes, Stack size 0 bytes, nrf_memobj.o(.emb_text), UNUSED)

<P><STRONG><a name="[26b]"></a>__asm___12_nrf_memobj_c_9bb9f865__nrf_atomic_internal_and</STRONG> (Thumb, 26 bytes, Stack size 0 bytes, nrf_memobj.o(.emb_text), UNUSED)

<P><STRONG><a name="[26c]"></a>__asm___12_nrf_memobj_c_9bb9f865__nrf_atomic_internal_eor</STRONG> (Thumb, 26 bytes, Stack size 0 bytes, nrf_memobj.o(.emb_text), UNUSED)

<P><STRONG><a name="[221]"></a>__asm___12_nrf_memobj_c_9bb9f865__nrf_atomic_internal_add</STRONG> (Thumb, 26 bytes, Stack size 0 bytes, nrf_memobj.o(.emb_text))
<BR><BR>[Called By]<UL><LI><a href="#[211]">&gt;&gt;</a>&nbsp;&nbsp;&nbsp;nrf_memobj_get
</UL>

<P><STRONG><a name="[223]"></a>__asm___12_nrf_memobj_c_9bb9f865__nrf_atomic_internal_sub</STRONG> (Thumb, 26 bytes, Stack size 0 bytes, nrf_memobj.o(.emb_text))
<BR><BR>[Called By]<UL><LI><a href="#[215]">&gt;&gt;</a>&nbsp;&nbsp;&nbsp;nrf_memobj_put
</UL>

<P><STRONG><a name="[224]"></a>__asm___14_nrf_pwr_mgmt_c_f22138a6__nrf_atomic_internal_mov</STRONG> (Thumb, 24 bytes, Stack size 0 bytes, nrf_pwr_mgmt.o(.emb_text))
<BR><BR>[Called By]<UL><LI><a href="#[143]">&gt;&gt;</a>&nbsp;&nbsp;&nbsp;nrf_pwr_mgmt_shutdown
</UL>

<P><STRONG><a name="[26d]"></a>__asm___14_nrf_pwr_mgmt_c_f22138a6__nrf_atomic_internal_orr</STRONG> (Thumb, 26 bytes, Stack size 0 bytes, nrf_pwr_mgmt.o(.emb_text), UNUSED)

<P><STRONG><a name="[26e]"></a>__asm___14_nrf_pwr_mgmt_c_f22138a6__nrf_atomic_internal_and</STRONG> (Thumb, 26 bytes, Stack size 0 bytes, nrf_pwr_mgmt.o(.emb_text), UNUSED)

<P><STRONG><a name="[26f]"></a>__asm___14_nrf_pwr_mgmt_c_f22138a6__nrf_atomic_internal_eor</STRONG> (Thumb, 26 bytes, Stack size 0 bytes, nrf_pwr_mgmt.o(.emb_text), UNUSED)

<P><STRONG><a name="[270]"></a>__asm___14_nrf_pwr_mgmt_c_f22138a6__nrf_atomic_internal_add</STRONG> (Thumb, 26 bytes, Stack size 0 bytes, nrf_pwr_mgmt.o(.emb_text), UNUSED)

<P><STRONG><a name="[271]"></a>__asm___14_nrf_pwr_mgmt_c_f22138a6__nrf_atomic_internal_sub</STRONG> (Thumb, 26 bytes, Stack size 0 bytes, nrf_pwr_mgmt.o(.emb_text), UNUSED)

<P><STRONG><a name="[272]"></a>__asm___18_nrf_log_frontend_c_bc460776__nrf_atomic_internal_mov</STRONG> (Thumb, 24 bytes, Stack size 0 bytes, nrf_log_frontend.o(.emb_text), UNUSED)

<P><STRONG><a name="[1dd]"></a>__asm___18_nrf_log_frontend_c_bc460776__nrf_atomic_internal_orr</STRONG> (Thumb, 26 bytes, Stack size 0 bytes, nrf_log_frontend.o(.emb_text))
<BR><BR>[Called By]<UL><LI><a href="#[1cd]">&gt;&gt;</a>&nbsp;&nbsp;&nbsp;nrf_atomic_flag_set
</UL>

<P><STRONG><a name="[1ce]"></a>__asm___18_nrf_log_frontend_c_bc460776__nrf_atomic_internal_and</STRONG> (Thumb, 26 bytes, Stack size 0 bytes, nrf_log_frontend.o(.emb_text))
<BR><BR>[Called By]<UL><LI><a href="#[17c]">&gt;&gt;</a>&nbsp;&nbsp;&nbsp;log_skip
</UL>

<P><STRONG><a name="[273]"></a>__asm___18_nrf_log_frontend_c_bc460776__nrf_atomic_internal_eor</STRONG> (Thumb, 26 bytes, Stack size 0 bytes, nrf_log_frontend.o(.emb_text), UNUSED)

<P><STRONG><a name="[274]"></a>__asm___18_nrf_log_frontend_c_bc460776__nrf_atomic_internal_add</STRONG> (Thumb, 26 bytes, Stack size 0 bytes, nrf_log_frontend.o(.emb_text), UNUSED)

<P><STRONG><a name="[275]"></a>__asm___18_nrf_log_frontend_c_bc460776__nrf_atomic_internal_sub</STRONG> (Thumb, 26 bytes, Stack size 0 bytes, nrf_log_frontend.o(.emb_text), UNUSED)

<P><STRONG><a name="[11]"></a>Reset_Handler</STRONG> (Thumb, 8 bytes, Stack size 0 bytes, arm_startup_nrf52810.o(.text))
<BR>[Address Reference Count : 1]<UL><LI> arm_startup_nrf52810.o(RESET)
</UL>
<P><STRONG><a name="[12]"></a>NMI_Handler</STRONG> (Thumb, 2 bytes, Stack size 0 bytes, arm_startup_nrf52810.o(.text))
<BR><BR>[Calls]<UL><LI><a href="#[12]">&gt;&gt;</a>&nbsp;&nbsp;&nbsp;NMI_Handler
</UL>
<BR>[Called By]<UL><LI><a href="#[12]">&gt;&gt;</a>&nbsp;&nbsp;&nbsp;NMI_Handler
</UL>
<BR>[Address Reference Count : 1]<UL><LI> arm_startup_nrf52810.o(RESET)
</UL>
<P><STRONG><a name="[13]"></a>HardFault_Handler</STRONG> (Thumb, 2 bytes, Stack size 0 bytes, arm_startup_nrf52810.o(.text))
<BR><BR>[Calls]<UL><LI><a href="#[13]">&gt;&gt;</a>&nbsp;&nbsp;&nbsp;HardFault_Handler
</UL>
<BR>[Called By]<UL><LI><a href="#[13]">&gt;&gt;</a>&nbsp;&nbsp;&nbsp;HardFault_Handler
</UL>
<BR>[Address Reference Count : 1]<UL><LI> arm_startup_nrf52810.o(RESET)
</UL>
<P><STRONG><a name="[14]"></a>MemoryManagement_Handler</STRONG> (Thumb, 2 bytes, Stack size 0 bytes, arm_startup_nrf52810.o(.text))
<BR><BR>[Calls]<UL><LI><a href="#[14]">&gt;&gt;</a>&nbsp;&nbsp;&nbsp;MemoryManagement_Handler
</UL>
<BR>[Called By]<UL><LI><a href="#[14]">&gt;&gt;</a>&nbsp;&nbsp;&nbsp;MemoryManagement_Handler
</UL>
<BR>[Address Reference Count : 1]<UL><LI> arm_startup_nrf52810.o(RESET)
</UL>
<P><STRONG><a name="[15]"></a>BusFault_Handler</STRONG> (Thumb, 2 bytes, Stack size 0 bytes, arm_startup_nrf52810.o(.text))
<BR><BR>[Calls]<UL><LI><a href="#[15]">&gt;&gt;</a>&nbsp;&nbsp;&nbsp;BusFault_Handler
</UL>
<BR>[Called By]<UL><LI><a href="#[15]">&gt;&gt;</a>&nbsp;&nbsp;&nbsp;BusFault_Handler
</UL>
<BR>[Address Reference Count : 1]<UL><LI> arm_startup_nrf52810.o(RESET)
</UL>
<P><STRONG><a name="[16]"></a>UsageFault_Handler</STRONG> (Thumb, 2 bytes, Stack size 0 bytes, arm_startup_nrf52810.o(.text))
<BR><BR>[Calls]<UL><LI><a href="#[16]">&gt;&gt;</a>&nbsp;&nbsp;&nbsp;UsageFault_Handler
</UL>
<BR>[Called By]<UL><LI><a href="#[16]">&gt;&gt;</a>&nbsp;&nbsp;&nbsp;UsageFault_Handler
</UL>
<BR>[Address Reference Count : 1]<UL><LI> arm_startup_nrf52810.o(RESET)
</UL>
<P><STRONG><a name="[17]"></a>SVC_Handler</STRONG> (Thumb, 2 bytes, Stack size 0 bytes, arm_startup_nrf52810.o(.text))
<BR><BR>[Calls]<UL><LI><a href="#[17]">&gt;&gt;</a>&nbsp;&nbsp;&nbsp;SVC_Handler
</UL>
<BR>[Called By]<UL><LI><a href="#[17]">&gt;&gt;</a>&nbsp;&nbsp;&nbsp;SVC_Handler
</UL>
<BR>[Address Reference Count : 1]<UL><LI> arm_startup_nrf52810.o(RESET)
</UL>
<P><STRONG><a name="[18]"></a>DebugMon_Handler</STRONG> (Thumb, 2 bytes, Stack size 0 bytes, arm_startup_nrf52810.o(.text))
<BR><BR>[Calls]<UL><LI><a href="#[18]">&gt;&gt;</a>&nbsp;&nbsp;&nbsp;DebugMon_Handler
</UL>
<BR>[Called By]<UL><LI><a href="#[18]">&gt;&gt;</a>&nbsp;&nbsp;&nbsp;DebugMon_Handler
</UL>
<BR>[Address Reference Count : 1]<UL><LI> arm_startup_nrf52810.o(RESET)
</UL>
<P><STRONG><a name="[19]"></a>PendSV_Handler</STRONG> (Thumb, 2 bytes, Stack size 0 bytes, arm_startup_nrf52810.o(.text))
<BR><BR>[Calls]<UL><LI><a href="#[19]">&gt;&gt;</a>&nbsp;&nbsp;&nbsp;PendSV_Handler
</UL>
<BR>[Called By]<UL><LI><a href="#[19]">&gt;&gt;</a>&nbsp;&nbsp;&nbsp;PendSV_Handler
</UL>
<BR>[Address Reference Count : 1]<UL><LI> arm_startup_nrf52810.o(RESET)
</UL>
<P><STRONG><a name="[1a]"></a>SysTick_Handler</STRONG> (Thumb, 2 bytes, Stack size 0 bytes, arm_startup_nrf52810.o(.text))
<BR><BR>[Calls]<UL><LI><a href="#[1a]">&gt;&gt;</a>&nbsp;&nbsp;&nbsp;SysTick_Handler
</UL>
<BR>[Called By]<UL><LI><a href="#[1a]">&gt;&gt;</a>&nbsp;&nbsp;&nbsp;SysTick_Handler
</UL>
<BR>[Address Reference Count : 1]<UL><LI> arm_startup_nrf52810.o(RESET)
</UL>
<P><STRONG><a name="[29]"></a>CCM_AAR_IRQHandler</STRONG> (Thumb, 0 bytes, Stack size 0 bytes, arm_startup_nrf52810.o(.text))
<BR><BR>[Calls]<UL><LI><a href="#[29]">&gt;&gt;</a>&nbsp;&nbsp;&nbsp;CCM_AAR_IRQHandler
</UL>
<BR>[Called By]<UL><LI><a href="#[29]">&gt;&gt;</a>&nbsp;&nbsp;&nbsp;CCM_AAR_IRQHandler
</UL>
<BR>[Address Reference Count : 1]<UL><LI> arm_startup_nrf52810.o(RESET)
</UL>
<P><STRONG><a name="[2d]"></a>COMP_IRQHandler</STRONG> (Thumb, 0 bytes, Stack size 0 bytes, arm_startup_nrf52810.o(.text))
<BR>[Address Reference Count : 1]<UL><LI> arm_startup_nrf52810.o(RESET)
</UL>
<P><STRONG><a name="[28]"></a>ECB_IRQHandler</STRONG> (Thumb, 0 bytes, Stack size 0 bytes, arm_startup_nrf52810.o(.text))
<BR>[Address Reference Count : 1]<UL><LI> arm_startup_nrf52810.o(RESET)
</UL>
<P><STRONG><a name="[35]"></a>PDM_IRQHandler</STRONG> (Thumb, 0 bytes, Stack size 0 bytes, arm_startup_nrf52810.o(.text))
<BR>[Address Reference Count : 1]<UL><LI> arm_startup_nrf52810.o(RESET)
</UL>
<P><STRONG><a name="[34]"></a>PWM0_IRQHandler</STRONG> (Thumb, 0 bytes, Stack size 0 bytes, arm_startup_nrf52810.o(.text))
<BR>[Address Reference Count : 1]<UL><LI> arm_startup_nrf52810.o(RESET)
</UL>
<P><STRONG><a name="[2c]"></a>QDEC_IRQHandler</STRONG> (Thumb, 0 bytes, Stack size 0 bytes, arm_startup_nrf52810.o(.text))
<BR>[Address Reference Count : 1]<UL><LI> arm_startup_nrf52810.o(RESET)
</UL>
<P><STRONG><a name="[1c]"></a>RADIO_IRQHandler</STRONG> (Thumb, 0 bytes, Stack size 0 bytes, arm_startup_nrf52810.o(.text))
<BR>[Address Reference Count : 1]<UL><LI> arm_startup_nrf52810.o(RESET)
</UL>
<P><STRONG><a name="[27]"></a>RNG_IRQHandler</STRONG> (Thumb, 0 bytes, Stack size 0 bytes, arm_startup_nrf52810.o(.text))
<BR>[Address Reference Count : 1]<UL><LI> arm_startup_nrf52810.o(RESET)
</UL>
<P><STRONG><a name="[25]"></a>RTC0_IRQHandler</STRONG> (Thumb, 0 bytes, Stack size 0 bytes, arm_startup_nrf52810.o(.text))
<BR>[Address Reference Count : 1]<UL><LI> arm_startup_nrf52810.o(RESET)
</UL>
<P><STRONG><a name="[21]"></a>SAADC_IRQHandler</STRONG> (Thumb, 0 bytes, Stack size 0 bytes, arm_startup_nrf52810.o(.text))
<BR>[Address Reference Count : 1]<UL><LI> arm_startup_nrf52810.o(RESET)
</UL>
<P><STRONG><a name="[1f]"></a>SPIM0_SPIS0_IRQHandler</STRONG> (Thumb, 0 bytes, Stack size 0 bytes, arm_startup_nrf52810.o(.text))
<BR>[Address Reference Count : 1]<UL><LI> arm_startup_nrf52810.o(RESET)
</UL>
<P><STRONG><a name="[2f]"></a>SWI1_EGU1_IRQHandler</STRONG> (Thumb, 0 bytes, Stack size 0 bytes, arm_startup_nrf52810.o(.text))
<BR>[Address Reference Count : 1]<UL><LI> arm_startup_nrf52810.o(RESET)
</UL>
<P><STRONG><a name="[31]"></a>SWI3_IRQHandler</STRONG> (Thumb, 0 bytes, Stack size 0 bytes, arm_startup_nrf52810.o(.text))
<BR>[Address Reference Count : 1]<UL><LI> arm_startup_nrf52810.o(RESET)
</UL>
<P><STRONG><a name="[32]"></a>SWI4_IRQHandler</STRONG> (Thumb, 0 bytes, Stack size 0 bytes, arm_startup_nrf52810.o(.text))
<BR>[Address Reference Count : 1]<UL><LI> arm_startup_nrf52810.o(RESET)
</UL>
<P><STRONG><a name="[33]"></a>SWI5_IRQHandler</STRONG> (Thumb, 0 bytes, Stack size 0 bytes, arm_startup_nrf52810.o(.text))
<BR>[Address Reference Count : 1]<UL><LI> arm_startup_nrf52810.o(RESET)
</UL>
<P><STRONG><a name="[26]"></a>TEMP_IRQHandler</STRONG> (Thumb, 0 bytes, Stack size 0 bytes, arm_startup_nrf52810.o(.text))
<BR>[Address Reference Count : 1]<UL><LI> arm_startup_nrf52810.o(RESET)
</UL>
<P><STRONG><a name="[22]"></a>TIMER0_IRQHandler</STRONG> (Thumb, 0 bytes, Stack size 0 bytes, arm_startup_nrf52810.o(.text))
<BR>[Address Reference Count : 1]<UL><LI> arm_startup_nrf52810.o(RESET)
</UL>
<P><STRONG><a name="[23]"></a>TIMER1_IRQHandler</STRONG> (Thumb, 0 bytes, Stack size 0 bytes, arm_startup_nrf52810.o(.text))
<BR>[Address Reference Count : 1]<UL><LI> arm_startup_nrf52810.o(RESET)
</UL>
<P><STRONG><a name="[24]"></a>TIMER2_IRQHandler</STRONG> (Thumb, 0 bytes, Stack size 0 bytes, arm_startup_nrf52810.o(.text))
<BR>[Address Reference Count : 1]<UL><LI> arm_startup_nrf52810.o(RESET)
</UL>
<P><STRONG><a name="[1e]"></a>TWIM0_TWIS0_IRQHandler</STRONG> (Thumb, 0 bytes, Stack size 0 bytes, arm_startup_nrf52810.o(.text))
<BR>[Address Reference Count : 1]<UL><LI> arm_startup_nrf52810.o(RESET)
</UL>
<P><STRONG><a name="[2a]"></a>WDT_IRQHandler</STRONG> (Thumb, 0 bytes, Stack size 0 bytes, arm_startup_nrf52810.o(.text))
<BR>[Address Reference Count : 1]<UL><LI> arm_startup_nrf52810.o(RESET)
</UL>
<P><STRONG><a name="[99]"></a>__aeabi_uldivmod</STRONG> (Thumb, 98 bytes, Stack size 40 bytes, uldiv.o(.text))
<BR><BR>[Stack]<UL><LI>Max Depth = 40<LI>Call Chain = __aeabi_uldivmod
</UL>
<BR>[Calls]<UL><LI><a href="#[9a]">&gt;&gt;</a>&nbsp;&nbsp;&nbsp;__aeabi_llsr
<LI><a href="#[9b]">&gt;&gt;</a>&nbsp;&nbsp;&nbsp;__aeabi_llsl
</UL>
<BR>[Called By]<UL><LI><a href="#[163]">&gt;&gt;</a>&nbsp;&nbsp;&nbsp;on_write
<LI><a href="#[178]">&gt;&gt;</a>&nbsp;&nbsp;&nbsp;bsp_led_indication
<LI><a href="#[f6]">&gt;&gt;</a>&nbsp;&nbsp;&nbsp;_printf_core
</UL>

<P><STRONG><a name="[21c]"></a>__rt_ctype_table</STRONG> (Thumb, 4 bytes, Stack size 0 bytes, ctype_o.o(.text))
<BR><BR>[Called By]<UL><LI><a href="#[214]">&gt;&gt;</a>&nbsp;&nbsp;&nbsp;nrf_log_hexdump_entry_process
</UL>

<P><STRONG><a name="[af]"></a>__aeabi_memcpy</STRONG> (Thumb, 36 bytes, Stack size 0 bytes, memcpya.o(.text))
<BR><BR>[Called By]<UL><LI><a href="#[c9]">&gt;&gt;</a>&nbsp;&nbsp;&nbsp;saveDeviceName
<LI><a href="#[163]">&gt;&gt;</a>&nbsp;&nbsp;&nbsp;on_write
<LI><a href="#[133]">&gt;&gt;</a>&nbsp;&nbsp;&nbsp;service_data_encode
<LI><a href="#[132]">&gt;&gt;</a>&nbsp;&nbsp;&nbsp;manuf_specific_data_encode
<LI><a href="#[e6]">&gt;&gt;</a>&nbsp;&nbsp;&nbsp;Sender_SetData
<LI><a href="#[8b]">&gt;&gt;</a>&nbsp;&nbsp;&nbsp;ble_evt_handler
<LI><a href="#[14d]">&gt;&gt;</a>&nbsp;&nbsp;&nbsp;ble_dfu_buttonless_on_ctrl_pt_write
<LI><a href="#[5]">&gt;&gt;</a>&nbsp;&nbsp;&nbsp;La_SetDeviceName
<LI><a href="#[6]">&gt;&gt;</a>&nbsp;&nbsp;&nbsp;La_GetDeviceName
<LI><a href="#[50]">&gt;&gt;</a>&nbsp;&nbsp;&nbsp;BLE_SetDeviceNameHandler
<LI><a href="#[1d4]">&gt;&gt;</a>&nbsp;&nbsp;&nbsp;memobj_op
<LI><a href="#[7a]">&gt;&gt;</a>&nbsp;&nbsp;&nbsp;read
<LI><a href="#[e2]">&gt;&gt;</a>&nbsp;&nbsp;&nbsp;_WriteNoCheck
<LI><a href="#[e3]">&gt;&gt;</a>&nbsp;&nbsp;&nbsp;_WriteBlocking
<LI><a href="#[190]">&gt;&gt;</a>&nbsp;&nbsp;&nbsp;dtm_cmd
</UL>

<P><STRONG><a name="[ab]"></a>__aeabi_memcpy4</STRONG> (Thumb, 0 bytes, Stack size 0 bytes, memcpya.o(.text))
<BR><BR>[Called By]<UL><LI><a href="#[246]">&gt;&gt;</a>&nbsp;&nbsp;&nbsp;sdk_mapped_flags_key_list_get
<LI><a href="#[159]">&gt;&gt;</a>&nbsp;&nbsp;&nbsp;record_purge_disconnected
<LI><a href="#[141]">&gt;&gt;</a>&nbsp;&nbsp;&nbsp;ble_conn_params_init
<LI><a href="#[fa]">&gt;&gt;</a>&nbsp;&nbsp;&nbsp;ble_advertising_init
<LI><a href="#[11a]">&gt;&gt;</a>&nbsp;&nbsp;&nbsp;app_uart_init
<LI><a href="#[1d0]">&gt;&gt;</a>&nbsp;&nbsp;&nbsp;uart_init
<LI><a href="#[18f]">&gt;&gt;</a>&nbsp;&nbsp;&nbsp;dis_service_init
<LI><a href="#[f9]">&gt;&gt;</a>&nbsp;&nbsp;&nbsp;advertising_init
<LI><a href="#[f]">&gt;&gt;</a>&nbsp;&nbsp;&nbsp;La_GetFwVersion
<LI><a href="#[a7]">&gt;&gt;</a>&nbsp;&nbsp;&nbsp;getUartParamValue
<LI><a href="#[a5]">&gt;&gt;</a>&nbsp;&nbsp;&nbsp;bdAddr2Str
<LI><a href="#[ac]">&gt;&gt;</a>&nbsp;&nbsp;&nbsp;arrayToStr
<LI><a href="#[6c]">&gt;&gt;</a>&nbsp;&nbsp;&nbsp;BLE_QueryDeviceNameHandler
<LI><a href="#[19d]">&gt;&gt;</a>&nbsp;&nbsp;&nbsp;dtm_uart_init
</UL>

<P><STRONG><a name="[276]"></a>__aeabi_memcpy8</STRONG> (Thumb, 0 bytes, Stack size 0 bytes, memcpya.o(.text), UNUSED)

<P><STRONG><a name="[9d]"></a>__aeabi_memset</STRONG> (Thumb, 14 bytes, Stack size 0 bytes, memseta.o(.text))
<BR><BR>[Called By]<UL><LI><a href="#[9e]">&gt;&gt;</a>&nbsp;&nbsp;&nbsp;_memset$wrapper
<LI><a href="#[9c]">&gt;&gt;</a>&nbsp;&nbsp;&nbsp;__aeabi_memclr
<LI><a href="#[190]">&gt;&gt;</a>&nbsp;&nbsp;&nbsp;dtm_cmd
</UL>

<P><STRONG><a name="[277]"></a>__aeabi_memset4</STRONG> (Thumb, 0 bytes, Stack size 0 bytes, memseta.o(.text), UNUSED)

<P><STRONG><a name="[278]"></a>__aeabi_memset8</STRONG> (Thumb, 0 bytes, Stack size 0 bytes, memseta.o(.text), UNUSED)

<P><STRONG><a name="[9c]"></a>__aeabi_memclr</STRONG> (Thumb, 4 bytes, Stack size 0 bytes, memseta.o(.text))
<BR><BR>[Calls]<UL><LI><a href="#[9d]">&gt;&gt;</a>&nbsp;&nbsp;&nbsp;__aeabi_memset
</UL>
<BR>[Called By]<UL><LI><a href="#[c2]">&gt;&gt;</a>&nbsp;&nbsp;&nbsp;getDeviceName
<LI><a href="#[117]">&gt;&gt;</a>&nbsp;&nbsp;&nbsp;app_uart_handle_ATCommand
<LI><a href="#[49]">&gt;&gt;</a>&nbsp;&nbsp;&nbsp;send_mcu_timeout_handler
<LI><a href="#[6]">&gt;&gt;</a>&nbsp;&nbsp;&nbsp;La_GetDeviceName
<LI><a href="#[6c]">&gt;&gt;</a>&nbsp;&nbsp;&nbsp;BLE_QueryDeviceNameHandler
<LI><a href="#[19a]">&gt;&gt;</a>&nbsp;&nbsp;&nbsp;dtm_wait
<LI><a href="#[190]">&gt;&gt;</a>&nbsp;&nbsp;&nbsp;dtm_cmd
</UL>

<P><STRONG><a name="[a6]"></a>__aeabi_memclr4</STRONG> (Thumb, 0 bytes, Stack size 0 bytes, memseta.o(.text))
<BR><BR>[Called By]<UL><LI><a href="#[15f]">&gt;&gt;</a>&nbsp;&nbsp;&nbsp;tx_char_add
<LI><a href="#[15e]">&gt;&gt;</a>&nbsp;&nbsp;&nbsp;rx_char_add
<LI><a href="#[160]">&gt;&gt;</a>&nbsp;&nbsp;&nbsp;indication_char_add
<LI><a href="#[1ac]">&gt;&gt;</a>&nbsp;&nbsp;&nbsp;flash_init
<LI><a href="#[fa]">&gt;&gt;</a>&nbsp;&nbsp;&nbsp;ble_advertising_init
<LI><a href="#[18f]">&gt;&gt;</a>&nbsp;&nbsp;&nbsp;dis_service_init
<LI><a href="#[18a]">&gt;&gt;</a>&nbsp;&nbsp;&nbsp;conn_params_init
<LI><a href="#[f9]">&gt;&gt;</a>&nbsp;&nbsp;&nbsp;advertising_init
<LI><a href="#[145]">&gt;&gt;</a>&nbsp;&nbsp;&nbsp;ble_dfu_buttonless_char_add
<LI><a href="#[152]">&gt;&gt;</a>&nbsp;&nbsp;&nbsp;char_add
<LI><a href="#[a7]">&gt;&gt;</a>&nbsp;&nbsp;&nbsp;getUartParamValue
<LI><a href="#[6b]">&gt;&gt;</a>&nbsp;&nbsp;&nbsp;BLE_QueryUartConfigHandler
<LI><a href="#[6c]">&gt;&gt;</a>&nbsp;&nbsp;&nbsp;BLE_QueryDeviceNameHandler
<LI><a href="#[6d]">&gt;&gt;</a>&nbsp;&nbsp;&nbsp;BLE_QueryAdvIntervalHandler
<LI><a href="#[57]">&gt;&gt;</a>&nbsp;&nbsp;&nbsp;BLE_PeriRssiHandler
<LI><a href="#[210]">&gt;&gt;</a>&nbsp;&nbsp;&nbsp;nrf_log_backend_serial_put
<LI><a href="#[7b]">&gt;&gt;</a>&nbsp;&nbsp;&nbsp;write
<LI><a href="#[79]">&gt;&gt;</a>&nbsp;&nbsp;&nbsp;uninit
<LI><a href="#[1a8]">&gt;&gt;</a>&nbsp;&nbsp;&nbsp;event_send
<LI><a href="#[7c]">&gt;&gt;</a>&nbsp;&nbsp;&nbsp;erase
</UL>

<P><STRONG><a name="[279]"></a>__aeabi_memclr8</STRONG> (Thumb, 0 bytes, Stack size 0 bytes, memseta.o(.text), UNUSED)

<P><STRONG><a name="[9e]"></a>_memset$wrapper</STRONG> (Thumb, 18 bytes, Stack size 8 bytes, memseta.o(.text), UNUSED)
<BR><BR>[Calls]<UL><LI><a href="#[9d]">&gt;&gt;</a>&nbsp;&nbsp;&nbsp;__aeabi_memset
</UL>

<P><STRONG><a name="[ae]"></a>strlen</STRONG> (Thumb, 14 bytes, Stack size 0 bytes, strlen.o(.text))
<BR><BR>[Called By]<UL><LI><a href="#[c9]">&gt;&gt;</a>&nbsp;&nbsp;&nbsp;saveDeviceName
<LI><a href="#[164]">&gt;&gt;</a>&nbsp;&nbsp;&nbsp;ble_srv_ascii_to_utf8
<LI><a href="#[18f]">&gt;&gt;</a>&nbsp;&nbsp;&nbsp;dis_service_init
<LI><a href="#[6]">&gt;&gt;</a>&nbsp;&nbsp;&nbsp;La_GetDeviceName
<LI><a href="#[1ba]">&gt;&gt;</a>&nbsp;&nbsp;&nbsp;isContain
<LI><a href="#[a7]">&gt;&gt;</a>&nbsp;&nbsp;&nbsp;getUartParamValue
<LI><a href="#[ac]">&gt;&gt;</a>&nbsp;&nbsp;&nbsp;arrayToStr
<LI><a href="#[50]">&gt;&gt;</a>&nbsp;&nbsp;&nbsp;BLE_SetDeviceNameHandler
<LI><a href="#[200]">&gt;&gt;</a>&nbsp;&nbsp;&nbsp;string_print
</UL>

<P><STRONG><a name="[b6]"></a>memcmp</STRONG> (Thumb, 26 bytes, Stack size 12 bytes, memcmp.o(.text))
<BR><BR>[Stack]<UL><LI>Max Depth = 12<LI>Call Chain = memcmp
</UL>
<BR>[Called By]<UL><LI><a href="#[b1]">&gt;&gt;</a>&nbsp;&nbsp;&nbsp;isBrCorrect
<LI><a href="#[b0]">&gt;&gt;</a>&nbsp;&nbsp;&nbsp;ConvertTxPow
<LI><a href="#[b2]">&gt;&gt;</a>&nbsp;&nbsp;&nbsp;ConvertBr
<LI><a href="#[181]">&gt;&gt;</a>&nbsp;&nbsp;&nbsp;check_pdu
</UL>

<P><STRONG><a name="[f4]"></a>strcpy</STRONG> (Thumb, 18 bytes, Stack size 0 bytes, strcpy.o(.text))
<BR><BR>[Called By]<UL><LI><a href="#[df]">&gt;&gt;</a>&nbsp;&nbsp;&nbsp;_DoInit
</UL>

<P><STRONG><a name="[9b]"></a>__aeabi_llsl</STRONG> (Thumb, 30 bytes, Stack size 0 bytes, llshl.o(.text))
<BR><BR>[Called By]<UL><LI><a href="#[99]">&gt;&gt;</a>&nbsp;&nbsp;&nbsp;__aeabi_uldivmod
</UL>

<P><STRONG><a name="[27a]"></a>_ll_shift_l</STRONG> (Thumb, 0 bytes, Stack size 0 bytes, llshl.o(.text), UNUSED)

<P><STRONG><a name="[9a]"></a>__aeabi_llsr</STRONG> (Thumb, 32 bytes, Stack size 0 bytes, llushr.o(.text))
<BR><BR>[Called By]<UL><LI><a href="#[99]">&gt;&gt;</a>&nbsp;&nbsp;&nbsp;__aeabi_uldivmod
</UL>

<P><STRONG><a name="[27b]"></a>_ll_ushift_r</STRONG> (Thumb, 0 bytes, Stack size 0 bytes, llushr.o(.text), UNUSED)

<P><STRONG><a name="[96]"></a>__scatterload</STRONG> (Thumb, 28 bytes, Stack size 0 bytes, init.o(.text))
<BR><BR>[Calls]<UL><LI><a href="#[9f]">&gt;&gt;</a>&nbsp;&nbsp;&nbsp;__main_after_scatterload
</UL>
<BR>[Called By]<UL><LI><a href="#[95]">&gt;&gt;</a>&nbsp;&nbsp;&nbsp;_main_scatterload
</UL>

<P><STRONG><a name="[27c]"></a>__scatterload_rt2</STRONG> (Thumb, 0 bytes, Stack size 0 bytes, init.o(.text), UNUSED)

<P><STRONG><a name="[27d]"></a>__decompress</STRONG> (Thumb, 0 bytes, Stack size unknown bytes, __dczerorl2.o(.text), UNUSED)

<P><STRONG><a name="[27e]"></a>__decompress1</STRONG> (Thumb, 86 bytes, Stack size unknown bytes, __dczerorl2.o(.text), UNUSED)

<P><STRONG><a name="[a0]"></a>Appcfg_RecoveryHandler</STRONG> (Thumb, 8 bytes, Stack size 8 bytes, at_comhandler.o(i.Appcfg_RecoveryHandler))
<BR><BR>[Stack]<UL><LI>Max Depth = 48<LI>Call Chain = Appcfg_RecoveryHandler &rArr; flash_clear &rArr; nrf_fstorage_erase &rArr; addr_within_bounds
</UL>
<BR>[Calls]<UL><LI><a href="#[a1]">&gt;&gt;</a>&nbsp;&nbsp;&nbsp;flash_clear
</UL>
<BR>[Called By]<UL><LI><a href="#[d]">&gt;&gt;</a>&nbsp;&nbsp;&nbsp;La_Factory
</UL>

<P><STRONG><a name="[73]"></a>BLE_DisconConHandler</STRONG> (Thumb, 54 bytes, Stack size 24 bytes, ble_athandler.o(i.BLE_DisconConHandler))
<BR><BR>[Stack]<UL><LI>Max Depth = 312<LI>Call Chain = BLE_DisconConHandler &rArr; app_error_handler_bare &rArr; app_error_fault_handler &rArr; nrf_log_frontend_std_0 &rArr; std_n &rArr; nrf_log_frontend_dequeue &rArr; nrf_memobj_put &rArr; nrf_memobj_free &rArr; nrf_balloc_free &rArr; app_util_critical_region_enter &rArr; sd_nvic_critical_region_enter
</UL>
<BR>[Calls]<UL><LI><a href="#[a2]">&gt;&gt;</a>&nbsp;&nbsp;&nbsp;app_error_handler_bare
<LI><a href="#[a3]">&gt;&gt;</a>&nbsp;&nbsp;&nbsp;uart_put_string
</UL>
<BR>[Address Reference Count : 1]<UL><LI> ble_athandler.o(.constdata)
</UL>
<P><STRONG><a name="[69]"></a>BLE_GetMacAddressHandler</STRONG> (Thumb, 52 bytes, Stack size 24 bytes, ble_athandler.o(i.BLE_GetMacAddressHandler))
<BR><BR>[Stack]<UL><LI>Max Depth = 336<LI>Call Chain = BLE_GetMacAddressHandler &rArr; get_mac_addr &rArr; app_error_handler_bare &rArr; app_error_fault_handler &rArr; nrf_log_frontend_std_0 &rArr; std_n &rArr; nrf_log_frontend_dequeue &rArr; nrf_memobj_put &rArr; nrf_memobj_free &rArr; nrf_balloc_free &rArr; app_util_critical_region_enter &rArr; sd_nvic_critical_region_enter
</UL>
<BR>[Calls]<UL><LI><a href="#[a4]">&gt;&gt;</a>&nbsp;&nbsp;&nbsp;get_mac_addr
<LI><a href="#[a3]">&gt;&gt;</a>&nbsp;&nbsp;&nbsp;uart_put_string
<LI><a href="#[a5]">&gt;&gt;</a>&nbsp;&nbsp;&nbsp;bdAddr2Str
</UL>
<BR>[Address Reference Count : 1]<UL><LI> ble_athandler.o(.constdata)
</UL>
<P><STRONG><a name="[6a]"></a>BLE_GetPeripheralRoleHandler</STRONG> (Thumb, 16 bytes, Stack size 16 bytes, ble_athandler.o(i.BLE_GetPeripheralRoleHandler))
<BR><BR>[Stack]<UL><LI>Max Depth = 104<LI>Call Chain = BLE_GetPeripheralRoleHandler &rArr; uart_put_string &rArr; app_uart_put &rArr; nrf_drv_uart_tx &rArr; nrf_drv_uart_tx_for_uarte &rArr; nrf_uarte_event_clear
</UL>
<BR>[Calls]<UL><LI><a href="#[a3]">&gt;&gt;</a>&nbsp;&nbsp;&nbsp;uart_put_string
</UL>
<BR>[Address Reference Count : 1]<UL><LI> ble_athandler.o(.constdata)
</UL>
<P><STRONG><a name="[68]"></a>BLE_GetUartDelayTime</STRONG> (Thumb, 6 bytes, Stack size 0 bytes, ble_athandler.o(i.BLE_GetUartDelayTime))
<BR>[Address Reference Count : 1]<UL><LI> ble_athandler.o(.constdata)
</UL>
<P><STRONG><a name="[74]"></a>BLE_PeriPheralRecoveryHandler</STRONG> (Thumb, 6 bytes, Stack size 0 bytes, ble_athandler.o(i.BLE_PeriPheralRecoveryHandler))
<BR>[Address Reference Count : 1]<UL><LI> ble_athandler.o(.constdata)
</UL>
<P><STRONG><a name="[57]"></a>BLE_PeriRssiHandler</STRONG> (Thumb, 292 bytes, Stack size 96 bytes, ble_athandler.o(i.BLE_PeriRssiHandler))
<BR><BR>[Stack]<UL><LI>Max Depth = 360<LI>Call Chain = BLE_PeriRssiHandler &rArr; getUartParamValue &rArr; isContain
</UL>
<BR>[Calls]<UL><LI><a href="#[a3]">&gt;&gt;</a>&nbsp;&nbsp;&nbsp;uart_put_string
<LI><a href="#[a7]">&gt;&gt;</a>&nbsp;&nbsp;&nbsp;getUartParamValue
<LI><a href="#[a8]">&gt;&gt;</a>&nbsp;&nbsp;&nbsp;_atoi
<LI><a href="#[aa]">&gt;&gt;</a>&nbsp;&nbsp;&nbsp;IntToStr
<LI><a href="#[a9]">&gt;&gt;</a>&nbsp;&nbsp;&nbsp;nrf_delay_us
<LI><a href="#[a6]">&gt;&gt;</a>&nbsp;&nbsp;&nbsp;__aeabi_memclr4
</UL>
<BR>[Address Reference Count : 1]<UL><LI> ble_athandler.o(.constdata)
</UL>
<P><STRONG><a name="[6d]"></a>BLE_QueryAdvIntervalHandler</STRONG> (Thumb, 136 bytes, Stack size 72 bytes, ble_athandler.o(i.BLE_QueryAdvIntervalHandler))
<BR><BR>[Stack]<UL><LI>Max Depth = 160<LI>Call Chain = BLE_QueryAdvIntervalHandler &rArr; uart_put_string &rArr; app_uart_put &rArr; nrf_drv_uart_tx &rArr; nrf_drv_uart_tx_for_uarte &rArr; nrf_uarte_event_clear
</UL>
<BR>[Calls]<UL><LI><a href="#[a3]">&gt;&gt;</a>&nbsp;&nbsp;&nbsp;uart_put_string
<LI><a href="#[aa]">&gt;&gt;</a>&nbsp;&nbsp;&nbsp;IntToStr
<LI><a href="#[a6]">&gt;&gt;</a>&nbsp;&nbsp;&nbsp;__aeabi_memclr4
</UL>
<BR>[Address Reference Count : 1]<UL><LI> ble_athandler.o(.constdata)
</UL>
<P><STRONG><a name="[70]"></a>BLE_QueryBondModeHandler</STRONG> (Thumb, 6 bytes, Stack size 0 bytes, ble_athandler.o(i.BLE_QueryBondModeHandler))
<BR>[Address Reference Count : 1]<UL><LI> ble_athandler.o(.constdata)
</UL>
<P><STRONG><a name="[6e]"></a>BLE_QueryConnIntervalHandler</STRONG> (Thumb, 6 bytes, Stack size 0 bytes, ble_athandler.o(i.BLE_QueryConnIntervalHandler))
<BR>[Address Reference Count : 1]<UL><LI> ble_athandler.o(.constdata)
</UL>
<P><STRONG><a name="[6c]"></a>BLE_QueryDeviceNameHandler</STRONG> (Thumb, 152 bytes, Stack size 80 bytes, ble_athandler.o(i.BLE_QueryDeviceNameHandler))
<BR><BR>[Stack]<UL><LI>Max Depth = 392<LI>Call Chain = BLE_QueryDeviceNameHandler &rArr; get_mac_addr &rArr; app_error_handler_bare &rArr; app_error_fault_handler &rArr; nrf_log_frontend_std_0 &rArr; std_n &rArr; nrf_log_frontend_dequeue &rArr; nrf_memobj_put &rArr; nrf_memobj_free &rArr; nrf_balloc_free &rArr; app_util_critical_region_enter &rArr; sd_nvic_critical_region_enter
</UL>
<BR>[Calls]<UL><LI><a href="#[a4]">&gt;&gt;</a>&nbsp;&nbsp;&nbsp;get_mac_addr
<LI><a href="#[a3]">&gt;&gt;</a>&nbsp;&nbsp;&nbsp;uart_put_string
<LI><a href="#[ac]">&gt;&gt;</a>&nbsp;&nbsp;&nbsp;arrayToStr
<LI><a href="#[a6]">&gt;&gt;</a>&nbsp;&nbsp;&nbsp;__aeabi_memclr4
<LI><a href="#[9c]">&gt;&gt;</a>&nbsp;&nbsp;&nbsp;__aeabi_memclr
<LI><a href="#[ab]">&gt;&gt;</a>&nbsp;&nbsp;&nbsp;__aeabi_memcpy4
</UL>
<BR>[Address Reference Count : 1]<UL><LI> ble_athandler.o(.constdata)
</UL>
<P><STRONG><a name="[76]"></a>BLE_QueryDeviceTypeHandler</STRONG> (Thumb, 6 bytes, Stack size 0 bytes, ble_athandler.o(i.BLE_QueryDeviceTypeHandler))
<BR>[Address Reference Count : 1]<UL><LI> ble_athandler.o(.constdata)
</UL>
<P><STRONG><a name="[67]"></a>BLE_QueryEncryTypeHandler</STRONG> (Thumb, 6 bytes, Stack size 0 bytes, ble_athandler.o(i.BLE_QueryEncryTypeHandler))
<BR>[Address Reference Count : 1]<UL><LI> ble_athandler.o(.constdata)
</UL>
<P><STRONG><a name="[63]"></a>BLE_QueryHardwarRevHandler</STRONG> (Thumb, 6 bytes, Stack size 0 bytes, ble_athandler.o(i.BLE_QueryHardwarRevHandler))
<BR>[Address Reference Count : 1]<UL><LI> ble_athandler.o(.constdata)
</UL>
<P><STRONG><a name="[66]"></a>BLE_QueryIEEE11073Handler</STRONG> (Thumb, 6 bytes, Stack size 0 bytes, ble_athandler.o(i.BLE_QueryIEEE11073Handler))
<BR>[Address Reference Count : 1]<UL><LI> ble_athandler.o(.constdata)
</UL>
<P><STRONG><a name="[61]"></a>BLE_QueryManufactureNameHandler</STRONG> (Thumb, 6 bytes, Stack size 0 bytes, ble_athandler.o(i.BLE_QueryManufactureNameHandler))
<BR>[Address Reference Count : 1]<UL><LI> ble_athandler.o(.constdata)
</UL>
<P><STRONG><a name="[71]"></a>BLE_QueryPassKeyHandler</STRONG> (Thumb, 6 bytes, Stack size 0 bytes, ble_athandler.o(i.BLE_QueryPassKeyHandler))
<BR>[Address Reference Count : 1]<UL><LI> ble_athandler.o(.constdata)
</UL>
<P><STRONG><a name="[75]"></a>BLE_QueryPeriPheralStateHandler</STRONG> (Thumb, 62 bytes, Stack size 16 bytes, ble_athandler.o(i.BLE_QueryPeriPheralStateHandler))
<BR><BR>[Stack]<UL><LI>Max Depth = 104<LI>Call Chain = BLE_QueryPeriPheralStateHandler &rArr; uart_put_string &rArr; app_uart_put &rArr; nrf_drv_uart_tx &rArr; nrf_drv_uart_tx_for_uarte &rArr; nrf_uarte_event_clear
</UL>
<BR>[Calls]<UL><LI><a href="#[a3]">&gt;&gt;</a>&nbsp;&nbsp;&nbsp;uart_put_string
</UL>
<BR>[Address Reference Count : 1]<UL><LI> ble_athandler.o(.constdata)
</UL>
<P><STRONG><a name="[65]"></a>BLE_QueryPnpIdHandler</STRONG> (Thumb, 6 bytes, Stack size 0 bytes, ble_athandler.o(i.BLE_QueryPnpIdHandler))
<BR>[Address Reference Count : 1]<UL><LI> ble_athandler.o(.constdata)
</UL>
<P><STRONG><a name="[62]"></a>BLE_QuerySerialNumberHandler</STRONG> (Thumb, 6 bytes, Stack size 0 bytes, ble_athandler.o(i.BLE_QuerySerialNumberHandler))
<BR>[Address Reference Count : 1]<UL><LI> ble_athandler.o(.constdata)
</UL>
<P><STRONG><a name="[64]"></a>BLE_QuerySoftwareRevHandler</STRONG> (Thumb, 6 bytes, Stack size 0 bytes, ble_athandler.o(i.BLE_QuerySoftwareRevHandler))
<BR>[Address Reference Count : 1]<UL><LI> ble_athandler.o(.constdata)
</UL>
<P><STRONG><a name="[6f]"></a>BLE_QueryTxPowerHandler</STRONG> (Thumb, 6 bytes, Stack size 0 bytes, ble_athandler.o(i.BLE_QueryTxPowerHandler))
<BR>[Address Reference Count : 1]<UL><LI> ble_athandler.o(.constdata)
</UL>
<P><STRONG><a name="[6b]"></a>BLE_QueryUartConfigHandler</STRONG> (Thumb, 228 bytes, Stack size 72 bytes, ble_athandler.o(i.BLE_QueryUartConfigHandler))
<BR><BR>[Stack]<UL><LI>Max Depth = 160<LI>Call Chain = BLE_QueryUartConfigHandler &rArr; uart_put_string &rArr; app_uart_put &rArr; nrf_drv_uart_tx &rArr; nrf_drv_uart_tx_for_uarte &rArr; nrf_uarte_event_clear
</UL>
<BR>[Calls]<UL><LI><a href="#[ad]">&gt;&gt;</a>&nbsp;&nbsp;&nbsp;app_uart_put
<LI><a href="#[a3]">&gt;&gt;</a>&nbsp;&nbsp;&nbsp;uart_put_string
<LI><a href="#[aa]">&gt;&gt;</a>&nbsp;&nbsp;&nbsp;IntToStr
<LI><a href="#[a6]">&gt;&gt;</a>&nbsp;&nbsp;&nbsp;__aeabi_memclr4
</UL>
<BR>[Address Reference Count : 1]<UL><LI> ble_athandler.o(.constdata)
</UL>
<P><STRONG><a name="[56]"></a>BLE_SetAdvEnableHandler</STRONG> (Thumb, 6 bytes, Stack size 0 bytes, ble_athandler.o(i.BLE_SetAdvEnableHandler))
<BR>[Address Reference Count : 1]<UL><LI> ble_athandler.o(.constdata)
</UL>
<P><STRONG><a name="[51]"></a>BLE_SetAdvIntervalHandler</STRONG> (Thumb, 68 bytes, Stack size 24 bytes, ble_athandler.o(i.BLE_SetAdvIntervalHandler))
<BR><BR>[Stack]<UL><LI>Max Depth = 288<LI>Call Chain = BLE_SetAdvIntervalHandler &rArr; getUartParamValue &rArr; isContain
</UL>
<BR>[Calls]<UL><LI><a href="#[a3]">&gt;&gt;</a>&nbsp;&nbsp;&nbsp;uart_put_string
<LI><a href="#[a7]">&gt;&gt;</a>&nbsp;&nbsp;&nbsp;getUartParamValue
<LI><a href="#[a8]">&gt;&gt;</a>&nbsp;&nbsp;&nbsp;_atoi
</UL>
<BR>[Address Reference Count : 1]<UL><LI> ble_athandler.o(.constdata)
</UL>
<P><STRONG><a name="[54]"></a>BLE_SetBondModeHandler</STRONG> (Thumb, 6 bytes, Stack size 0 bytes, ble_athandler.o(i.BLE_SetBondModeHandler))
<BR>[Address Reference Count : 1]<UL><LI> ble_athandler.o(.constdata)
</UL>
<P><STRONG><a name="[52]"></a>BLE_SetConnIntervalHandler</STRONG> (Thumb, 6 bytes, Stack size 0 bytes, ble_athandler.o(i.BLE_SetConnIntervalHandler))
<BR>[Address Reference Count : 1]<UL><LI> ble_athandler.o(.constdata)
</UL>
<P><STRONG><a name="[50]"></a>BLE_SetDeviceNameHandler</STRONG> (Thumb, 120 bytes, Stack size 56 bytes, ble_athandler.o(i.BLE_SetDeviceNameHandler))
<BR><BR>[Stack]<UL><LI>Max Depth = 320<LI>Call Chain = BLE_SetDeviceNameHandler &rArr; getUartParamValue &rArr; isContain
</UL>
<BR>[Calls]<UL><LI><a href="#[a3]">&gt;&gt;</a>&nbsp;&nbsp;&nbsp;uart_put_string
<LI><a href="#[a7]">&gt;&gt;</a>&nbsp;&nbsp;&nbsp;getUartParamValue
<LI><a href="#[ae]">&gt;&gt;</a>&nbsp;&nbsp;&nbsp;strlen
<LI><a href="#[af]">&gt;&gt;</a>&nbsp;&nbsp;&nbsp;__aeabi_memcpy
</UL>
<BR>[Address Reference Count : 1]<UL><LI> ble_athandler.o(.constdata)
</UL>
<P><STRONG><a name="[58]"></a>BLE_SetDeviceTypeHandler</STRONG> (Thumb, 6 bytes, Stack size 0 bytes, ble_athandler.o(i.BLE_SetDeviceTypeHandler))
<BR>[Address Reference Count : 1]<UL><LI> ble_athandler.o(.constdata)
</UL>
<P><STRONG><a name="[5f]"></a>BLE_SetEncryTypeHandler</STRONG> (Thumb, 6 bytes, Stack size 0 bytes, ble_athandler.o(i.BLE_SetEncryTypeHandler))
<BR>[Address Reference Count : 1]<UL><LI> ble_athandler.o(.constdata)
</UL>
<P><STRONG><a name="[5b]"></a>BLE_SetHardwarRevHandler</STRONG> (Thumb, 6 bytes, Stack size 0 bytes, ble_athandler.o(i.BLE_SetHardwarRevHandler))
<BR>[Address Reference Count : 1]<UL><LI> ble_athandler.o(.constdata)
</UL>
<P><STRONG><a name="[5d]"></a>BLE_SetIEEE11073Handler</STRONG> (Thumb, 16 bytes, Stack size 16 bytes, ble_athandler.o(i.BLE_SetIEEE11073Handler))
<BR><BR>[Stack]<UL><LI>Max Depth = 104<LI>Call Chain = BLE_SetIEEE11073Handler &rArr; uart_put_string &rArr; app_uart_put &rArr; nrf_drv_uart_tx &rArr; nrf_drv_uart_tx_for_uarte &rArr; nrf_uarte_event_clear
</UL>
<BR>[Calls]<UL><LI><a href="#[a3]">&gt;&gt;</a>&nbsp;&nbsp;&nbsp;uart_put_string
</UL>
<BR>[Address Reference Count : 1]<UL><LI> ble_athandler.o(.constdata)
</UL>
<P><STRONG><a name="[59]"></a>BLE_SetManufactureNameHandler</STRONG> (Thumb, 16 bytes, Stack size 16 bytes, ble_athandler.o(i.BLE_SetManufactureNameHandler))
<BR><BR>[Stack]<UL><LI>Max Depth = 104<LI>Call Chain = BLE_SetManufactureNameHandler &rArr; uart_put_string &rArr; app_uart_put &rArr; nrf_drv_uart_tx &rArr; nrf_drv_uart_tx_for_uarte &rArr; nrf_uarte_event_clear
</UL>
<BR>[Calls]<UL><LI><a href="#[a3]">&gt;&gt;</a>&nbsp;&nbsp;&nbsp;uart_put_string
</UL>
<BR>[Address Reference Count : 1]<UL><LI> ble_athandler.o(.constdata)
</UL>
<P><STRONG><a name="[55]"></a>BLE_SetPassKeyHandler</STRONG> (Thumb, 6 bytes, Stack size 0 bytes, ble_athandler.o(i.BLE_SetPassKeyHandler))
<BR>[Address Reference Count : 1]<UL><LI> ble_athandler.o(.constdata)
</UL>
<P><STRONG><a name="[5e]"></a>BLE_SetPnpIdHandler</STRONG> (Thumb, 6 bytes, Stack size 0 bytes, ble_athandler.o(i.BLE_SetPnpIdHandler))
<BR>[Address Reference Count : 1]<UL><LI> ble_athandler.o(.constdata)
</UL>
<P><STRONG><a name="[5a]"></a>BLE_SetSerialNumberHandler</STRONG> (Thumb, 16 bytes, Stack size 16 bytes, ble_athandler.o(i.BLE_SetSerialNumberHandler))
<BR><BR>[Stack]<UL><LI>Max Depth = 104<LI>Call Chain = BLE_SetSerialNumberHandler &rArr; uart_put_string &rArr; app_uart_put &rArr; nrf_drv_uart_tx &rArr; nrf_drv_uart_tx_for_uarte &rArr; nrf_uarte_event_clear
</UL>
<BR>[Calls]<UL><LI><a href="#[a3]">&gt;&gt;</a>&nbsp;&nbsp;&nbsp;uart_put_string
</UL>
<BR>[Address Reference Count : 1]<UL><LI> ble_athandler.o(.constdata)
</UL>
<P><STRONG><a name="[5c]"></a>BLE_SetSoftwareRevHandler</STRONG> (Thumb, 16 bytes, Stack size 16 bytes, ble_athandler.o(i.BLE_SetSoftwareRevHandler))
<BR><BR>[Stack]<UL><LI>Max Depth = 104<LI>Call Chain = BLE_SetSoftwareRevHandler &rArr; uart_put_string &rArr; app_uart_put &rArr; nrf_drv_uart_tx &rArr; nrf_drv_uart_tx_for_uarte &rArr; nrf_uarte_event_clear
</UL>
<BR>[Calls]<UL><LI><a href="#[a3]">&gt;&gt;</a>&nbsp;&nbsp;&nbsp;uart_put_string
</UL>
<BR>[Address Reference Count : 1]<UL><LI> ble_athandler.o(.constdata)
</UL>
<P><STRONG><a name="[53]"></a>BLE_SetTxPowerHandler</STRONG> (Thumb, 80 bytes, Stack size 24 bytes, ble_athandler.o(i.BLE_SetTxPowerHandler))
<BR><BR>[Stack]<UL><LI>Max Depth = 288<LI>Call Chain = BLE_SetTxPowerHandler &rArr; getUartParamValue &rArr; isContain
</UL>
<BR>[Calls]<UL><LI><a href="#[a3]">&gt;&gt;</a>&nbsp;&nbsp;&nbsp;uart_put_string
<LI><a href="#[a7]">&gt;&gt;</a>&nbsp;&nbsp;&nbsp;getUartParamValue
<LI><a href="#[b0]">&gt;&gt;</a>&nbsp;&nbsp;&nbsp;ConvertTxPow
</UL>
<BR>[Address Reference Count : 1]<UL><LI> ble_athandler.o(.constdata)
</UL>
<P><STRONG><a name="[4f]"></a>BLE_SetUartConfigHandler</STRONG> (Thumb, 162 bytes, Stack size 40 bytes, ble_athandler.o(i.BLE_SetUartConfigHandler))
<BR><BR>[Stack]<UL><LI>Max Depth = 304<LI>Call Chain = BLE_SetUartConfigHandler &rArr; getUartParamValue &rArr; isContain
</UL>
<BR>[Calls]<UL><LI><a href="#[a3]">&gt;&gt;</a>&nbsp;&nbsp;&nbsp;uart_put_string
<LI><a href="#[b1]">&gt;&gt;</a>&nbsp;&nbsp;&nbsp;isBrCorrect
<LI><a href="#[a7]">&gt;&gt;</a>&nbsp;&nbsp;&nbsp;getUartParamValue
<LI><a href="#[a8]">&gt;&gt;</a>&nbsp;&nbsp;&nbsp;_atoi
<LI><a href="#[b2]">&gt;&gt;</a>&nbsp;&nbsp;&nbsp;ConvertBr
</UL>
<BR>[Address Reference Count : 1]<UL><LI> ble_athandler.o(.constdata)
</UL>
<P><STRONG><a name="[60]"></a>BLE_SetUartDelayTime</STRONG> (Thumb, 6 bytes, Stack size 0 bytes, ble_athandler.o(i.BLE_SetUartDelayTime))
<BR>[Address Reference Count : 1]<UL><LI> ble_athandler.o(.constdata)
</UL>
<P><STRONG><a name="[72]"></a>BLE_SystemResetHandler</STRONG> (Thumb, 6 bytes, Stack size 0 bytes, ble_athandler.o(i.BLE_SystemResetHandler))
<BR><BR>[Calls]<UL><LI><a href="#[b3]">&gt;&gt;</a>&nbsp;&nbsp;&nbsp;NVIC_SystemReset
</UL>
<BR>[Address Reference Count : 1]<UL><LI> ble_athandler.o(.constdata)
</UL>
<P><STRONG><a name="[77]"></a>BLE_UartResponseHandler</STRONG> (Thumb, 16 bytes, Stack size 16 bytes, ble_athandler.o(i.BLE_UartResponseHandler))
<BR><BR>[Stack]<UL><LI>Max Depth = 104<LI>Call Chain = BLE_UartResponseHandler &rArr; uart_put_string &rArr; app_uart_put &rArr; nrf_drv_uart_tx &rArr; nrf_drv_uart_tx_for_uarte &rArr; nrf_uarte_event_clear
</UL>
<BR>[Calls]<UL><LI><a href="#[a3]">&gt;&gt;</a>&nbsp;&nbsp;&nbsp;uart_put_string
</UL>
<BR>[Address Reference Count : 1]<UL><LI> ble_athandler.o(.constdata)
</UL>
<P><STRONG><a name="[b4]"></a>C_Send</STRONG> (Thumb, 208 bytes, Stack size 16 bytes, het_open_platform.o(i.C_Send))
<BR><BR>[Stack]<UL><LI>Max Depth = 344<LI>Call Chain = C_Send &rArr; Send_Notify &rArr; app_error_handler_bare &rArr; app_error_fault_handler &rArr; nrf_log_frontend_std_0 &rArr; std_n &rArr; nrf_log_frontend_dequeue &rArr; nrf_memobj_put &rArr; nrf_memobj_free &rArr; nrf_balloc_free &rArr; app_util_critical_region_enter &rArr; sd_nvic_critical_region_enter
</UL>
<BR>[Calls]<UL><LI><a href="#[b5]">&gt;&gt;</a>&nbsp;&nbsp;&nbsp;Send_Notify
</UL>
<BR>[Called By]<UL><LI><a href="#[89]">&gt;&gt;</a>&nbsp;&nbsp;&nbsp;ble_nus_on_ble_evt
<LI><a href="#[e6]">&gt;&gt;</a>&nbsp;&nbsp;&nbsp;Sender_SetData
</UL>

<P><STRONG><a name="[b2]"></a>ConvertBr</STRONG> (Thumb, 94 bytes, Stack size 16 bytes, ble_athandler.o(i.ConvertBr))
<BR><BR>[Stack]<UL><LI>Max Depth = 28<LI>Call Chain = ConvertBr &rArr; memcmp
</UL>
<BR>[Calls]<UL><LI><a href="#[b6]">&gt;&gt;</a>&nbsp;&nbsp;&nbsp;memcmp
</UL>
<BR>[Called By]<UL><LI><a href="#[4f]">&gt;&gt;</a>&nbsp;&nbsp;&nbsp;BLE_SetUartConfigHandler
</UL>

<P><STRONG><a name="[b0]"></a>ConvertTxPow</STRONG> (Thumb, 166 bytes, Stack size 16 bytes, ble_athandler.o(i.ConvertTxPow))
<BR><BR>[Stack]<UL><LI>Max Depth = 28<LI>Call Chain = ConvertTxPow &rArr; memcmp
</UL>
<BR>[Calls]<UL><LI><a href="#[b6]">&gt;&gt;</a>&nbsp;&nbsp;&nbsp;memcmp
</UL>
<BR>[Called By]<UL><LI><a href="#[53]">&gt;&gt;</a>&nbsp;&nbsp;&nbsp;BLE_SetTxPowerHandler
</UL>

<P><STRONG><a name="[20]"></a>GPIOTE_IRQHandler</STRONG> (Thumb, 554 bytes, Stack size 72 bytes, nrf_drv_gpiote.o(i.GPIOTE_IRQHandler))
<BR><BR>[Stack]<UL><LI>Max Depth = 88<LI>Call Chain = GPIOTE_IRQHandler &rArr; nrf_gpiote_event_clear
</UL>
<BR>[Calls]<UL><LI><a href="#[b7]">&gt;&gt;</a>&nbsp;&nbsp;&nbsp;nrf_gpiote_event_is_set
<LI><a href="#[b8]">&gt;&gt;</a>&nbsp;&nbsp;&nbsp;nrf_gpiote_event_clear
<LI><a href="#[b9]">&gt;&gt;</a>&nbsp;&nbsp;&nbsp;nrf_gpio_ports_read
<LI><a href="#[bd]">&gt;&gt;</a>&nbsp;&nbsp;&nbsp;nrf_gpio_cfg_sense_set
<LI><a href="#[bb]">&gt;&gt;</a>&nbsp;&nbsp;&nbsp;nrf_bitmask_bit_is_set
<LI><a href="#[bc]">&gt;&gt;</a>&nbsp;&nbsp;&nbsp;channel_port_get
<LI><a href="#[ba]">&gt;&gt;</a>&nbsp;&nbsp;&nbsp;channel_handler_get
</UL>
<BR>[Address Reference Count : 1]<UL><LI> arm_startup_nrf52810.o(RESET)
</UL>
<P><STRONG><a name="[aa]"></a>IntToStr</STRONG> (Thumb, 82 bytes, Stack size 36 bytes, ble_athandler.o(i.IntToStr))
<BR><BR>[Stack]<UL><LI>Max Depth = 36<LI>Call Chain = IntToStr
</UL>
<BR>[Called By]<UL><LI><a href="#[6b]">&gt;&gt;</a>&nbsp;&nbsp;&nbsp;BLE_QueryUartConfigHandler
<LI><a href="#[6d]">&gt;&gt;</a>&nbsp;&nbsp;&nbsp;BLE_QueryAdvIntervalHandler
<LI><a href="#[57]">&gt;&gt;</a>&nbsp;&nbsp;&nbsp;BLE_PeriRssiHandler
</UL>

<P><STRONG><a name="[d]"></a>La_Factory</STRONG> (Thumb, 22 bytes, Stack size 16 bytes, lrd_at.o(i.La_Factory))
<BR><BR>[Stack]<UL><LI>Max Depth = 64<LI>Call Chain = La_Factory &rArr; Appcfg_RecoveryHandler &rArr; flash_clear &rArr; nrf_fstorage_erase &rArr; addr_within_bounds
</UL>
<BR>[Calls]<UL><LI><a href="#[a0]">&gt;&gt;</a>&nbsp;&nbsp;&nbsp;Appcfg_RecoveryHandler
</UL>
<BR>[Address Reference Count : 1]<UL><LI> lrd_at.o(.data)
</UL>
<P><STRONG><a name="[8]"></a>La_GetAdvInterval</STRONG> (Thumb, 58 bytes, Stack size 16 bytes, lrd_at.o(i.La_GetAdvInterval))
<BR><BR>[Stack]<UL><LI>Max Depth = 104<LI>Call Chain = La_GetAdvInterval &rArr; SerialPrintHex &rArr; app_uart_put &rArr; nrf_drv_uart_tx &rArr; nrf_drv_uart_tx_for_uarte &rArr; nrf_uarte_event_clear
</UL>
<BR>[Calls]<UL><LI><a href="#[be]">&gt;&gt;</a>&nbsp;&nbsp;&nbsp;getAdvInterval
<LI><a href="#[bf]">&gt;&gt;</a>&nbsp;&nbsp;&nbsp;SerialPrintHex
</UL>
<BR>[Address Reference Count : 1]<UL><LI> lrd_at.o(.data)
</UL>
<P><STRONG><a name="[1]"></a>La_GetBr</STRONG> (Thumb, 162 bytes, Stack size 16 bytes, lrd_at.o(i.La_GetBr))
<BR><BR>[Stack]<UL><LI>Max Depth = 104<LI>Call Chain = La_GetBr &rArr; SerialPrintHex &rArr; app_uart_put &rArr; nrf_drv_uart_tx &rArr; nrf_drv_uart_tx_for_uarte &rArr; nrf_uarte_event_clear
</UL>
<BR>[Calls]<UL><LI><a href="#[c0]">&gt;&gt;</a>&nbsp;&nbsp;&nbsp;getUartConfig
<LI><a href="#[bf]">&gt;&gt;</a>&nbsp;&nbsp;&nbsp;SerialPrintHex
</UL>
<BR>[Address Reference Count : 1]<UL><LI> lrd_at.o(.data)
</UL>
<P><STRONG><a name="[3]"></a>La_GetConnInterval</STRONG> (Thumb, 62 bytes, Stack size 16 bytes, lrd_at.o(i.La_GetConnInterval))
<BR><BR>[Stack]<UL><LI>Max Depth = 104<LI>Call Chain = La_GetConnInterval &rArr; SerialPrintHex &rArr; app_uart_put &rArr; nrf_drv_uart_tx &rArr; nrf_drv_uart_tx_for_uarte &rArr; nrf_uarte_event_clear
</UL>
<BR>[Calls]<UL><LI><a href="#[c1]">&gt;&gt;</a>&nbsp;&nbsp;&nbsp;getConnInterval
<LI><a href="#[bf]">&gt;&gt;</a>&nbsp;&nbsp;&nbsp;SerialPrintHex
</UL>
<BR>[Address Reference Count : 1]<UL><LI> lrd_at.o(.data)
</UL>
<P><STRONG><a name="[6]"></a>La_GetDeviceName</STRONG> (Thumb, 144 bytes, Stack size 24 bytes, lrd_at.o(i.La_GetDeviceName))
<BR><BR>[Stack]<UL><LI>Max Depth = 112<LI>Call Chain = La_GetDeviceName &rArr; SerialPrintHex &rArr; app_uart_put &rArr; nrf_drv_uart_tx &rArr; nrf_drv_uart_tx_for_uarte &rArr; nrf_uarte_event_clear
</UL>
<BR>[Calls]<UL><LI><a href="#[c2]">&gt;&gt;</a>&nbsp;&nbsp;&nbsp;getDeviceName
<LI><a href="#[bf]">&gt;&gt;</a>&nbsp;&nbsp;&nbsp;SerialPrintHex
<LI><a href="#[ae]">&gt;&gt;</a>&nbsp;&nbsp;&nbsp;strlen
<LI><a href="#[9c]">&gt;&gt;</a>&nbsp;&nbsp;&nbsp;__aeabi_memclr
<LI><a href="#[af]">&gt;&gt;</a>&nbsp;&nbsp;&nbsp;__aeabi_memcpy
</UL>
<BR>[Address Reference Count : 1]<UL><LI> lrd_at.o(.data)
</UL>
<P><STRONG><a name="[f]"></a>La_GetFwVersion</STRONG> (Thumb, 112 bytes, Stack size 32 bytes, lrd_at.o(i.La_GetFwVersion))
<BR><BR>[Stack]<UL><LI>Max Depth = 120<LI>Call Chain = La_GetFwVersion &rArr; SerialPrintHex &rArr; app_uart_put &rArr; nrf_drv_uart_tx &rArr; nrf_drv_uart_tx_for_uarte &rArr; nrf_uarte_event_clear
</UL>
<BR>[Calls]<UL><LI><a href="#[bf]">&gt;&gt;</a>&nbsp;&nbsp;&nbsp;SerialPrintHex
<LI><a href="#[c3]">&gt;&gt;</a>&nbsp;&nbsp;&nbsp;hexAssiVarilfy
<LI><a href="#[ab]">&gt;&gt;</a>&nbsp;&nbsp;&nbsp;__aeabi_memcpy4
</UL>
<BR>[Address Reference Count : 1]<UL><LI> lrd_at.o(.data)
</UL>
<P><STRONG><a name="[4]"></a>La_GetMacAddr</STRONG> (Thumb, 96 bytes, Stack size 24 bytes, lrd_at.o(i.La_GetMacAddr))
<BR><BR>[Stack]<UL><LI>Max Depth = 112<LI>Call Chain = La_GetMacAddr &rArr; SerialPrintHex &rArr; app_uart_put &rArr; nrf_drv_uart_tx &rArr; nrf_drv_uart_tx_for_uarte &rArr; nrf_uarte_event_clear
</UL>
<BR>[Calls]<UL><LI><a href="#[bf]">&gt;&gt;</a>&nbsp;&nbsp;&nbsp;SerialPrintHex
</UL>
<BR>[Address Reference Count : 1]<UL><LI> lrd_at.o(.data)
</UL>
<P><STRONG><a name="[a]"></a>La_GetTxPower</STRONG> (Thumb, 52 bytes, Stack size 16 bytes, lrd_at.o(i.La_GetTxPower))
<BR><BR>[Stack]<UL><LI>Max Depth = 104<LI>Call Chain = La_GetTxPower &rArr; SerialPrintHex &rArr; app_uart_put &rArr; nrf_drv_uart_tx &rArr; nrf_drv_uart_tx_for_uarte &rArr; nrf_uarte_event_clear
</UL>
<BR>[Calls]<UL><LI><a href="#[c4]">&gt;&gt;</a>&nbsp;&nbsp;&nbsp;getTxPower
<LI><a href="#[bf]">&gt;&gt;</a>&nbsp;&nbsp;&nbsp;SerialPrintHex
</UL>
<BR>[Address Reference Count : 1]<UL><LI> lrd_at.o(.data)
</UL>
<P><STRONG><a name="[c]"></a>La_GetUartDelay</STRONG> (Thumb, 52 bytes, Stack size 16 bytes, lrd_at.o(i.La_GetUartDelay))
<BR><BR>[Stack]<UL><LI>Max Depth = 104<LI>Call Chain = La_GetUartDelay &rArr; SerialPrintHex &rArr; app_uart_put &rArr; nrf_drv_uart_tx &rArr; nrf_drv_uart_tx_for_uarte &rArr; nrf_uarte_event_clear
</UL>
<BR>[Calls]<UL><LI><a href="#[c5]">&gt;&gt;</a>&nbsp;&nbsp;&nbsp;getUartDelayTime
<LI><a href="#[bf]">&gt;&gt;</a>&nbsp;&nbsp;&nbsp;SerialPrintHex
</UL>
<BR>[Address Reference Count : 1]<UL><LI> lrd_at.o(.data)
</UL>
<P><STRONG><a name="[e]"></a>La_Reset</STRONG> (Thumb, 74 bytes, Stack size 0 bytes, lrd_at.o(i.La_Reset))
<BR>[Address Reference Count : 1]<UL><LI> lrd_at.o(.data)
</UL>
<P><STRONG><a name="[7]"></a>La_SetAdvInterval</STRONG> (Thumb, 46 bytes, Stack size 16 bytes, lrd_at.o(i.La_SetAdvInterval))
<BR><BR>[Stack]<UL><LI>Max Depth = 104<LI>Call Chain = La_SetAdvInterval &rArr; SerialPrintHex &rArr; app_uart_put &rArr; nrf_drv_uart_tx &rArr; nrf_drv_uart_tx_for_uarte &rArr; nrf_uarte_event_clear
</UL>
<BR>[Calls]<UL><LI><a href="#[c6]">&gt;&gt;</a>&nbsp;&nbsp;&nbsp;saveAdvInterval
<LI><a href="#[bf]">&gt;&gt;</a>&nbsp;&nbsp;&nbsp;SerialPrintHex
</UL>
<BR>[Address Reference Count : 1]<UL><LI> lrd_at.o(.data)
</UL>
<P><STRONG><a name="[0]"></a>La_SetBr</STRONG> (Thumb, 124 bytes, Stack size 24 bytes, lrd_at.o(i.La_SetBr))
<BR><BR>[Stack]<UL><LI>Max Depth = 112<LI>Call Chain = La_SetBr &rArr; SerialPrintHex &rArr; app_uart_put &rArr; nrf_drv_uart_tx &rArr; nrf_drv_uart_tx_for_uarte &rArr; nrf_uarte_event_clear
</UL>
<BR>[Calls]<UL><LI><a href="#[c7]">&gt;&gt;</a>&nbsp;&nbsp;&nbsp;saveUartConfig
<LI><a href="#[bf]">&gt;&gt;</a>&nbsp;&nbsp;&nbsp;SerialPrintHex
</UL>
<BR>[Address Reference Count : 1]<UL><LI> lrd_at.o(.data)
</UL>
<P><STRONG><a name="[2]"></a>La_SetConnInterval</STRONG> (Thumb, 56 bytes, Stack size 16 bytes, lrd_at.o(i.La_SetConnInterval))
<BR><BR>[Stack]<UL><LI>Max Depth = 104<LI>Call Chain = La_SetConnInterval &rArr; SerialPrintHex &rArr; app_uart_put &rArr; nrf_drv_uart_tx &rArr; nrf_drv_uart_tx_for_uarte &rArr; nrf_uarte_event_clear
</UL>
<BR>[Calls]<UL><LI><a href="#[c8]">&gt;&gt;</a>&nbsp;&nbsp;&nbsp;saveConnInterval
<LI><a href="#[bf]">&gt;&gt;</a>&nbsp;&nbsp;&nbsp;SerialPrintHex
</UL>
<BR>[Address Reference Count : 1]<UL><LI> lrd_at.o(.data)
</UL>
<P><STRONG><a name="[5]"></a>La_SetDeviceName</STRONG> (Thumb, 56 bytes, Stack size 32 bytes, lrd_at.o(i.La_SetDeviceName))
<BR><BR>[Stack]<UL><LI>Max Depth = 120<LI>Call Chain = La_SetDeviceName &rArr; SerialPrintHex &rArr; app_uart_put &rArr; nrf_drv_uart_tx &rArr; nrf_drv_uart_tx_for_uarte &rArr; nrf_uarte_event_clear
</UL>
<BR>[Calls]<UL><LI><a href="#[c9]">&gt;&gt;</a>&nbsp;&nbsp;&nbsp;saveDeviceName
<LI><a href="#[bf]">&gt;&gt;</a>&nbsp;&nbsp;&nbsp;SerialPrintHex
<LI><a href="#[af]">&gt;&gt;</a>&nbsp;&nbsp;&nbsp;__aeabi_memcpy
</UL>
<BR>[Address Reference Count : 1]<UL><LI> lrd_at.o(.data)
</UL>
<P><STRONG><a name="[9]"></a>La_SetTxPower</STRONG> (Thumb, 38 bytes, Stack size 16 bytes, lrd_at.o(i.La_SetTxPower))
<BR><BR>[Stack]<UL><LI>Max Depth = 104<LI>Call Chain = La_SetTxPower &rArr; SerialPrintHex &rArr; app_uart_put &rArr; nrf_drv_uart_tx &rArr; nrf_drv_uart_tx_for_uarte &rArr; nrf_uarte_event_clear
</UL>
<BR>[Calls]<UL><LI><a href="#[ca]">&gt;&gt;</a>&nbsp;&nbsp;&nbsp;saveTxPower
<LI><a href="#[bf]">&gt;&gt;</a>&nbsp;&nbsp;&nbsp;SerialPrintHex
</UL>
<BR>[Address Reference Count : 1]<UL><LI> lrd_at.o(.data)
</UL>
<P><STRONG><a name="[b]"></a>La_SetUartDelay</STRONG> (Thumb, 38 bytes, Stack size 16 bytes, lrd_at.o(i.La_SetUartDelay))
<BR><BR>[Stack]<UL><LI>Max Depth = 104<LI>Call Chain = La_SetUartDelay &rArr; SerialPrintHex &rArr; app_uart_put &rArr; nrf_drv_uart_tx &rArr; nrf_drv_uart_tx_for_uarte &rArr; nrf_uarte_event_clear
</UL>
<BR>[Calls]<UL><LI><a href="#[cb]">&gt;&gt;</a>&nbsp;&nbsp;&nbsp;saveUartDelayTime
<LI><a href="#[bf]">&gt;&gt;</a>&nbsp;&nbsp;&nbsp;SerialPrintHex
</UL>
<BR>[Address Reference Count : 1]<UL><LI> lrd_at.o(.data)
</UL>
<P><STRONG><a name="[cc]"></a>La_atCheck</STRONG> (Thumb, 82 bytes, Stack size 24 bytes, lrd_at.o(i.La_atCheck))
<BR><BR>[Stack]<UL><LI>Max Depth = 112<LI>Call Chain = La_atCheck &rArr; SerialPrintHex &rArr; app_uart_put &rArr; nrf_drv_uart_tx &rArr; nrf_drv_uart_tx_for_uarte &rArr; nrf_uarte_event_clear
</UL>
<BR>[Calls]<UL><LI><a href="#[bf]">&gt;&gt;</a>&nbsp;&nbsp;&nbsp;SerialPrintHex
<LI><a href="#[cd]">&gt;&gt;</a>&nbsp;&nbsp;&nbsp;la_chekCmd
</UL>
<BR>[Called By]<UL><LI><a href="#[117]">&gt;&gt;</a>&nbsp;&nbsp;&nbsp;app_uart_handle_ATCommand
</UL>

<P><STRONG><a name="[cf]"></a>PCBA_keyio_test</STRONG> (Thumb, 328 bytes, Stack size 24 bytes, dtm_app.o(i.PCBA_keyio_test))
<BR><BR>[Stack]<UL><LI>Max Depth = 68<LI>Call Chain = PCBA_keyio_test &rArr; nrf_gpio_cfg_input &rArr; nrf_gpio_cfg
</UL>
<BR>[Calls]<UL><LI><a href="#[d5]">&gt;&gt;</a>&nbsp;&nbsp;&nbsp;nrf_gpio_pin_set
<LI><a href="#[d4]">&gt;&gt;</a>&nbsp;&nbsp;&nbsp;nrf_gpio_pin_read
<LI><a href="#[d3]">&gt;&gt;</a>&nbsp;&nbsp;&nbsp;nrf_gpio_pin_clear
<LI><a href="#[d0]">&gt;&gt;</a>&nbsp;&nbsp;&nbsp;nrf_gpio_cfg_output
<LI><a href="#[d1]">&gt;&gt;</a>&nbsp;&nbsp;&nbsp;nrf_gpio_cfg_input
<LI><a href="#[d2]">&gt;&gt;</a>&nbsp;&nbsp;&nbsp;nrf_delay_ms
</UL>
<BR>[Called By]<UL><LI><a href="#[19c]">&gt;&gt;</a>&nbsp;&nbsp;&nbsp;dtm_mode_check
</UL>

<P><STRONG><a name="[1b]"></a>POWER_CLOCK_IRQHandler</STRONG> (Thumb, 74 bytes, Stack size 8 bytes, nrf_drv_clock.o(i.POWER_CLOCK_IRQHandler))
<BR><BR>[Stack]<UL><LI>Max Depth = 24<LI>Call Chain = POWER_CLOCK_IRQHandler &rArr; clock_clk_started_notify
</UL>
<BR>[Calls]<UL><LI><a href="#[d8]">&gt;&gt;</a>&nbsp;&nbsp;&nbsp;nrf_clock_int_disable
<LI><a href="#[d7]">&gt;&gt;</a>&nbsp;&nbsp;&nbsp;nrf_clock_event_clear
<LI><a href="#[d6]">&gt;&gt;</a>&nbsp;&nbsp;&nbsp;nrf_clock_event_check
<LI><a href="#[d9]">&gt;&gt;</a>&nbsp;&nbsp;&nbsp;clock_clk_started_notify
</UL>
<BR>[Address Reference Count : 1]<UL><LI> arm_startup_nrf52810.o(RESET)
</UL>
<P><STRONG><a name="[da]"></a>PowerUp_write_timer_init</STRONG> (Thumb, 34 bytes, Stack size 8 bytes, at_comhandler.o(i.PowerUp_write_timer_init))
<BR><BR>[Stack]<UL><LI>Max Depth = 96<LI>Call Chain = PowerUp_write_timer_init &rArr; app_timer_start &rArr; timer_start_op_schedule &rArr; app_util_critical_region_enter &rArr; sd_nvic_critical_region_enter
</UL>
<BR>[Calls]<UL><LI><a href="#[dc]">&gt;&gt;</a>&nbsp;&nbsp;&nbsp;app_timer_start
<LI><a href="#[db]">&gt;&gt;</a>&nbsp;&nbsp;&nbsp;app_timer_create
</UL>
<BR>[Called By]<UL><LI><a href="#[1cf]">&gt;&gt;</a>&nbsp;&nbsp;&nbsp;timers_init
</UL>

<P><STRONG><a name="[2b]"></a>RTC1_IRQHandler</STRONG> (Thumb, 44 bytes, Stack size 8 bytes, app_timer.o(i.RTC1_IRQHandler))
<BR><BR>[Stack]<UL><LI>Max Depth = 40<LI>Call Chain = RTC1_IRQHandler &rArr; timer_timeouts_check &rArr; timer_list_handler_sched
</UL>
<BR>[Calls]<UL><LI><a href="#[dd]">&gt;&gt;</a>&nbsp;&nbsp;&nbsp;timer_timeouts_check
</UL>
<BR>[Address Reference Count : 1]<UL><LI> arm_startup_nrf52810.o(RESET)
</UL>
<P><STRONG><a name="[de]"></a>SEGGER_RTT_Init</STRONG> (Thumb, 8 bytes, Stack size 8 bytes, segger_rtt.o(i.SEGGER_RTT_Init))
<BR><BR>[Stack]<UL><LI>Max Depth = 16<LI>Call Chain = SEGGER_RTT_Init &rArr; _DoInit
</UL>
<BR>[Calls]<UL><LI><a href="#[df]">&gt;&gt;</a>&nbsp;&nbsp;&nbsp;_DoInit
</UL>
<BR>[Called By]<UL><LI><a href="#[20f]">&gt;&gt;</a>&nbsp;&nbsp;&nbsp;nrf_log_backend_rtt_init
</UL>

<P><STRONG><a name="[e0]"></a>SEGGER_RTT_WriteNoLock</STRONG> (Thumb, 126 bytes, Stack size 32 bytes, segger_rtt.o(i.SEGGER_RTT_WriteNoLock))
<BR><BR>[Stack]<UL><LI>Max Depth = 64<LI>Call Chain = SEGGER_RTT_WriteNoLock &rArr; _WriteNoCheck
</UL>
<BR>[Calls]<UL><LI><a href="#[e2]">&gt;&gt;</a>&nbsp;&nbsp;&nbsp;_WriteNoCheck
<LI><a href="#[e3]">&gt;&gt;</a>&nbsp;&nbsp;&nbsp;_WriteBlocking
<LI><a href="#[e1]">&gt;&gt;</a>&nbsp;&nbsp;&nbsp;_GetAvailWriteSpace
</UL>
<BR>[Called By]<UL><LI><a href="#[47]">&gt;&gt;</a>&nbsp;&nbsp;&nbsp;serial_tx
</UL>

<P><STRONG><a name="[2e]"></a>SWI0_EGU0_IRQHandler</STRONG> (Thumb, 8 bytes, Stack size 8 bytes, app_timer.o(i.SWI0_EGU0_IRQHandler))
<BR><BR>[Stack]<UL><LI>Max Depth = 88<LI>Call Chain = SWI0_EGU0_IRQHandler &rArr; timer_list_handler &rArr; list_insertions_handler &rArr; timer_list_remove
</UL>
<BR>[Calls]<UL><LI><a href="#[e4]">&gt;&gt;</a>&nbsp;&nbsp;&nbsp;timer_list_handler
</UL>
<BR>[Address Reference Count : 1]<UL><LI> arm_startup_nrf52810.o(RESET)
</UL>
<P><STRONG><a name="[30]"></a>SWI2_IRQHandler</STRONG> (Thumb, 8 bytes, Stack size 8 bytes, nrf_sdh.o(i.SWI2_IRQHandler))
<BR><BR>[Stack]<UL><LI>Max Depth = 48<LI>Call Chain = SWI2_IRQHandler &rArr; nrf_sdh_evts_poll &rArr; nrf_section_iter_init
</UL>
<BR>[Calls]<UL><LI><a href="#[e5]">&gt;&gt;</a>&nbsp;&nbsp;&nbsp;nrf_sdh_evts_poll
</UL>
<BR>[Address Reference Count : 1]<UL><LI> arm_startup_nrf52810.o(RESET)
</UL>
[...]
</UL>

<P><STRONG><a name="[22f]"></a>softdevice_evt_irq_disable</STRONG> (Thumb, 98 bytes, Stack size 16 bytes, nrf_sdh.o(i.softdevice_evt_irq_disable))
<BR><BR>[Stack]<UL><LI>Max Depth = 304<LI>Call Chain = softdevice_evt_irq_disable &rArr; app_error_handler_bare &rArr; app_error_fault_handler &rArr; nrf_log_frontend_std_0 &rArr; std_n &rArr; nrf_log_frontend_dequeue &rArr; nrf_memobj_put &rArr; nrf_memobj_free &rArr; nrf_balloc_free &rArr; app_util_critical_region_enter &rArr; sd_nvic_critical_region_enter
</UL>
<BR>[Calls]<UL><LI><a href="#[a2]">&gt;&gt;</a>&nbsp;&nbsp;&nbsp;app_error_handler_bare
<LI><a href="#[248]">&gt;&gt;</a>&nbsp;&nbsp;&nbsp;__sd_nvic_app_accessible_irq
</UL>
<BR>[Called By]<UL><LI><a href="#[22c]">&gt;&gt;</a>&nbsp;&nbsp;&nbsp;nrf_sdh_disable_request
</UL>

<P><STRONG><a name="[231]"></a>softdevices_evt_irq_enable</STRONG> (Thumb, 30 bytes, Stack size 16 bytes, nrf_sdh.o(i.softdevices_evt_irq_enable))
<BR><BR>[Stack]<UL><LI>Max Depth = 304<LI>Call Chain = softdevices_evt_irq_enable &rArr; app_error_handler_bare &rArr; app_error_fault_handler &rArr; nrf_log_frontend_std_0 &rArr; std_n &rArr; nrf_log_frontend_dequeue &rArr; nrf_memobj_put &rArr; nrf_memobj_free &rArr; nrf_balloc_free &rArr; app_util_critical_region_enter &rArr; sd_nvic_critical_region_enter
</UL>
<BR>[Calls]<UL><LI><a href="#[a2]">&gt;&gt;</a>&nbsp;&nbsp;&nbsp;app_error_handler_bare
<LI><a href="#[247]">&gt;&gt;</a>&nbsp;&nbsp;&nbsp;sd_nvic_EnableIRQ
</UL>
<BR>[Called By]<UL><LI><a href="#[169]">&gt;&gt;</a>&nbsp;&nbsp;&nbsp;nrf_sdh_enable_request
</UL>

<P><STRONG><a name="[230]"></a>swi_interrupt_priority_workaround</STRONG> (Thumb, 60 bytes, Stack size 16 bytes, nrf_sdh.o(i.swi_interrupt_priority_workaround))
<BR><BR>[Stack]<UL><LI>Max Depth = 304<LI>Call Chain = swi_interrupt_priority_workaround &rArr; app_error_handler_bare &rArr; app_error_fault_handler &rArr; nrf_log_frontend_std_0 &rArr; std_n &rArr; nrf_log_frontend_dequeue &rArr; nrf_memobj_put &rArr; nrf_memobj_free &rArr; nrf_balloc_free &rArr; app_util_critical_region_enter &rArr; sd_nvic_critical_region_enter
</UL>
<BR>[Calls]<UL><LI><a href="#[a2]">&gt;&gt;</a>&nbsp;&nbsp;&nbsp;app_error_handler_bare
<LI><a href="#[24a]">&gt;&gt;</a>&nbsp;&nbsp;&nbsp;sd_nvic_SetPriority
</UL>
<BR>[Called By]<UL><LI><a href="#[169]">&gt;&gt;</a>&nbsp;&nbsp;&nbsp;nrf_sdh_enable_request
</UL>

<P><STRONG><a name="[91]"></a>nrf_sdh_ble_evts_poll</STRONG> (Thumb, 94 bytes, Stack size 464 bytes, nrf_sdh_ble.o(i.nrf_sdh_ble_evts_poll))
<BR><BR>[Stack]<UL><LI>Max Depth = 752<LI>Call Chain = nrf_sdh_ble_evts_poll &rArr; app_error_handler_bare &rArr; app_error_fault_handler &rArr; nrf_log_frontend_std_0 &rArr; std_n &rArr; nrf_log_frontend_dequeue &rArr; nrf_memobj_put &rArr; nrf_memobj_free &rArr; nrf_balloc_free &rArr; app_util_critical_region_enter &rArr; sd_nvic_critical_region_enter
</UL>
<BR>[Calls]<UL><LI><a href="#[a2]">&gt;&gt;</a>&nbsp;&nbsp;&nbsp;app_error_handler_bare
<LI><a href="#[22b]">&gt;&gt;</a>&nbsp;&nbsp;&nbsp;nrf_section_iter_next
<LI><a href="#[22a]">&gt;&gt;</a>&nbsp;&nbsp;&nbsp;nrf_section_iter_init
</UL>
<BR>[Address Reference Count : 1]<UL><LI> nrf_sdh_ble.o(sdh_stack_observers0)
</UL>
<P><STRONG><a name="[229]"></a>ram_end_address_get</STRONG> (Thumb, 12 bytes, Stack size 0 bytes, nrf_sdh_ble.o(i.ram_end_address_get))
<BR><BR>[Called By]<UL><LI><a href="#[16b]">&gt;&gt;</a>&nbsp;&nbsp;&nbsp;nrf_sdh_ble_enable
</UL>

<P><STRONG><a name="[92]"></a>nrf_sdh_soc_evts_poll</STRONG> (Thumb, 80 bytes, Stack size 40 bytes, nrf_sdh_soc.o(i.nrf_sdh_soc_evts_poll))
<BR><BR>[Stack]<UL><LI>Max Depth = 328<LI>Call Chain = nrf_sdh_soc_evts_poll &rArr; app_error_handler_bare &rArr; app_error_fault_handler &rArr; nrf_log_frontend_std_0 &rArr; std_n &rArr; nrf_log_frontend_dequeue &rArr; nrf_memobj_put &rArr; nrf_memobj_free &rArr; nrf_balloc_free &rArr; app_util_critical_region_enter &rArr; sd_nvic_critical_region_enter
</UL>
<BR>[Calls]<UL><LI><a href="#[a2]">&gt;&gt;</a>&nbsp;&nbsp;&nbsp;app_error_handler_bare
<LI><a href="#[22b]">&gt;&gt;</a>&nbsp;&nbsp;&nbsp;nrf_section_iter_next
<LI><a href="#[22a]">&gt;&gt;</a>&nbsp;&nbsp;&nbsp;nrf_section_iter_init
</UL>
<BR>[Address Reference Count : 1]<UL><LI> nrf_sdh_soc.o(sdh_stack_observers0)
</UL>
<P><STRONG><a name="[196]"></a>dtm_cmd_put</STRONG> (Thumb, 42 bytes, Stack size 24 bytes, dtm_app.o(i.dtm_cmd_put))
<BR><BR>[Stack]<UL><LI>Max Depth = 72<LI>Call Chain = dtm_cmd_put &rArr; dtm_cmd &rArr; dtm_vendor_specific_pkt &rArr; dtm_set_timer
</UL>
<BR>[Calls]<UL><LI><a href="#[190]">&gt;&gt;</a>&nbsp;&nbsp;&nbsp;dtm_cmd
</UL>
<BR>[Called By]<UL><LI><a href="#[199]">&gt;&gt;</a>&nbsp;&nbsp;&nbsp;dtm_mode
</UL>

<P><STRONG><a name="[199]"></a>dtm_mode</STRONG> (Thumb, 194 bytes, Stack size 16 bytes, dtm_app.o(i.dtm_mode))
<BR><BR>[Stack]<UL><LI>Max Depth = 328<LI>Call Chain = dtm_mode &rArr; app_uart_get &rArr; app_error_handler_bare &rArr; app_error_fault_handler &rArr; nrf_log_frontend_std_0 &rArr; std_n &rArr; nrf_log_frontend_dequeue &rArr; nrf_memobj_put &rArr; nrf_memobj_free &rArr; nrf_balloc_free &rArr; app_util_critical_region_enter &rArr; sd_nvic_critical_region_enter
</UL>
<BR>[Calls]<UL><LI><a href="#[ad]">&gt;&gt;</a>&nbsp;&nbsp;&nbsp;app_uart_put
<LI><a href="#[115]">&gt;&gt;</a>&nbsp;&nbsp;&nbsp;app_uart_get
<LI><a href="#[a2]">&gt;&gt;</a>&nbsp;&nbsp;&nbsp;app_error_handler_bare
<LI><a href="#[19a]">&gt;&gt;</a>&nbsp;&nbsp;&nbsp;dtm_wait
<LI><a href="#[197]">&gt;&gt;</a>&nbsp;&nbsp;&nbsp;dtm_init
<LI><a href="#[19b]">&gt;&gt;</a>&nbsp;&nbsp;&nbsp;dtm_event_get
<LI><a href="#[196]">&gt;&gt;</a>&nbsp;&nbsp;&nbsp;dtm_cmd_put
</UL>
<BR>[Called By]<UL><LI><a href="#[19c]">&gt;&gt;</a>&nbsp;&nbsp;&nbsp;dtm_mode_check
</UL>

<P><STRONG><a name="[19d]"></a>dtm_uart_init</STRONG> (Thumb, 74 bytes, Stack size 56 bytes, dtm_app.o(i.dtm_uart_init))
<BR><BR>[Stack]<UL><LI>Max Depth = 344<LI>Call Chain = dtm_uart_init &rArr; app_error_handler_bare &rArr; app_error_fault_handler &rArr; nrf_log_frontend_std_0 &rArr; std_n &rArr; nrf_log_frontend_dequeue &rArr; nrf_memobj_put &rArr; nrf_memobj_free &rArr; nrf_balloc_free &rArr; app_util_critical_region_enter &rArr; sd_nvic_critical_region_enter
</UL>
<BR>[Calls]<UL><LI><a href="#[11a]">&gt;&gt;</a>&nbsp;&nbsp;&nbsp;app_uart_init
<LI><a href="#[a2]">&gt;&gt;</a>&nbsp;&nbsp;&nbsp;app_error_handler_bare
<LI><a href="#[ab]">&gt;&gt;</a>&nbsp;&nbsp;&nbsp;__aeabi_memcpy4
</UL>
<BR>[Called By]<UL><LI><a href="#[19c]">&gt;&gt;</a>&nbsp;&nbsp;&nbsp;dtm_mode_check
</UL>

<P><STRONG><a name="[d2]"></a>nrf_delay_ms</STRONG> (Thumb, 18 bytes, Stack size 8 bytes, dtm_app.o(i.nrf_delay_ms))
<BR><BR>[Stack]<UL><LI>Max Depth = 8<LI>Call Chain = nrf_delay_ms
</UL>
<BR>[Calls]<UL><LI><a href="#[1e8]">&gt;&gt;</a>&nbsp;&nbsp;&nbsp;nrf_delay_us
</UL>
<BR>[Called By]<UL><LI><a href="#[cf]">&gt;&gt;</a>&nbsp;&nbsp;&nbsp;PCBA_keyio_test
</UL>

<P><STRONG><a name="[1e8]"></a>nrf_delay_us</STRONG> (Thumb, 146 bytes, Stack size 0 bytes, dtm_app.o(i.nrf_delay_us))
<BR><BR>[Called By]<UL><LI><a href="#[d2]">&gt;&gt;</a>&nbsp;&nbsp;&nbsp;nrf_delay_ms
</UL>

<P><STRONG><a name="[209]"></a>nrf_gpio_cfg</STRONG> (Thumb, 40 bytes, Stack size 20 bytes, dtm_app.o(i.nrf_gpio_cfg))
<BR><BR>[Stack]<UL><LI>Max Depth = 20<LI>Call Chain = nrf_gpio_cfg
</UL>
<BR>[Called By]<UL><LI><a href="#[d0]">&gt;&gt;</a>&nbsp;&nbsp;&nbsp;nrf_gpio_cfg_output
<LI><a href="#[d1]">&gt;&gt;</a>&nbsp;&nbsp;&nbsp;nrf_gpio_cfg_input
</UL>

<P><STRONG><a name="[d1]"></a>nrf_gpio_cfg_input</STRONG> (Thumb, 26 bytes, Stack size 24 bytes, dtm_app.o(i.nrf_gpio_cfg_input))
<BR><BR>[Stack]<UL><LI>Max Depth = 44<LI>Call Chain = nrf_gpio_cfg_input &rArr; nrf_gpio_cfg
</UL>
<BR>[Calls]<UL><LI><a href="#[209]">&gt;&gt;</a>&nbsp;&nbsp;&nbsp;nrf_gpio_cfg
</UL>
<BR>[Called By]<UL><LI><a href="#[19c]">&gt;&gt;</a>&nbsp;&nbsp;&nbsp;dtm_mode_check
<LI><a href="#[cf]">&gt;&gt;</a>&nbsp;&nbsp;&nbsp;PCBA_keyio_test
</UL>

<P><STRONG><a name="[d0]"></a>nrf_gpio_cfg_output</STRONG> (Thumb, 24 bytes, Stack size 16 bytes, dtm_app.o(i.nrf_gpio_cfg_output))
<BR><BR>[Stack]<UL><LI>Max Depth = 36<LI>Call Chain = nrf_gpio_cfg_output &rArr; nrf_gpio_cfg
</UL>
<BR>[Calls]<UL><LI><a href="#[209]">&gt;&gt;</a>&nbsp;&nbsp;&nbsp;nrf_gpio_cfg
</UL>
<BR>[Called By]<UL><LI><a href="#[19c]">&gt;&gt;</a>&nbsp;&nbsp;&nbsp;dtm_mode_check
<LI><a href="#[cf]">&gt;&gt;</a>&nbsp;&nbsp;&nbsp;PCBA_keyio_test
</UL>

<P><STRONG><a name="[d3]"></a>nrf_gpio_pin_clear</STRONG> (Thumb, 22 bytes, Stack size 0 bytes, dtm_app.o(i.nrf_gpio_pin_clear))
<BR><BR>[Called By]<UL><LI><a href="#[19c]">&gt;&gt;</a>&nbsp;&nbsp;&nbsp;dtm_mode_check
<LI><a href="#[cf]">&gt;&gt;</a>&nbsp;&nbsp;&nbsp;PCBA_keyio_test
</UL>

<P><STRONG><a name="[d4]"></a>nrf_gpio_pin_read</STRONG> (Thumb, 24 bytes, Stack size 0 bytes, dtm_app.o(i.nrf_gpio_pin_read))
<BR><BR>[Called By]<UL><LI><a href="#[19c]">&gt;&gt;</a>&nbsp;&nbsp;&nbsp;dtm_mode_check
<LI><a href="#[cf]">&gt;&gt;</a>&nbsp;&nbsp;&nbsp;PCBA_keyio_test
</UL>

<P><STRONG><a name="[d5]"></a>nrf_gpio_pin_set</STRONG> (Thumb, 22 bytes, Stack size 0 bytes, dtm_app.o(i.nrf_gpio_pin_set))
<BR><BR>[Called By]<UL><LI><a href="#[19c]">&gt;&gt;</a>&nbsp;&nbsp;&nbsp;dtm_mode_check
<LI><a href="#[cf]">&gt;&gt;</a>&nbsp;&nbsp;&nbsp;PCBA_keyio_test
</UL>

<P><STRONG><a name="[1a4]"></a>NVIC_ClearPendingIRQ</STRONG> (Thumb, 18 bytes, Stack size 0 bytes, ble_dtm.o(i.NVIC_ClearPendingIRQ))
<BR><BR>[Called By]<UL><LI><a href="#[19a]">&gt;&gt;</a>&nbsp;&nbsp;&nbsp;dtm_wait
</UL>

<P><STRONG><a name="[181]"></a>check_pdu</STRONG> (Thumb, 134 bytes, Stack size 24 bytes, ble_dtm.o(i.check_pdu))
<BR><BR>[Stack]<UL><LI>Max Depth = 36<LI>Call Chain = check_pdu &rArr; memcmp
</UL>
<BR>[Calls]<UL><LI><a href="#[b6]">&gt;&gt;</a>&nbsp;&nbsp;&nbsp;memcmp
</UL>
<BR>[Called By]<UL><LI><a href="#[19a]">&gt;&gt;</a>&nbsp;&nbsp;&nbsp;dtm_wait
</UL>

<P><STRONG><a name="[195]"></a>dtm_packet_interval_calculate</STRONG> (Thumb, 68 bytes, Stack size 20 bytes, ble_dtm.o(i.dtm_packet_interval_calculate))
<BR><BR>[Stack]<UL><LI>Max Depth = 20<LI>Call Chain = dtm_packet_interval_calculate
</UL>
<BR>[Called By]<UL><LI><a href="#[190]">&gt;&gt;</a>&nbsp;&nbsp;&nbsp;dtm_cmd
</UL>

<P><STRONG><a name="[191]"></a>dtm_test_done</STRONG> (Thumb, 40 bytes, Stack size 8 bytes, ble_dtm.o(i.dtm_test_done))
<BR><BR>[Stack]<UL><LI>Max Depth = 8<LI>Call Chain = dtm_test_done
</UL>
<BR>[Calls]<UL><LI><a href="#[1a1]">&gt;&gt;</a>&nbsp;&nbsp;&nbsp;radio_reset
<LI><a href="#[1a0]">&gt;&gt;</a>&nbsp;&nbsp;&nbsp;dtm_turn_off_test
</UL>
<BR>[Called By]<UL><LI><a href="#[190]">&gt;&gt;</a>&nbsp;&nbsp;&nbsp;dtm_cmd
</UL>

<P><STRONG><a name="[194]"></a>dtm_vendor_specific_pkt</STRONG> (Thumb, 98 bytes, Stack size 16 bytes, ble_dtm.o(i.dtm_vendor_specific_pkt))
<BR><BR>[Stack]<UL><LI>Max Depth = 24<LI>Call Chain = dtm_vendor_specific_pkt &rArr; dtm_set_timer
</UL>
<BR>[Calls]<UL><LI><a href="#[1a3]">&gt;&gt;</a>&nbsp;&nbsp;&nbsp;dtm_set_txpower
<LI><a href="#[19e]">&gt;&gt;</a>&nbsp;&nbsp;&nbsp;dtm_set_timer
<LI><a href="#[193]">&gt;&gt;</a>&nbsp;&nbsp;&nbsp;radio_prepare
<LI><a href="#[1a2]">&gt;&gt;</a>&nbsp;&nbsp;&nbsp;dtm_constant_carrier
</UL>
<BR>[Called By]<UL><LI><a href="#[190]">&gt;&gt;</a>&nbsp;&nbsp;&nbsp;dtm_cmd
</UL>

<P><STRONG><a name="[192]"></a>radio_init</STRONG> (Thumb, 218 bytes, Stack size 8 bytes, ble_dtm.o(i.radio_init))
<BR><BR>[Stack]<UL><LI>Max Depth = 8<LI>Call Chain = radio_init
</UL>
<BR>[Calls]<UL><LI><a href="#[1a1]">&gt;&gt;</a>&nbsp;&nbsp;&nbsp;radio_reset
<LI><a href="#[241]">&gt;&gt;</a>&nbsp;&nbsp;&nbsp;dtm_radio_validate
</UL>
<BR>[Called By]<UL><LI><a href="#[197]">&gt;&gt;</a>&nbsp;&nbsp;&nbsp;dtm_init
<LI><a href="#[190]">&gt;&gt;</a>&nbsp;&nbsp;&nbsp;dtm_cmd
</UL>

<P><STRONG><a name="[193]"></a>radio_prepare</STRONG> (Thumb, 90 bytes, Stack size 8 bytes, ble_dtm.o(i.radio_prepare))
<BR><BR>[Stack]<UL><LI>Max Depth = 8<LI>Call Chain = radio_prepare
</UL>
<BR>[Calls]<UL><LI><a href="#[1a0]">&gt;&gt;</a>&nbsp;&nbsp;&nbsp;dtm_turn_off_test
</UL>
<BR>[Called By]<UL><LI><a href="#[194]">&gt;&gt;</a>&nbsp;&nbsp;&nbsp;dtm_vendor_specific_pkt
<LI><a href="#[190]">&gt;&gt;</a>&nbsp;&nbsp;&nbsp;dtm_cmd
</UL>

<P><STRONG><a name="[1a1]"></a>radio_reset</STRONG> (Thumb, 54 bytes, Stack size 0 bytes, ble_dtm.o(i.radio_reset))
<BR><BR>[Called By]<UL><LI><a href="#[192]">&gt;&gt;</a>&nbsp;&nbsp;&nbsp;radio_init
<LI><a href="#[191]">&gt;&gt;</a>&nbsp;&nbsp;&nbsp;dtm_test_done
</UL>

<P><STRONG><a name="[198]"></a>timer_init</STRONG> (Thumb, 152 bytes, Stack size 0 bytes, ble_dtm.o(i.timer_init))
<BR><BR>[Called By]<UL><LI><a href="#[197]">&gt;&gt;</a>&nbsp;&nbsp;&nbsp;dtm_init
</UL>

<P><STRONG><a name="[41]"></a>alert_timer_handler</STRONG> (Thumb, 12 bytes, Stack size 8 bytes, bsp.o(i.alert_timer_handler))
<BR><BR>[Stack]<UL><LI>Max Depth = 16<LI>Call Chain = alert_timer_handler &rArr; bsp_board_led_invert
</UL>
<BR>[Calls]<UL><LI><a href="#[fc]">&gt;&gt;</a>&nbsp;&nbsp;&nbsp;bsp_board_led_invert
</UL>
<BR>[Address Reference Count : 1]<UL><LI> bsp.o(i.bsp_init)
</UL>
<P><STRONG><a name="[83]"></a>bsp_button_event_handler</STRONG> (Thumb, 176 bytes, Stack size 24 bytes, bsp.o(i.bsp_button_event_handler))
<BR><BR>[Stack]<UL><LI>Max Depth = 112<LI>Call Chain = bsp_button_event_handler &rArr; app_timer_start &rArr; timer_start_op_schedule &rArr; app_util_critical_region_enter &rArr; sd_nvic_critical_region_enter
</UL>
<BR>[Calls]<UL><LI><a href="#[113]">&gt;&gt;</a>&nbsp;&nbsp;&nbsp;app_timer_stop
<LI><a href="#[dc]">&gt;&gt;</a>&nbsp;&nbsp;&nbsp;app_timer_start
<LI><a href="#[173]">&gt;&gt;</a>&nbsp;&nbsp;&nbsp;bsp_board_pin_to_button_idx
</UL>
<BR>[Called By]<UL><LI><a href="#[3f]">&gt;&gt;</a>&nbsp;&nbsp;&nbsp;button_timer_handler
</UL>
<BR>[Address Reference Count : 1]<UL><LI> bsp.o(.constdata)
</UL>
<P><STRONG><a name="[178]"></a>bsp_led_indication</STRONG> (Thumb, 872 bytes, Stack size 32 bytes, bsp.o(i.bsp_led_indication))
<BR><BR>[Stack]<UL><LI>Max Depth = 120<LI>Call Chain = bsp_led_indication &rArr; app_timer_start &rArr; timer_start_op_schedule &rArr; app_util_critical_region_enter &rArr; sd_nvic_critical_region_enter
</UL>
<BR>[Calls]<UL><LI><a href="#[113]">&gt;&gt;</a>&nbsp;&nbsp;&nbsp;app_timer_stop
<LI><a href="#[dc]">&gt;&gt;</a>&nbsp;&nbsp;&nbsp;app_timer_start
<LI><a href="#[99]">&gt;&gt;</a>&nbsp;&nbsp;&nbsp;__aeabi_uldivmod
<LI><a href="#[172]">&gt;&gt;</a>&nbsp;&nbsp;&nbsp;bsp_board_leds_on
<LI><a href="#[17a]">&gt;&gt;</a>&nbsp;&nbsp;&nbsp;bsp_board_led_state_get
<LI><a href="#[16e]">&gt;&gt;</a>&nbsp;&nbsp;&nbsp;bsp_board_led_on
<LI><a href="#[16c]">&gt;&gt;</a>&nbsp;&nbsp;&nbsp;bsp_board_led_off
<LI><a href="#[fc]">&gt;&gt;</a>&nbsp;&nbsp;&nbsp;bsp_board_led_invert
<LI><a href="#[179]">&gt;&gt;</a>&nbsp;&nbsp;&nbsp;leds_off
</UL>
<BR>[Called By]<UL><LI><a href="#[40]">&gt;&gt;</a>&nbsp;&nbsp;&nbsp;leds_timer_handler
</UL>

<P><STRONG><a name="[3f]"></a>button_timer_handler</STRONG> (Thumb, 14 bytes, Stack size 8 bytes, bsp.o(i.button_timer_handler))
<BR><BR>[Stack]<UL><LI>Max Depth = 120<LI>Call Chain = button_timer_handler &rArr; bsp_button_event_handler &rArr; app_timer_start &rArr; timer_start_op_schedule &rArr; app_util_critical_region_enter &rArr; sd_nvic_critical_region_enter
</UL>
<BR>[Calls]<UL><LI><a href="#[83]">&gt;&gt;</a>&nbsp;&nbsp;&nbsp;bsp_button_event_handler
</UL>
<BR>[Address Reference Count : 1]<UL><LI> bsp.o(i.bsp_init)
</UL>
<P><STRONG><a name="[179]"></a>leds_off</STRONG> (Thumb, 36 bytes, Stack size 8 bytes, bsp.o(i.leds_off))
<BR><BR>[Stack]<UL><LI>Max Depth = 32<LI>Call Chain = leds_off &rArr; bsp_board_leds_off &rArr; bsp_board_led_off &rArr; nrf_gpio_pin_write
</UL>
<BR>[Calls]<UL><LI><a href="#[171]">&gt;&gt;</a>&nbsp;&nbsp;&nbsp;bsp_board_leds_off
<LI><a href="#[16c]">&gt;&gt;</a>&nbsp;&nbsp;&nbsp;bsp_board_led_off
</UL>
<BR>[Called By]<UL><LI><a href="#[178]">&gt;&gt;</a>&nbsp;&nbsp;&nbsp;bsp_led_indication
</UL>

<P><STRONG><a name="[40]"></a>leds_timer_handler</STRONG> (Thumb, 24 bytes, Stack size 8 bytes, bsp.o(i.leds_timer_handler))
<BR><BR>[Stack]<UL><LI>Max Depth = 128<LI>Call Chain = leds_timer_handler &rArr; bsp_led_indication &rArr; app_timer_start &rArr; timer_start_op_schedule &rArr; app_util_critical_region_enter &rArr; sd_nvic_critical_region_enter
</UL>
<BR>[Calls]<UL><LI><a href="#[178]">&gt;&gt;</a>&nbsp;&nbsp;&nbsp;bsp_led_indication
</UL>
<BR>[Address Reference Count : 1]<UL><LI> bsp.o(i.bsp_init)
</UL>
<P><STRONG><a name="[88]"></a>ble_evt_handler</STRONG> (Thumb, 42 bytes, Stack size 0 bytes, bsp_btn_ble.o(i.ble_evt_handler))
<BR>[Address Reference Count : 1]<UL><LI> bsp_btn_ble.o(sdh_ble_observers1)
</UL>
<P><STRONG><a name="[170]"></a>nrf_gpio_cfg</STRONG> (Thumb, 40 bytes, Stack size 20 bytes, boards.o(i.nrf_gpio_cfg))
<BR><BR>[Stack]<UL><LI>Max Depth = 20<LI>Call Chain = nrf_gpio_cfg
</UL>
<BR>[Called By]<UL><LI><a href="#[16f]">&gt;&gt;</a>&nbsp;&nbsp;&nbsp;bsp_board_leds_init
</UL>

<P><STRONG><a name="[16d]"></a>nrf_gpio_pin_write</STRONG> (Thumb, 58 bytes, Stack size 8 bytes, boards.o(i.nrf_gpio_pin_write))
<BR><BR>[Stack]<UL><LI>Max Depth = 8<LI>Call Chain = nrf_gpio_pin_write
</UL>
<BR>[Called By]<UL><LI><a href="#[16e]">&gt;&gt;</a>&nbsp;&nbsp;&nbsp;bsp_board_led_on
<LI><a href="#[16c]">&gt;&gt;</a>&nbsp;&nbsp;&nbsp;bsp_board_led_off
</UL>

<P><STRONG><a name="[ef]"></a>errata_103</STRONG> (Thumb, 24 bytes, Stack size 0 bytes, system_nrf52810.o(i.errata_103))
<BR><BR>[Called By]<UL><LI><a href="#[37]">&gt;&gt;</a>&nbsp;&nbsp;&nbsp;SystemInit
</UL>

<P><STRONG><a name="[f0]"></a>errata_108</STRONG> (Thumb, 78 bytes, Stack size 0 bytes, system_nrf52810.o(i.errata_108))
<BR><BR>[Called By]<UL><LI><a href="#[37]">&gt;&gt;</a>&nbsp;&nbsp;&nbsp;SystemInit
</UL>

<P><STRONG><a name="[e7]"></a>errata_12</STRONG> (Thumb, 78 bytes, Stack size 0 bytes, system_nrf52810.o(i.errata_12))
<BR><BR>[Called By]<UL><LI><a href="#[37]">&gt;&gt;</a>&nbsp;&nbsp;&nbsp;SystemInit
</UL>

<P><STRONG><a name="[f1]"></a>errata_136</STRONG> (Thumb, 98 bytes, Stack size 0 bytes, system_nrf52810.o(i.errata_136))
<BR><BR>[Called By]<UL><LI><a href="#[37]">&gt;&gt;</a>&nbsp;&nbsp;&nbsp;SystemInit
</UL>

<P><STRONG><a name="[e8]"></a>errata_16</STRONG> (Thumb, 42 bytes, Stack size 0 bytes, system_nrf52810.o(i.errata_16))
<BR><BR>[Called By]<UL><LI><a href="#[37]">&gt;&gt;</a>&nbsp;&nbsp;&nbsp;SystemInit
</UL>

<P><STRONG><a name="[e9]"></a>errata_31</STRONG> (Thumb, 98 bytes, Stack size 0 bytes, system_nrf52810.o(i.errata_31))
<BR><BR>[Called By]<UL><LI><a href="#[37]">&gt;&gt;</a>&nbsp;&nbsp;&nbsp;SystemInit
</UL>

<P><STRONG><a name="[ea]"></a>errata_32</STRONG> (Thumb, 42 bytes, Stack size 0 bytes, system_nrf52810.o(i.errata_32))
<BR><BR>[Called By]<UL><LI><a href="#[37]">&gt;&gt;</a>&nbsp;&nbsp;&nbsp;SystemInit
</UL>

<P><STRONG><a name="[eb]"></a>errata_36</STRONG> (Thumb, 98 bytes, Stack size 0 bytes, system_nrf52810.o(i.errata_36))
<BR><BR>[Called By]<UL><LI><a href="#[37]">&gt;&gt;</a>&nbsp;&nbsp;&nbsp;SystemInit
</UL>

<P><STRONG><a name="[ec]"></a>errata_37</STRONG> (Thumb, 42 bytes, Stack size 0 bytes, system_nrf52810.o(i.errata_37))
<BR><BR>[Called By]<UL><LI><a href="#[37]">&gt;&gt;</a>&nbsp;&nbsp;&nbsp;SystemInit
</UL>

<P><STRONG><a name="[ed]"></a>errata_57</STRONG> (Thumb, 42 bytes, Stack size 0 bytes, system_nrf52810.o(i.errata_57))
<BR><BR>[Called By]<UL><LI><a href="#[37]">&gt;&gt;</a>&nbsp;&nbsp;&nbsp;SystemInit
</UL>

<P><STRONG><a name="[ee]"></a>errata_66</STRONG> (Thumb, 62 bytes, Stack size 0 bytes, system_nrf52810.o(i.errata_66))
<BR><BR>[Called By]<UL><LI><a href="#[37]">&gt;&gt;</a>&nbsp;&nbsp;&nbsp;SystemInit
</UL>

<P><STRONG><a name="[f6]"></a>_printf_core</STRONG> (Thumb, 658 bytes, Stack size 104 bytes, printf5.o(i._printf_core), UNUSED)
<BR><BR>[Calls]<UL><LI><a href="#[99]">&gt;&gt;</a>&nbsp;&nbsp;&nbsp;__aeabi_uldivmod
</UL>
<BR>[Called By]<UL><LI><a href="#[f5]">&gt;&gt;</a>&nbsp;&nbsp;&nbsp;__0printf$5
</UL>
<P>
<H3>
Undefined Global Symbols
</H3><HR></body></html>
